[amen.team/index.html]
[backblue.gif]
[fade.gif]
[index.html]
[amen.team/index.html]
[amen.team/css/app.bd0a4bb8.css]
[amen.team/js/app.f5280a06.js]
[amen.team/js/chunk-vendors.a28e3c04.js]
[amen.team/css/chunk-vendors.cb89112f.css]
[amen.team/modernizr-webp.js]
[amen.team/fonts/fontello.dc0a7508.ttf]
[amen.team/fonts/fontello.bc6964a6.eot]
[amen.team/img/checked-icon.710dfdb9.svg]
[amen.team/img/phantasma-grid.6cf83e4c.jpg]
[amen.team/img/fontello.02411366.svg]
[amen.team/img/nos-bg.e6f95585.webp]
[amen.team/img/nos-bg.1a51639a.jpg]
[amen.team/fonts/SFUIDisplay-Light.e8d9c479.eot]
[amen.team/fonts/SFUIDisplay-Light.e8d9c479d41d.eot]
[amen.team/fonts/SFUIDisplay-Light.fc3320a8.ttf]
[amen.team/fonts/SFUIDisplay-Regular.ee37db5b.eot]
[amen.team/img/SFUIDisplay-Light.382ad0fe.svg]
[amen.team/fonts/SFUIDisplay-Regular.ee37db5bd41d.eot]
[amen.team/fonts/SFUIDisplay-Regular.432aa884.ttf]
[amen.team/fonts/SFUIDisplay-Medium.b96d5a5f.eot]
[amen.team/img/SFUIDisplay-Regular.a33a82e1.svg]
[amen.team/fonts/SFUIDisplay-Medium.b96d5a5fd41d.eot]
[amen.team/fonts/SFUIDisplay-Medium.40370a7c.ttf]
[amen.team/fonts/SFUIDisplay-Semibold.30fb326a.eot]
[amen.team/img/SFUIDisplay-Medium.eeb49641.svg]
[amen.team/fonts/SFUIDisplay-Semibold.30fb326ad41d.eot]
[amen.team/fonts/SFUIDisplay-Semibold.610e95e2.ttf]
[amen.team/fonts/SFUIDisplay-Bold.781dbc85.eot]
[amen.team/img/SFUIDisplay-Semibold.6edf8efe.svg]
[amen.team/fonts/SFUIDisplay-Bold.781dbc85d41d.eot]
[amen.team/fonts/SFUIDisplay-Bold.8757032d.ttf]
[amen.team/fonts/SFUIDisplay-Heavy.b5e9f0cb.eot]
[amen.team/img/SFUIDisplay-Bold.d46bb18d.svg]
[amen.team/fonts/SFUIDisplay-Heavy.b5e9f0cbd41d.eot]
[amen.team/fonts/SFUIDisplay-Heavy.7d09850b.ttf]
[amen.team/fonts/fa-brands-400.753b0dd4.eot]
[amen.team/img/SFUIDisplay-Heavy.90475a06.svg]
[amen.team/fonts/fa-brands-400.753b0dd4d41d.eot]
[amen.team/fonts/fa-brands-400.65587aaa.ttf]
[amen.team/fonts/fa-duotone-900.8b099880.eot]
[amen.team/img/fa-brands-400.0a24206d.svg]
[amen.team/fonts/fa-duotone-900.8b099880d41d.eot]
[amen.team/fonts/fa-duotone-900.e5b95010.ttf]
[amen.team/fonts/fa-light-300.a3a9a33e.eot]
[amen.team/img/fa-duotone-900.851d017c.svg]
[amen.team/fonts/fa-light-300.a3a9a33ed41d.eot]
[amen.team/fonts/fa-light-300.c63d8a40.ttf]
[amen.team/fonts/fa-regular-400.e252d84a.eot]
[amen.team/img/fa-light-300.592c300b.svg]
[amen.team/fonts/fa-regular-400.e252d84ad41d.eot]
[amen.team/fonts/fa-regular-400.8f3751d0.ttf]
[amen.team/fonts/fa-solid-900.2d3f29a2.eot]
[amen.team/img/fa-regular-400.4eff65a7.svg]
[amen.team/fonts/fa-solid-900.2d3f29a2d41d.eot]
[amen.team/fonts/fa-solid-900.3afc73d7.ttf]
[amen.team/img/fa-solid-900.fb88a7e0.svg]
