[baillatstudio.com/en.html]
[backblue.gif]
[fade.gif]
[index.html]
[baillatstudio.com/fr.html]
[baillatstudio.com/uploads/metadata/images/share.png]
[baillatstudio.com/assets/images/favicons/apple-touch-icon.png]
[baillatstudio.com/assets/images/favicons/favicon-32x32.png]
[baillatstudio.com/assets/images/favicons/favicon-16x16.png]
[baillatstudio.com/assets/images/favicons/safari-pinned-tab.svg]
[baillatstudio.com/assets/styles/mainbba9.css]
[baillatstudio.com/assets/images/favicon.svg]
[baillatstudio.com/assets/images/sprite.svg]
[baillatstudio.com/en/identity.html]
[baillatstudio.com/uploads/project/Video_Intra/2019_09_04_Baillat7138-420x190.jpg]
[baillatstudio.com/en/experience.html]
[baillatstudio.com/uploads/project/XP_EXPERIENCE/02_SPECTACLESETSCENOS/HELENE_FISCHER/HF_Header-420x190.jpg]
[baillatstudio.com/uploads/project/06_PROJETS_SPECIAUX/BAILLAT_3ANS/BAILLAT3ANS_2.1-420x190.jpg]
[baillatstudio.com/en/about.html]
[baillatstudio.com/en/let-s-talk.html]
[baillatstudio.com/uploads/project/Accueil/LAMBORGHINI_Posts_BaillatSTudio-01A-2-420x190.jpg]
[baillatstudio.com/uploads/project/01_EDITION/JOHN_SMITH/JOHNSMITH_1-150x90.jpg]
[baillatstudio.com/uploads/project/Accueil/CutDown_Accueil_20211110_RB.mp4]
[baillatstudio.com/uploads/project/06_PROJETS_SPECIAUX/BAILLAT_3ANS/BAILLAT3ANS_2-150x90.jpg]
[baillatstudio.com/uploads/project/06_PROJETS_SPECIAUX/BAILLAT_3ANS/BAILLAT3ANS_2-1920x906.jpg]
[baillatstudio.com/uploads/project/XP_EXPERIENCE/02_SPECTACLESETSCENOS/HELENE_FISCHER/HF_Header-150x90.jpg]
[baillatstudio.com/uploads/project/XP_EXPERIENCE/02_SPECTACLESETSCENOS/HELENE_FISCHER/HF_Header-1920x906.jpg]
[baillatstudio.com/uploads/project/Video_Intra/2019_09_04_Baillat7138-150x90.jpg]
[baillatstudio.com/uploads/project/Video_Intra/2019_09_04_Baillat7138-1920x906.jpg]
[baillatstudio.com/en/project/age-of-union-art-book-amp-trade-book.html]
[baillatstudio.com/en/project/rdv-design-scenography.html]
[baillatstudio.com/en/project/aires-libres.html]
[baillatstudio.com/en/project/augusto-de-campos.html]
[baillatstudio.com/en/project/baillat-4-year-anniversary.html]
[baillatstudio.com/en/project/baillat-3-year-anniversary.html]
[baillatstudio.com/en/project/baillat-2-year-anniversary.html]
[baillatstudio.com/en/project/baillat-1-year-anniversary.html]
[baillatstudio.com/en/project/bian-2018.html]
[baillatstudio.com/en/project/bian-2016.html]
[baillatstudio.com/en/project/claste-catalogue.html]
[baillatstudio.com/en/project/dans-les-medias.html]
[baillatstudio.com/en/project/dubai-world-cup.html]
[baillatstudio.com/en/project/echoes-of-absence.html]
[baillatstudio.com/en/project/elektra-metamorphosis.html]
[baillatstudio.com/en/project/elektra-x-hyundai-metamorphosis-vol-2.html]
[baillatstudio.com/en/project/elektra-x-arsenal-metamorphosis.html]
[baillatstudio.com/en/project/elektra-2017.html]
[baillatstudio.com/en/project/elektra-2013.html]
[baillatstudio.com/en/project/felicity-hologramme.html]
[baillatstudio.com/en/project/festival-international-de-jazz-de-montreal-2021.html]
[baillatstudio.com/en/project/festival-international-de-jazz-de-montreal-2019.html]
[baillatstudio.com/en/project/fred-everything.html]
[baillatstudio.com/en/project/helene-fischer.html]
[baillatstudio.com/en/project/hologramme-alaska.html]
[baillatstudio.com/en/project/hologramme-preface.html]
[baillatstudio.com/en/project/john-smith.html]
[baillatstudio.com/en/project/kia.html]
[baillatstudio.com/en/project/la-semaine-du-japon-yatai.html]
[baillatstudio.com/en/project/laser-like-water.html]
[baillatstudio.com/en/project/latitude-nord.html]
[baillatstudio.com/en/project/les-clairs-obscurs.html]
[baillatstudio.com/en/project/locomotive-awwwards.html]
[baillatstudio.com/en/project/loop.html]
[baillatstudio.com/en/project/messi-10.html]
[baillatstudio.com/en/project/montreal-museum-of-fine-arts-installations.html]
[baillatstudio.com/en/project/moog-audio.html]
[baillatstudio.com/en/project/mutek-mx-2019.html]
[baillatstudio.com/en/project/mutek-mx-2018.html]
[baillatstudio.com/en/project/mutek-archives-2015-2017.html]
[baillatstudio.com/en/project/nik-mirus-a-to-b.html]
[baillatstudio.com/en/project/ocular-oscillation.html]
[baillatstudio.com/en/project/physical-display.html]
[baillatstudio.com/en/project/pichiavo-mural.html]
[baillatstudio.com/en/project/py1.html]
[baillatstudio.com/en/project/red-bull-music-festival-2018.html]
[baillatstudio.com/en/project/red-bull-music-academy-weekender-montreal-2017.html]
[baillatstudio.com/en/project/red-bull-music-academy-montreal-2016.html]
[baillatstudio.com/en/project/red-bull-radio-and-presents.html]
[baillatstudio.com/en/project/soubois-restaurant.html]
[baillatstudio.com/en/project/strbdsc-3200.html]
[baillatstudio.com/en/project/supercarre.html]
[baillatstudio.com/en/project/uefa-euro-2020-drawing-ceremony.html]
[baillatstudio.com/en/project/yatai-mtl-2020.html]
[baillatstudio.com/en/project/yatai-mtl-2019.html]
[baillatstudio.com/en/project/yatai-mtl-2018.html]
[baillatstudio.com/uploads/project/Video_Intra/CutDown_Sceno_20211003b_RB_COMPRESSED.mp4]
[baillatstudio.com/assets/scripts/vendorsbba9.js]
[baillatstudio.com/en.html]
[baillatstudio.com/assets/scripts/appbba9.js]
[baillatstudio.com/fr/identite.html]
[baillatstudio.com/fr/experience.html]
[baillatstudio.com/fr/a-propos.html]
[baillatstudio.com/fr/contact.html]
[baillatstudio.com/fr/projet/age-of-union-art-book-amp-trade-book.html]
[baillatstudio.com/fr/projet/rdv-design-scenographie.html]
[baillatstudio.com/fr/projet/aires-libres.html]
[baillatstudio.com/fr/projet/augusto-de-campos.html]
[baillatstudio.com/fr/projet/baillat-4-ans.html]
[baillatstudio.com/fr/projet/baillat-3-ans.html]
[baillatstudio.com/fr/projet/baillat-2-ans.html]
[baillatstudio.com/fr/projet/baillat-1-an.html]
[baillatstudio.com/fr/projet/bian-2018.html]
[baillatstudio.com/fr/projet/bian-2016.html]
[baillatstudio.com/fr/projet/claste-catalogue.html]
[baillatstudio.com/fr/projet/dans-les-medias.html]
[baillatstudio.com/fr/projet/dubai-coupe-du-monde.html]
[baillatstudio.com/fr/projet/echoes-of-absence.html]
[baillatstudio.com/fr/projet/elektra-metamorphosis.html]
[baillatstudio.com/fr/projet/elektra-x-hyundai-metamorphosis-vol-2.html]
[baillatstudio.com/fr/projet/elektra-x-arsenal-metamorphosis.html]
[baillatstudio.com/fr/projet/elektra-2017.html]
[baillatstudio.com/fr/projet/elektra-2013.html]
[baillatstudio.com/fr/projet/felicity-hologramme.html]
[baillatstudio.com/fr/projet/festival-international-de-jazz-de-montreal-2021.html]
[baillatstudio.com/fr/projet/festival-international-de-jazz-de-montreal-2019.html]
[baillatstudio.com/fr/projet/fred-everything.html]
[baillatstudio.com/fr/projet/helene-fischer.html]
[baillatstudio.com/fr/projet/hologramme-alaska.html]
[baillatstudio.com/fr/projet/hologramme-preface.html]
[baillatstudio.com/fr/projet/john-smith.html]
[baillatstudio.com/fr/projet/kia.html]
[baillatstudio.com/fr/projet/la-semaine-du-japon-yatai.html]
[baillatstudio.com/fr/projet/laser-like-water.html]
[baillatstudio.com/fr/projet/latitude-nord.html]
[baillatstudio.com/fr/projet/les-clairs-obscurs.html]
[baillatstudio.com/fr/projet/locomotive.html]
[baillatstudio.com/fr/projet/loop.html]
[baillatstudio.com/fr/projet/messi-10.html]
[baillatstudio.com/fr/projet/mbam-installations.html]
[baillatstudio.com/fr/projet/moog-audio.html]
[baillatstudio.com/fr/projet/mutek-mx-2019.html]
[baillatstudio.com/fr/projet/mutek-mx-2018.html]
[baillatstudio.com/fr/projet/mutek-archives-2015-2017.html]
[baillatstudio.com/fr/projet/nik-mirus-a-to-b.html]
[baillatstudio.com/fr/projet/ocular-oscillation.html]
[baillatstudio.com/fr/projet/physical-display.html]
[baillatstudio.com/fr/projet/pichiavo-mural.html]
[baillatstudio.com/fr/projet/py1.html]
[baillatstudio.com/fr/projet/red-bull-music-festival-2018.html]
[baillatstudio.com/fr/projet/red-bull-music-academy-weekender-montreal-2017.html]
[baillatstudio.com/fr/projet/red-bull-music-academy-montreal-2016.html]
[baillatstudio.com/fr/projet/red-bull-radio-et-presents.html]
[baillatstudio.com/fr/projet/soubois-restaurant.html]
[baillatstudio.com/fr/projet/strbdsc-3200.html]
[baillatstudio.com/fr/projet/supercarre.html]
[baillatstudio.com/fr/projet/uefa-euro-2020-ceremonie-tirage-au-sort.html]
[baillatstudio.com/fr/projet/yatai-mtl-2020.html]
[baillatstudio.com/fr/projet/yatai-mtl-2019.html]
[baillatstudio.com/fr.html]
[baillatstudio.com/site.html]
[baillatstudio.com/assets/images/favicons/safari-pinned-tab.svg]
[baillatstudio.com/fr/projet/yatai-mtl-2018.html]
[baillatstudio.com/assets/fonts/NeueMontreal-Regular.woff]
[baillatstudio.com/assets/fonts/NeueMontreal-Medium.woff]
[baillatstudio.com/assets/styles/mainbba9.css]
[baillatstudio.com/assets/fonts/BaillatStudio-Stencil.woff]
[baillatstudio.com/assets/images/favicons/site.html]
[baillatstudio.com/assets/images/favicon.svg]
[baillatstudio.com/assets/images/sprite.svg]
[baillatstudio.com/uploads/project/Video_Intra/CutDown_Identite_20211004_RB_COMPRESSED.mp4]
[baillatstudio.com/uploads/project/01_EDITION/AOU_ARTBOOK/00_AOU_Thumbnail-640x360.jpg]
[baillatstudio.com/uploads/project/03_CAMPAGNE/AIRELIBRES/AIRESLIBRES_00-640x360.png]
[baillatstudio.com/uploads/project/XP_EXPERIENCE/03_INSTALLATIONS/Augusto_De_Campos/87938a8171325.560b86e8e6d67-1-640x360.jpg]
[baillatstudio.com/uploads/project/06_PROJETS_SPECIAUX/BAILLAT_4ANS/2019_09_04_Baillat7138-640x360.jpg]
[baillatstudio.com/uploads/project/06_PROJETS_SPECIAUX/BAILLAT_3ANS/BAILLAT3ANS_2-640x360.jpg]
[baillatstudio.com/uploads/project/06_PROJETS_SPECIAUX/BAILLAT_2ANS/BAILLAT2ANS_06-640x360.jpg]
[baillatstudio.com/uploads/project/06_PROJETS_SPECIAUX/BAILLAT_1AN/BAILLAT1AN_9-640x360.jpg]
[baillatstudio.com/uploads/project/03_CAMPAGNE/BIAN_2018/HEADER_BIAN_2018-640x360.jpg]
[baillatstudio.com/uploads/project/03_CAMPAGNE/BIAN_2016/BIAN1-640x360.jpg]
[baillatstudio.com/uploads/project/01_EDITION/CLASTE/CLASTE_Header-640x360.jpg]
[baillatstudio.com/uploads/project/04_BRANDING/DLM/DLM_01-640x360.jpg]
[baillatstudio.com/uploads/project/03_CAMPAGNE/ELEKTRA_METAMORPHOSIS/Main-Brisee0-640x360.png]
[baillatstudio.com/uploads/project/03_CAMPAGNE/ELEKTRA_17/ELEKTRA_17_HEADER-640x360.jpg]
[baillatstudio.com/uploads/project/03_CAMPAGNE/Elektra_2013/Block1-640x360.jpg]
[baillatstudio.com/uploads/project/02_PACKAGING/HOLOGRAMME/HOLOGRAMME_1-640x360.jpg]
[baillatstudio.com/uploads/project/03_CAMPAGNE/FIJM_2021/18092021-GF_06566-640x360.jpg]
[baillatstudio.com/uploads/project/03_CAMPAGNE/FIJM/FIJM-23-640x360.png]
[baillatstudio.com/uploads/project/02_PACKAGING/FRED_EVERYTHING/download-640x360.jpg]
[baillatstudio.com/uploads/project/07_MOTION/ALASKA/Capture_d’ecran_le_2021-11-16_a_11.26.26-640x360.png]
[baillatstudio.com/uploads/project/07_MOTION/PREFACE/baillat_hologramme_mockup_4-1596034308B-640x360.jpg]
[baillatstudio.com/uploads/project/01_EDITION/JOHN_SMITH/JOHNSMITH_Thumbnail-640x360.jpg]
[baillatstudio.com/uploads/project/07_MOTION/KIA/Capture_d’écran_le_2021-08-09_à_16.17.38-640x360.png]
[baillatstudio.com/uploads/project/03_CAMPAGNE/YATAI_2021/SEMJAPON_Header-1-640x360.png]
[baillatstudio.com/uploads/project/04_BRANDING/LATITUDE_NORD/139797746_3767800676597160_7628101885410613867_n-640x360.jpg]
[baillatstudio.com/uploads/project/04_BRANDING/CLAIRS_OBSCURS/CO5_2-640x360.jpg]
[baillatstudio.com/uploads/project/07_MOTION/LOCOMOTIVE/LOCOMOTIVE_Header-640x360.png]
[baillatstudio.com/uploads/project/02_PACKAGING/LOOP/LOOP-header-640x360.jpg]
[baillatstudio.com/uploads/project/04_BRANDING/MOOG_AUDIO/MOOG_Card2-640x360.jpg]
[baillatstudio.com/uploads/project/01_EDITION/NIK_MIRUS/NikMirus4_300dpi-640x360.jpg]
[baillatstudio.com/uploads/project/01_EDITION/PHYSICAL_DISPLAY/PD_1-640x360.jpg]
[baillatstudio.com/uploads/project/03_CAMPAGNE/PY1/Header-640x360.png]
[baillatstudio.com/uploads/project/03_CAMPAGNE/RBMF_2018/4I0A3460-640x360.jpg]
[baillatstudio.com/uploads/project/03_CAMPAGNE/RMBA_Weekend/RBMAMTL-4533_Low-640x360.jpg]
[baillatstudio.com/uploads/project/03_CAMPAGNE/RBMA/RBMA_Header-640x360.png]
[baillatstudio.com/uploads/project/07_MOTION/Red_Bull_Radio/download-640x360.jpg]
[baillatstudio.com/uploads/project/04_BRANDING/SOUBOIS_RESTAURANT/SOUBOIS_Hero-640x360.jpg]
[baillatstudio.com/uploads/project/03_CAMPAGNE/YATAI_2020/YATAI2020_Hero-640x360.png]
[baillatstudio.com/uploads/project/03_CAMPAGNE/YATAI_2019/YATAI2019_Hero-640x360.jpg]
[baillatstudio.com/uploads/project/03_CAMPAGNE/YATAI_2018/Autopromo_Behance_Yatai_profilePicture-09-640x360.png]
[baillatstudio.com/en/identity.html]
[baillatstudio.com/uploads/project/XP_EXPERIENCE/03_INSTALLATIONS/RDV_Design/Sceno/IMG_4567_copie-640x360.jpg]
[baillatstudio.com/uploads/project/XP_EXPERIENCE/02_SPECTACLESETSCENOS/DWC/DWC_Header-640x360.png]
[baillatstudio.com/uploads/project/XP_EXPERIENCE/03_INSTALLATIONS/Echoes_of_Absence/Absence_of_echoes_01_Jose_Manuel_Espinola-640x360.jpg]
[baillatstudio.com/uploads/project/XP_EXPERIENCE/01_GALLERIESVIRTUELLES/SEOUL/SEOUL_14-640x360.png]
[baillatstudio.com/uploads/project/XP_EXPERIENCE/01_GALLERIESVIRTUELLES/ARSENAL/ARSENAL_01-640x360.png]
[baillatstudio.com/uploads/project/XP_EXPERIENCE/02_SPECTACLESETSCENOS/HELENE_FISCHER/HF_Header-640x360.jpg]
[baillatstudio.com/uploads/project/XP_EXPERIENCE/03_INSTALLATIONS/LaserLikeWater/LASER_WATER_GRID_RD_9179_3200-640x360.jpg]
[baillatstudio.com/uploads/project/XP_EXPERIENCE/02_SPECTACLESETSCENOS/MESSI10/MESSI10_VimeoThumbnail-640x360.png]
[baillatstudio.com/uploads/project/XP_EXPERIENCE/03_INSTALLATIONS/MBAM_Installations/download-640x360.jpg]
[baillatstudio.com/uploads/project/XP_EXPERIENCE/02_SPECTACLESETSCENOS/MUTEK/MUTEK_MX_-_2019_-_BAILLAT_STUDIO_15-640x360.jpg]
[baillatstudio.com/uploads/project/XP_EXPERIENCE/02_SPECTACLESETSCENOS/MUTEK_2018/MUTEK2018_Header-640x360.png]
[baillatstudio.com/uploads/project/XP_EXPERIENCE/02_SPECTACLESETSCENOS/MUTEK_2015-2017/2017/MUTEK2017_Header-640x360.png]
[baillatstudio.com/uploads/project/XP_EXPERIENCE/03_INSTALLATIONS/Ocular_Oscillation/download-9-640x360.jpg]
[baillatstudio.com/uploads/project/XP_EXPERIENCE/02_SPECTACLESETSCENOS/PICHIAVO/PICHIAVO_Header-640x360.png]
[baillatstudio.com/uploads/project/XP_EXPERIENCE/03_INSTALLATIONS/STRBDSC/2d2fed8670567.560c14b13afd3-640x360.jpg]
[baillatstudio.com/uploads/project/XP_EXPERIENCE/03_INSTALLATIONS/SuperCarre/Capture_d’écran_le_2021-06-14_à_14.27.44-640x360.png]
[baillatstudio.com/uploads/project/XP_EXPERIENCE/02_SPECTACLESETSCENOS/UEFA_EURO/7Doigts_UEFA_01-640x360.jpg]
[baillatstudio.com/en/experience.html]
[baillatstudio.com/assets/videos/B.mp4]
[baillatstudio.com/assets/videos/homebba9.mp4]
[baillatstudio.com/assets/videos/home-poster.png]
[baillatstudio.com/assets/videos/home8b7f.mp4]
[baillatstudio.com/uploads/project/Video_Intra/Baillat_Day2_Chimie_Boule_small-720x395.png]
[baillatstudio.com/assets/images/linear-h-displacement.jpg]
[baillatstudio.com/en/about.html]
[baillatstudio.com/en/let-s-talk.html]
[baillatstudio.com/assets/images/about-slider/01.jpg]
[baillatstudio.com/uploads/project/01_EDITION/AOU_ARTBOOK/00_AOU_Thumbnail.jpg]
[baillatstudio.com/uploads/project/01_EDITION/AOU_ARTBOOK/00_AOU_Thumbnail-1440x790.jpg]
[baillatstudio.com/uploads/project/01_EDITION/AOU_ARTBOOK/AOU_AB_03-846x560.jpg]
[baillatstudio.com/uploads/project/01_EDITION/AOU_ARTBOOK/AOU_AB_04-846x560.jpg]
[baillatstudio.com/uploads/project/01_EDITION/AOU_ARTBOOK/AOU_AB_5-846x560.jpg]
[baillatstudio.com/uploads/project/01_EDITION/AOU_ARTBOOK/AOU_AB_9-846x560.jpg]
[baillatstudio.com/uploads/project/01_EDITION/AOU_ARTBOOK/AOU_AB_10-846x560.jpg]
[baillatstudio.com/uploads/project/01_EDITION/AOU_ARTBOOK/AOU_AB_11-846x560.jpg]
[baillatstudio.com/uploads/project/01_EDITION/AOU_ARTBOOK/AOU_AB_12-846x560.jpg]
[baillatstudio.com/uploads/project/01_EDITION/AOU_TRADE_BOOK/AOU_Promo1-846x560.jpg]
[baillatstudio.com/uploads/project/01_EDITION/AOU_TRADE_BOOK/AOU_Promo3-846x560.jpg]
[baillatstudio.com/en/project/age-of-union-art-book-amp-trade-book.html]
[baillatstudio.com/uploads/project/01_EDITION/AOU_TRADE_BOOK/AOU_Promo2-846x560.jpg]
[baillatstudio.com/uploads/project/XP_EXPERIENCE/03_INSTALLATIONS/RDV_Design/Sceno/IMG_4567_copie.jpg]
[baillatstudio.com/uploads/project/XP_EXPERIENCE/03_INSTALLATIONS/RDV_Design/Sceno/IMG_4567_copie-1440x790.jpg]
[baillatstudio.com/uploads/project/XP_EXPERIENCE/03_INSTALLATIONS/RDV_Design/Capture_d’ecran_le_2021-12-16_a_13.14.41-1440x1072.png]
[baillatstudio.com/uploads/project/XP_EXPERIENCE/03_INSTALLATIONS/RDV_Design/RDV1-1440x1072.jpg]
[baillatstudio.com/uploads/project/XP_EXPERIENCE/03_INSTALLATIONS/RDV_Design/Plan_de_travail_4-846x560.png]
[baillatstudio.com/en/project/rdv-design-scenography.html]
[baillatstudio.com/uploads/project/XP_EXPERIENCE/03_INSTALLATIONS/RDV_Design/Plan_de_travail_6-846x560.png]
[baillatstudio.com/uploads/project/03_CAMPAGNE/AIRELIBRES/AIRESLIBRES_00.png]
[baillatstudio.com/uploads/project/03_CAMPAGNE/AIRELIBRES/AIRESLIBRES_00-1440x790.png]
[baillatstudio.com/uploads/project/03_CAMPAGNE/AIRELIBRES/AIRESLIBRES_Web5.gif]
[baillatstudio.com/uploads/project/03_CAMPAGNE/AIRELIBRES/AIRESLIBRES_Web6.gif]
[baillatstudio.com/en/project/aires-libres.html]
[baillatstudio.com/uploads/project/03_CAMPAGNE/AIRELIBRES/AIRESLIBRES_Web7.gif]
[baillatstudio.com/uploads/project/XP_EXPERIENCE/03_INSTALLATIONS/Augusto_De_Campos/87938a8171325.560b86e8e6d67-1.jpg]
[baillatstudio.com/uploads/project/XP_EXPERIENCE/03_INSTALLATIONS/Augusto_De_Campos/87938a8171325.560b86e8e6d67-1-1440x790.jpg]
[baillatstudio.com/uploads/project/XP_EXPERIENCE/03_INSTALLATIONS/Augusto_De_Campos/Carousel/Plan_de_travail_2-846x560.png]
[baillatstudio.com/uploads/project/XP_EXPERIENCE/03_INSTALLATIONS/Augusto_De_Campos/Carousel/Plan_de_travail_3-846x560.png]
[baillatstudio.com/en/project/augusto-de-campos.html]
[baillatstudio.com/uploads/project/XP_EXPERIENCE/03_INSTALLATIONS/Augusto_De_Campos/Carousel/Plan_de_travail_1-846x560.png]
[baillatstudio.com/uploads/project/06_PROJETS_SPECIAUX/BAILLAT_4ANS/2019_09_04_Baillat7138.jpg]
[baillatstudio.com/uploads/project/06_PROJETS_SPECIAUX/BAILLAT_4ANS/2019_09_04_Baillat7138-1440x790.jpg]
[baillatstudio.com/uploads/project/06_PROJETS_SPECIAUX/BAILLAT_4ANS/Baillat4ANS-16-846x560.png]
[baillatstudio.com/uploads/project/06_PROJETS_SPECIAUX/BAILLAT_4ANS/Baillat4ANS-17-846x560.png]
[baillatstudio.com/en/project/baillat-4-year-anniversary.html]
[baillatstudio.com/uploads/project/06_PROJETS_SPECIAUX/BAILLAT_4ANS/Baillat4ANS-18-846x560.png]
[baillatstudio.com/uploads/project/06_PROJETS_SPECIAUX/BAILLAT_3ANS/BAILLAT3ANS_2.jpg]
[baillatstudio.com/uploads/project/06_PROJETS_SPECIAUX/BAILLAT_3ANS/BAILLAT3ANS_2-1440x790.jpg]
[baillatstudio.com/uploads/project/06_PROJETS_SPECIAUX/BAILLAT_3ANS/BAILLAT3ANS_VimeoThumbnail-1440x1072.png]
[baillatstudio.com/uploads/project/06_PROJETS_SPECIAUX/BAILLAT_3ANS/Plan_de_travail_1-846x560.png]
[baillatstudio.com/en/project/baillat-3-year-anniversary.html]
[baillatstudio.com/uploads/project/06_PROJETS_SPECIAUX/BAILLAT_3ANS/Plan_de_travail_2-846x560.png]
[baillatstudio.com/uploads/project/06_PROJETS_SPECIAUX/BAILLAT_2ANS/BAILLAT2ANS_06.jpg]
[baillatstudio.com/en/project/baillat-2-year-anniversary.html]
[baillatstudio.com/uploads/project/06_PROJETS_SPECIAUX/BAILLAT_2ANS/BAILLAT2ANS_06-1440x790.jpg]
[baillatstudio.com/uploads/project/06_PROJETS_SPECIAUX/BAILLAT_1AN/BAILLAT1AN_9.jpg]
[baillatstudio.com/en/project/baillat-1-year-anniversary.html]
[baillatstudio.com/uploads/project/06_PROJETS_SPECIAUX/BAILLAT_1AN/BAILLAT1AN_9-1440x790.jpg]
[baillatstudio.com/uploads/project/03_CAMPAGNE/BIAN_2018/HEADER_BIAN_2018.jpg]
[baillatstudio.com/uploads/project/03_CAMPAGNE/BIAN_2018/HEADER_BIAN_2018-1440x790.jpg]
[baillatstudio.com/uploads/project/03_CAMPAGNE/BIAN_2018/Capture_d’ecran_le_2021-11-09_a_16.05.22-1440x1072.png]
[baillatstudio.com/uploads/project/03_CAMPAGNE/BIAN_2018/carou/Programme_straight1_copie-846x560.jpg]
[baillatstudio.com/uploads/project/03_CAMPAGNE/BIAN_2018/carou/Programme_straight2-846x560.jpg]
[baillatstudio.com/uploads/project/03_CAMPAGNE/BIAN_2018/carou/Programme_straight3-846x560.jpg]
[baillatstudio.com/uploads/project/03_CAMPAGNE/BIAN_2018/carou/Programme_straight4-846x560.jpg]
[baillatstudio.com/en/project/bian-2018.html]
[baillatstudio.com/uploads/project/03_CAMPAGNE/BIAN_2018/Programme_straight5-846x560.jpg]
[baillatstudio.com/uploads/project/03_CAMPAGNE/BIAN_2016/BIAN1.jpg]
[baillatstudio.com/uploads/project/03_CAMPAGNE/BIAN_2016/BIAN1-1440x790.jpg]
[baillatstudio.com/uploads/project/03_CAMPAGNE/BIAN_2016/Capture_d’ecran_le_2021-11-09_a_16.58.46-1440x1072.png]
[baillatstudio.com/uploads/project/03_CAMPAGNE/BIAN_2016/BIAN10-846x560.jpg]
[baillatstudio.com/uploads/project/03_CAMPAGNE/BIAN_2016/BIAN11-846x560.jpg]
[baillatstudio.com/uploads/project/03_CAMPAGNE/BIAN_2016/BIAN13-846x560.jpg]
[baillatstudio.com/uploads/project/03_CAMPAGNE/BIAN_2016/BIAN12-846x560.jpg]
[baillatstudio.com/en/project/bian-2016.html]
[baillatstudio.com/uploads/project/03_CAMPAGNE/BIAN_2016/BIAN15-846x560.jpg]
[baillatstudio.com/uploads/project/01_EDITION/CLASTE/CLASTE_Header.jpg]
[baillatstudio.com/uploads/project/01_EDITION/CLASTE/CLASTE_Header-1440x790.jpg]
[baillatstudio.com/uploads/project/01_EDITION/CLASTE/CAROUSEL_SPREADS/2021_03_25_CLASTExBaillat1332_FINAL-846x560.jpg]
[baillatstudio.com/uploads/project/01_EDITION/CLASTE/CAROUSEL_SPREADS/2021_03_25_CLASTExBaillat1333_FINAL-846x560.jpg]
[baillatstudio.com/uploads/project/01_EDITION/CLASTE/CAROUSEL_SPREADS/2021_03_25_CLASTExBaillat1337_FINAL-846x560.jpg]
[baillatstudio.com/uploads/project/01_EDITION/CLASTE/CAROUSEL_SPREADS/2021_03_25_CLASTExBaillat1338_FINAL-846x560.jpg]
[baillatstudio.com/uploads/project/01_EDITION/CLASTE/CAROUSEL_SPREADS/2021_03_25_CLASTExBaillat1339_FINAL-846x560.jpg]
[baillatstudio.com/uploads/project/01_EDITION/CLASTE/2021_03_25_CLASTExBaillat1341_FINAL-846x560.jpg]
[baillatstudio.com/uploads/project/01_EDITION/CLASTE/CAROUSEL_SPREADS/2021_03_25_CLASTExBaillat1342_FINAL-846x560.jpg]
[baillatstudio.com/uploads/project/01_EDITION/CLASTE/CAROUSEL_SPREADS/2021_03_25_CLASTExBaillat1345_FINAL-846x560.jpg]
[baillatstudio.com/uploads/project/01_EDITION/CLASTE/CAROUSEL_SPREADS/2021_03_25_CLASTExBaillat1347_FINAL-846x560.jpg]
[baillatstudio.com/uploads/project/01_EDITION/CLASTE/2021_03_25_CLASTExBaillat1352_FINAL-846x560.jpg]
[baillatstudio.com/uploads/project/01_EDITION/CLASTE/2021_03_25_CLASTExBaillat1353_FINAL-846x560.jpg]
[baillatstudio.com/uploads/project/01_EDITION/CLASTE/2021_03_25_CLASTExBaillat1354_FINAL-846x560.jpg]
[baillatstudio.com/en/project/claste-catalogue.html]
[baillatstudio.com/uploads/project/01_EDITION/CLASTE/2021_03_25_CLASTExBaillat1355_FINAL-846x560.jpg]
[baillatstudio.com/uploads/project/04_BRANDING/DLM/DLM_01.jpg]
[baillatstudio.com/uploads/project/04_BRANDING/DLM/DLM_01-1440x790.jpg]
[baillatstudio.com/uploads/project/04_BRANDING/DLM/DLM_VimeoThumbnail-1440x1072.png]
[baillatstudio.com/uploads/project/04_BRANDING/DLM/DLM_04-846x560.jpg]
[baillatstudio.com/uploads/project/04_BRANDING/DLM/DLM_13-846x560.jpg]
[baillatstudio.com/uploads/project/04_BRANDING/DLM/DLM_05-846x560.jpg]
[baillatstudio.com/uploads/project/04_BRANDING/DLM/DLM_15-846x560.jpg]
[baillatstudio.com/uploads/project/04_BRANDING/DLM/DLM_11-846x560.jpg]
[baillatstudio.com/uploads/project/04_BRANDING/DLM/DLM_10-846x560.jpg]
[baillatstudio.com/uploads/project/04_BRANDING/DLM/DLM_09-846x560.jpg]
[baillatstudio.com/en/project/dans-les-medias.html]
[baillatstudio.com/uploads/project/04_BRANDING/DLM/DLM_TextVisual-846x560.png]
[baillatstudio.com/uploads/project/XP_EXPERIENCE/02_SPECTACLESETSCENOS/DWC/DWC_Header.png]
[baillatstudio.com/uploads/project/XP_EXPERIENCE/02_SPECTACLESETSCENOS/DWC/DWC_Header-1440x790.png]
[baillatstudio.com/uploads/project/XP_EXPERIENCE/02_SPECTACLESETSCENOS/DWC/DWC_VimeoThumbnail_01-1440x1072.png]
[baillatstudio.com/uploads/project/XP_EXPERIENCE/02_SPECTACLESETSCENOS/DWC/DWC_VimeoThumbnail_02-1440x1072.png]
[baillatstudio.com/en/project/dubai-world-cup.html]
[baillatstudio.com/uploads/project/XP_EXPERIENCE/02_SPECTACLESETSCENOS/DWC/DWC_VimeoThumbnail_03-1440x1072.png]
[baillatstudio.com/uploads/project/XP_EXPERIENCE/03_INSTALLATIONS/Echoes_of_Absence/Absence_of_echoes_01_Jose_Manuel_Espinola.jpg]
[baillatstudio.com/uploads/project/XP_EXPERIENCE/03_INSTALLATIONS/Echoes_of_Absence/Absence_of_echoes_01_Jose_Manuel_Espinola-1440x790.jpg]
[baillatstudio.com/uploads/project/XP_EXPERIENCE/03_INSTALLATIONS/Echoes_of_Absence/Capture_d’écran_le_2021-06-11_à_11.06.54-1440x1072.png]
[baillatstudio.com/uploads/project/XP_EXPERIENCE/03_INSTALLATIONS/Echoes_of_Absence/Carrousel/Capture_d’écran_le_2021-06-11_à_11.54.48-1440x1072.png]
[baillatstudio.com/uploads/project/XP_EXPERIENCE/03_INSTALLATIONS/Echoes_of_Absence/Carrousel/Capture_d’écran_le_2021-06-11_à_11.00.10-846x560.png]
[baillatstudio.com/uploads/project/XP_EXPERIENCE/03_INSTALLATIONS/Echoes_of_Absence/Carrousel/Capture_d’écran_le_2021-06-11_à_11.03.09-846x560.png]
[baillatstudio.com/uploads/project/XP_EXPERIENCE/03_INSTALLATIONS/Echoes_of_Absence/Carrousel/Capture_d’écran_le_2021-06-11_à_11.07.36-846x560.png]
[baillatstudio.com/uploads/project/XP_EXPERIENCE/03_INSTALLATIONS/Echoes_of_Absence/Carrousel/Capture_d’écran_le_2021-06-11_à_11.07.17-846x560.png]
[baillatstudio.com/uploads/project/XP_EXPERIENCE/03_INSTALLATIONS/Echoes_of_Absence/Carrousel/Capture_d’écran_le_2021-06-11_à_11.04.32-846x560.png]
[baillatstudio.com/en/project/echoes-of-absence.html]
[baillatstudio.com/uploads/project/XP_EXPERIENCE/03_INSTALLATIONS/Echoes_of_Absence/Carrousel/Capture_d’écran_le_2021-06-11_à_11.05.44-846x560.png]
[baillatstudio.com/uploads/project/03_CAMPAGNE/ELEKTRA_METAMORPHOSIS/Main-Brisee0.png]
[baillatstudio.com/uploads/project/03_CAMPAGNE/ELEKTRA_METAMORPHOSIS/Main-Brisee0-1440x790.png]
[baillatstudio.com/uploads/project/XP_EXPERIENCE/01_GALLERIESVIRTUELLES/ARSENAL/GIF/Composition_1.gif]
[baillatstudio.com/uploads/project/XP_EXPERIENCE/01_GALLERIESVIRTUELLES/ARSENAL/GIF/Composition_2.gif]
[baillatstudio.com/uploads/project/XP_EXPERIENCE/01_GALLERIESVIRTUELLES/ARSENAL/GIF/Composition_3.gif]
[baillatstudio.com/uploads/project/XP_EXPERIENCE/01_GALLERIESVIRTUELLES/ARSENAL/GIF/Composition_4.gif]
[baillatstudio.com/uploads/project/03_CAMPAGNE/ELEKTRA_METAMORPHOSIS/TRAILER02_Thumbnail-1440x1072.png]
[baillatstudio.com/uploads/project/03_CAMPAGNE/ELEKTRA_METAMORPHOSIS/TRAILER01_Thumbnail-1440x1072.png]
[baillatstudio.com/uploads/project/03_CAMPAGNE/ELEKTRA_METAMORPHOSIS/Elektra_Program_4-846x560.png]
[baillatstudio.com/uploads/project/03_CAMPAGNE/ELEKTRA_METAMORPHOSIS/Elektra_Program_2-846x560.png]
[baillatstudio.com/uploads/project/03_CAMPAGNE/ELEKTRA_METAMORPHOSIS/Elektra_Program_3-846x560.png]
[baillatstudio.com/uploads/project/03_CAMPAGNE/ELEKTRA_METAMORPHOSIS/Elektra_Program_5-846x560.png]
[baillatstudio.com/uploads/project/03_CAMPAGNE/ELEKTRA_METAMORPHOSIS/CAROUSEL_ELEKTRA_WEB_01.gif]
[baillatstudio.com/uploads/project/03_CAMPAGNE/ELEKTRA_METAMORPHOSIS/CAROUSEL_ELEKTRA_WEB_02.gif]
[baillatstudio.com/uploads/project/03_CAMPAGNE/ELEKTRA_METAMORPHOSIS/CAROUSEL_ELEKTRA_WEB_03.gif]
[baillatstudio.com/uploads/project/03_CAMPAGNE/ELEKTRA_METAMORPHOSIS/TRAILER03_Thumbnail-1440x1072.png]
[baillatstudio.com/en/project/elektra-metamorphosis.html]
[baillatstudio.com/uploads/project/XP_EXPERIENCE/01_GALLERIESVIRTUELLES/SEOUL/SEOUL_14.png]
[baillatstudio.com/uploads/project/XP_EXPERIENCE/01_GALLERIESVIRTUELLES/SEOUL/SEOUL_14-1440x790.png]
[baillatstudio.com/uploads/project/XP_EXPERIENCE/01_GALLERIESVIRTUELLES/SEOUL/SEOUL_VimeoThumbnail-1440x1072.png]
[baillatstudio.com/uploads/project/XP_EXPERIENCE/01_GALLERIESVIRTUELLES/SEOUL/Gif/ELEKTRA_Metamorphosis_Seoul3_1.gif]
[baillatstudio.com/uploads/project/XP_EXPERIENCE/01_GALLERIESVIRTUELLES/SEOUL/SEOUL_07-846x560.png]
[baillatstudio.com/uploads/project/XP_EXPERIENCE/01_GALLERIESVIRTUELLES/SEOUL/SEOUL_08-846x560.png]
[baillatstudio.com/uploads/project/XP_EXPERIENCE/01_GALLERIESVIRTUELLES/SEOUL/SEOUL_09-846x560.png]
[baillatstudio.com/en/project/elektra-x-hyundai-metamorphosis-vol-2.html]
[baillatstudio.com/uploads/project/XP_EXPERIENCE/01_GALLERIESVIRTUELLES/SEOUL/SEOUL_10-846x560.png]
[baillatstudio.com/uploads/project/XP_EXPERIENCE/01_GALLERIESVIRTUELLES/ARSENAL/ARSENAL_01.png]
[baillatstudio.com/uploads/project/XP_EXPERIENCE/01_GALLERIESVIRTUELLES/ARSENAL/ARSENAL_01-1440x790.png]
[baillatstudio.com/uploads/project/XP_EXPERIENCE/01_GALLERIESVIRTUELLES/ARSENAL/Capture_d’écran_le_2021-06-09_à_16.47.21-1440x1072.png]
[baillatstudio.com/uploads/project/XP_EXPERIENCE/01_GALLERIESVIRTUELLES/ARSENAL/ARSENAL_02-846x560.png]
[baillatstudio.com/uploads/project/XP_EXPERIENCE/01_GALLERIESVIRTUELLES/ARSENAL/ARSENAL_10-846x560.png]
[baillatstudio.com/uploads/project/XP_EXPERIENCE/01_GALLERIESVIRTUELLES/ARSENAL/ARSENAL_04-846x560.png]
[baillatstudio.com/uploads/project/XP_EXPERIENCE/01_GALLERIESVIRTUELLES/ARSENAL/ARSENAL_05-846x560.png]
[baillatstudio.com/uploads/project/XP_EXPERIENCE/01_GALLERIESVIRTUELLES/ARSENAL/ARSENAL_06-846x560.png]
[baillatstudio.com/uploads/project/XP_EXPERIENCE/01_GALLERIESVIRTUELLES/ARSENAL/Plan/Arsenal0008-846x560.png]
[baillatstudio.com/uploads/project/XP_EXPERIENCE/01_GALLERIESVIRTUELLES/ARSENAL/Plan/Arsenal0007-846x560.png]
[baillatstudio.com/uploads/project/XP_EXPERIENCE/01_GALLERIESVIRTUELLES/ARSENAL/Plan/Arsenal0009-846x560.png]
[baillatstudio.com/uploads/project/XP_EXPERIENCE/01_GALLERIESVIRTUELLES/ARSENAL/Plan/Arsenal0002-846x560.png]
[baillatstudio.com/uploads/project/XP_EXPERIENCE/01_GALLERIESVIRTUELLES/ARSENAL/Plan/Arsenal0012-846x560.png]
[baillatstudio.com/uploads/project/XP_EXPERIENCE/01_GALLERIESVIRTUELLES/ARSENAL/Plan/Arsenal0011-846x560.png]
[baillatstudio.com/uploads/project/XP_EXPERIENCE/01_GALLERIESVIRTUELLES/ARSENAL/Plan/Arsenal0005-846x560.png]
[baillatstudio.com/en/project/elektra-x-arsenal-metamorphosis.html]
[baillatstudio.com/uploads/project/XP_EXPERIENCE/01_GALLERIESVIRTUELLES/ARSENAL/Plan_de_travail_1-1440x1072.png]
[baillatstudio.com/uploads/project/03_CAMPAGNE/ELEKTRA_17/ELEKTRA_17_HEADER.jpg]
[baillatstudio.com/uploads/project/03_CAMPAGNE/ELEKTRA_17/ELEKTRA_17_HEADER-1440x790.jpg]
[baillatstudio.com/uploads/project/03_CAMPAGNE/ELEKTRA_17/Video_Thumbnail-1440x1072.png]
[baillatstudio.com/uploads/project/03_CAMPAGNE/ELEKTRA_17/Carrousel/Plan_de_travail_2-846x560.png]
[baillatstudio.com/uploads/project/03_CAMPAGNE/ELEKTRA_17/Carrousel/Plan_de_travail_3-846x560.png]
[baillatstudio.com/uploads/project/03_CAMPAGNE/ELEKTRA_17/Carrousel/Plan_de_travail_4-846x560.png]
[baillatstudio.com/en/project/elektra-2017.html]
[baillatstudio.com/uploads/project/03_CAMPAGNE/ELEKTRA_17/Carrousel/Plan_de_travail_5-846x560.png]
[baillatstudio.com/uploads/project/03_CAMPAGNE/Elektra_2013/Block1.jpg]
[baillatstudio.com/uploads/project/03_CAMPAGNE/Elektra_2013/Block1-1440x790.jpg]
[baillatstudio.com/uploads/project/03_CAMPAGNE/Elektra_2013/VideoThumbnail-1440x1072.png]
[baillatstudio.com/uploads/project/03_CAMPAGNE/Elektra_2013/Carrousel_1Cover-846x560.jpg]
[baillatstudio.com/uploads/project/03_CAMPAGNE/Elektra_2013/Carrousel_2-846x560.jpg]
[baillatstudio.com/uploads/project/03_CAMPAGNE/Elektra_2013/Carrousel_3-846x560.jpg]
[baillatstudio.com/uploads/project/03_CAMPAGNE/Elektra_2013/download-13-846x560.jpg]
[baillatstudio.com/en/project/elektra-2013.html]
[baillatstudio.com/uploads/project/03_CAMPAGNE/Elektra_2013/Carrousel_1BackCover-846x560.jpg]
[baillatstudio.com/uploads/project/02_PACKAGING/HOLOGRAMME/HOLOGRAMME_1.jpg]
[baillatstudio.com/uploads/project/02_PACKAGING/HOLOGRAMME/HOLOGRAMME_1-1440x790.jpg]
[baillatstudio.com/uploads/project/02_PACKAGING/HOLOGRAMME/Carousel/Sources_07_00000-846x560.jpg]
[baillatstudio.com/uploads/project/02_PACKAGING/HOLOGRAMME/Carousel/Sources_02_00060-846x560.jpg]
[baillatstudio.com/uploads/project/02_PACKAGING/HOLOGRAMME/Carousel/Sources_22_v20190910a_OC_00000-846x560.jpg]
[baillatstudio.com/uploads/project/02_PACKAGING/HOLOGRAMME/Carousel/Sixteen_15s_v20190821d_OC_00003-846x560.jpg]
[baillatstudio.com/uploads/project/02_PACKAGING/HOLOGRAMME/Carousel/Loop_01_v20190910a_OC_00000-846x560.jpg]
[baillatstudio.com/uploads/project/02_PACKAGING/HOLOGRAMME/Carousel/Sources_03_00070-846x560.jpg]
[baillatstudio.com/uploads/project/02_PACKAGING/HOLOGRAMME/Carousel/hologramme_lancement_-37-846x560.jpg]
[baillatstudio.com/uploads/project/02_PACKAGING/HOLOGRAMME/Carousel/hologramme_lancement_-41-846x560.jpg]
[baillatstudio.com/uploads/project/02_PACKAGING/HOLOGRAMME/hologramme_lancement_-27-846x560.jpg]
[baillatstudio.com/uploads/project/02_PACKAGING/HOLOGRAMME/HOLOGRAMME_13-846x560.jpg]
[baillatstudio.com/en/project/felicity-hologramme.html]
[baillatstudio.com/uploads/project/02_PACKAGING/HOLOGRAMME/hologramme_lancement_-44-846x560.jpg]
[baillatstudio.com/uploads/project/03_CAMPAGNE/FIJM_2021/18092021-GF_06566.jpg]
[baillatstudio.com/uploads/project/03_CAMPAGNE/FIJM_2021/18092021-GF_06566-1440x790.jpg]
[baillatstudio.com/uploads/project/03_CAMPAGNE/FIJM_2021/Plan_de_travail_2-4-1440x1072.png]
[baillatstudio.com/uploads/project/03_CAMPAGNE/FIJM_2021/Carou/Plan_de_travail_6-846x560.png]
[baillatstudio.com/uploads/project/03_CAMPAGNE/FIJM_2021/Carou/Plan_de_travail_12-846x560.png]
[baillatstudio.com/uploads/project/03_CAMPAGNE/FIJM_2021/Carou/Plan_de_travail_13-846x560.png]
[baillatstudio.com/uploads/project/03_CAMPAGNE/FIJM_2021/Carou/Plan_de_travail_14-846x560.png]
[baillatstudio.com/uploads/project/03_CAMPAGNE/FIJM_2021/Carou/Plan_de_travail_15-846x560.png]
[baillatstudio.com/en/project/festival-international-de-jazz-de-montreal-2021.html]
[baillatstudio.com/uploads/project/03_CAMPAGNE/FIJM_2021/Carou/Plan_de_travail_16-846x560.png]
[baillatstudio.com/uploads/project/03_CAMPAGNE/FIJM/FIJM-23.png]
[baillatstudio.com/uploads/project/03_CAMPAGNE/FIJM/FIJM-23-1440x790.png]
[baillatstudio.com/uploads/project/03_CAMPAGNE/FIJM/FIJM_VimeoThumbnail-1440x1072.png]
[baillatstudio.com/uploads/project/03_CAMPAGNE/FIJM/GF_01575-846x560.jpg]
[baillatstudio.com/uploads/project/03_CAMPAGNE/FIJM/GF_01577-846x560.jpg]
[baillatstudio.com/uploads/project/03_CAMPAGNE/FIJM/GF_01576-846x560.jpg]
[baillatstudio.com/en/project/festival-international-de-jazz-de-montreal-2019.html]
[baillatstudio.com/uploads/project/03_CAMPAGNE/FIJM/GF_01600_2-846x560.jpg]
[baillatstudio.com/uploads/project/02_PACKAGING/FRED_EVERYTHING/download.jpg]
[baillatstudio.com/uploads/project/02_PACKAGING/FRED_EVERYTHING/download-1440x790.jpg]
[baillatstudio.com/uploads/project/02_PACKAGING/FRED_EVERYTHING/FRED_3-846x560.jpg]
[baillatstudio.com/uploads/project/02_PACKAGING/FRED_EVERYTHING/FRED_2-846x560.jpg]
[baillatstudio.com/uploads/project/02_PACKAGING/FRED_EVERYTHING/FRED_1-846x560.jpg]
[baillatstudio.com/uploads/project/02_PACKAGING/FRED_EVERYTHING/7b99ad82682551.5d2501b38af80.gif]
[baillatstudio.com/en/project/fred-everything.html]
[baillatstudio.com/uploads/project/02_PACKAGING/FRED_EVERYTHING/dde71382682551.5d2501b38b600.gif]
[baillatstudio.com/uploads/project/XP_EXPERIENCE/02_SPECTACLESETSCENOS/HELENE_FISCHER/HF_Header.jpg]
[baillatstudio.com/uploads/project/XP_EXPERIENCE/02_SPECTACLESETSCENOS/HELENE_FISCHER/HF_Header-1440x790.jpg]
[baillatstudio.com/uploads/project/XP_EXPERIENCE/02_SPECTACLESETSCENOS/HELENE_FISCHER/HF_VimeoThumbnail-1440x1072.jpg]
[baillatstudio.com/uploads/project/XP_EXPERIENCE/02_SPECTACLESETSCENOS/HELENE_FISCHER/HF_10-846x560.png]
[baillatstudio.com/uploads/project/XP_EXPERIENCE/02_SPECTACLESETSCENOS/HELENE_FISCHER/HF_8-846x560.png]
[baillatstudio.com/uploads/project/XP_EXPERIENCE/02_SPECTACLESETSCENOS/HELENE_FISCHER/HF_9-846x560.png]
[baillatstudio.com/uploads/project/XP_EXPERIENCE/02_SPECTACLESETSCENOS/HELENE_FISCHER/HF_11-846x560.png]
[baillatstudio.com/uploads/project/XP_EXPERIENCE/02_SPECTACLESETSCENOS/HELENE_FISCHER/HF_12-846x560.png]
[baillatstudio.com/uploads/project/XP_EXPERIENCE/02_SPECTACLESETSCENOS/HELENE_FISCHER/HF_13-846x560.png]
[baillatstudio.com/uploads/project/XP_EXPERIENCE/02_SPECTACLESETSCENOS/HELENE_FISCHER/HF_15-846x560.png]
[baillatstudio.com/uploads/project/XP_EXPERIENCE/02_SPECTACLESETSCENOS/HELENE_FISCHER/HF_5-846x560.png]
[baillatstudio.com/uploads/project/XP_EXPERIENCE/02_SPECTACLESETSCENOS/HELENE_FISCHER/HF_18-846x560.png]
[baillatstudio.com/uploads/project/XP_EXPERIENCE/02_SPECTACLESETSCENOS/HELENE_FISCHER/HF_3-846x560.png]
[baillatstudio.com/en/project/helene-fischer.html]
[baillatstudio.com/uploads/project/XP_EXPERIENCE/02_SPECTACLESETSCENOS/HELENE_FISCHER/IMG_2043_Baillat-846x560.jpg]
[baillatstudio.com/uploads/project/07_MOTION/ALASKA/Capture_d’ecran_le_2021-11-16_a_11.26.26.png]
[baillatstudio.com/uploads/project/07_MOTION/ALASKA/Capture_d’ecran_le_2021-11-16_a_11.26.26-1440x790.png]
[baillatstudio.com/uploads/project/07_MOTION/ALASKA/Capture_d’ecran_le_2021-11-16_a_11.36.51_1-1440x1072.png]
[baillatstudio.com/uploads/project/07_MOTION/ALASKA/CAROU/Capture_d’ecran_le_2021-11-16_a_11.35.48-846x560.png]
[baillatstudio.com/uploads/project/07_MOTION/ALASKA/CAROU/POST_ALASKA-06-846x560.png]
[baillatstudio.com/uploads/project/07_MOTION/ALASKA/CAROU/POST_ALASKA-06_copie-846x560.png]
[baillatstudio.com/en/project/hologramme-alaska.html]
[baillatstudio.com/uploads/project/07_MOTION/ALASKA/CAROU/POST_ALASKA-07-846x560.png]
[baillatstudio.com/uploads/project/07_MOTION/PREFACE/baillat_hologramme_mockup_4-1596034308B.jpg]
[baillatstudio.com/uploads/project/07_MOTION/PREFACE/baillat_hologramme_mockup_4-1596034308B-1440x790.jpg]
[baillatstudio.com/uploads/project/07_MOTION/PREFACE/Plan_de_travail_2-1440x1072.png]
[baillatstudio.com/uploads/project/07_MOTION/PREFACE/Plan_de_travail_3-846x560.png]
[baillatstudio.com/uploads/project/07_MOTION/PREFACE/Plan_de_travail_5-846x560.png]
[baillatstudio.com/en/project/hologramme-preface.html]
[baillatstudio.com/uploads/project/07_MOTION/PREFACE/Plan_de_travail_4-846x560.png]
[baillatstudio.com/uploads/project/01_EDITION/JOHN_SMITH/JOHNSMITH_Thumbnail.jpg]
[baillatstudio.com/uploads/project/01_EDITION/JOHN_SMITH/JOHNSMITH_Thumbnail-1440x790.jpg]
[baillatstudio.com/uploads/project/01_EDITION/JOHN_SMITH/Carousel/2019_01_31_Baillat0143-846x560.jpg]
[baillatstudio.com/uploads/project/01_EDITION/JOHN_SMITH/Carousel/2019_01_31_Baillat0145-846x560.jpg]
[baillatstudio.com/uploads/project/01_EDITION/JOHN_SMITH/Carousel/2019_01_31_Baillat0141-846x560.jpg]
[baillatstudio.com/en/project/john-smith.html]
[baillatstudio.com/uploads/project/01_EDITION/JOHN_SMITH/Carousel/2019_01_31_Baillat0137-846x560.jpg]
[baillatstudio.com/uploads/project/07_MOTION/KIA/Capture_d’écran_le_2021-08-09_à_16.17.38.png]
[baillatstudio.com/uploads/project/07_MOTION/KIA/Capture_d’écran_le_2021-08-09_à_16.17.38-1440x790.png]
[baillatstudio.com/uploads/project/07_MOTION/KIA/VIMEO_Thumbnail-1440x1072.png]
[baillatstudio.com/uploads/project/07_MOTION/KIA/GIF/KIASORENTO_02.gif]
[baillatstudio.com/uploads/project/07_MOTION/KIA/GIF/KIASORENTO_03.gif]
[baillatstudio.com/en/project/kia.html]
[baillatstudio.com/uploads/project/07_MOTION/KIA/GIF/KIASORENTO_04.gif]
[baillatstudio.com/uploads/project/03_CAMPAGNE/YATAI_2021/SEMJAPON_Header-1.png]
[baillatstudio.com/uploads/project/03_CAMPAGNE/YATAI_2021/SEMJAPON_Header-1-1440x790.png]
[baillatstudio.com/uploads/project/03_CAMPAGNE/YATAI_2021/ajustement7-846x560.png]
[baillatstudio.com/en/project/la-semaine-du-japon-yatai.html]
[baillatstudio.com/uploads/project/03_CAMPAGNE/YATAI_2021/Plan_de_travail_12-846x560.png]
[baillatstudio.com/uploads/project/XP_EXPERIENCE/03_INSTALLATIONS/LaserLikeWater/LASER_WATER_GRID_RD_9179_3200.jpg]
[baillatstudio.com/uploads/project/XP_EXPERIENCE/03_INSTALLATIONS/LaserLikeWater/LASER_WATER_GRID_RD_9179_3200-1440x790.jpg]
[baillatstudio.com/uploads/project/XP_EXPERIENCE/03_INSTALLATIONS/LaserLikeWater/Capture_d’écran_le_2021-06-11_à_13.11.33-1440x1072.png]
[baillatstudio.com/uploads/project/XP_EXPERIENCE/03_INSTALLATIONS/LaserLikeWater/Plan_de_travail_2-846x560.png]
[baillatstudio.com/uploads/project/XP_EXPERIENCE/03_INSTALLATIONS/LaserLikeWater/Plan_de_travail_12-846x560.png]
[baillatstudio.com/uploads/project/XP_EXPERIENCE/03_INSTALLATIONS/LaserLikeWater/RESULT-846x560.jpg]
[baillatstudio.com/uploads/project/XP_EXPERIENCE/03_INSTALLATIONS/LaserLikeWater/MTL_3-846x560.jpg]
[baillatstudio.com/uploads/project/XP_EXPERIENCE/03_INSTALLATIONS/LaserLikeWater/DSC_3390_copie-846x560.jpg]
[baillatstudio.com/uploads/project/XP_EXPERIENCE/03_INSTALLATIONS/LaserLikeWater/DSC_3401-846x560.jpg]
[baillatstudio.com/en/project/laser-like-water.html]
[baillatstudio.com/uploads/project/XP_EXPERIENCE/03_INSTALLATIONS/LaserLikeWater/Capture_d’écran_le_2021-06-11_à_13.35.26-1440x1072.png]
[baillatstudio.com/uploads/project/04_BRANDING/LATITUDE_NORD/139797746_3767800676597160_7628101885410613867_n.jpg]
[baillatstudio.com/uploads/project/04_BRANDING/LATITUDE_NORD/139797746_3767800676597160_7628101885410613867_n-1440x790.jpg]
[baillatstudio.com/uploads/project/04_BRANDING/LATITUDE_NORD/140968598_3767799953263899_5099841704376931900_n-846x560.jpg]
[baillatstudio.com/uploads/project/04_BRANDING/LATITUDE_NORD/GF_05901-HDR-Modifier-846x560.jpg]
[baillatstudio.com/en/project/latitude-nord.html]
[baillatstudio.com/uploads/project/04_BRANDING/LATITUDE_NORD/141599916_3767800603263834_1349142215921684923_n-846x560.jpg]
[baillatstudio.com/uploads/project/04_BRANDING/CLAIRS_OBSCURS/CO5_2.jpg]
[baillatstudio.com/en/project/les-clairs-obscurs.html]
[baillatstudio.com/uploads/project/04_BRANDING/CLAIRS_OBSCURS/CO5_2-1440x790.jpg]
[baillatstudio.com/uploads/project/07_MOTION/LOCOMOTIVE/LOCOMOTIVE_Header.png]
[baillatstudio.com/uploads/project/07_MOTION/LOCOMOTIVE/LOCOMOTIVE_Header-1440x790.png]
[baillatstudio.com/en/project/locomotive-awwwards.html]
[baillatstudio.com/uploads/project/07_MOTION/KIA/Capture_d’écran_le_2021-06-04_à_15.09.52-1440x1072.png]
[baillatstudio.com/uploads/project/02_PACKAGING/LOOP/LOOP-header.jpg]
[baillatstudio.com/uploads/project/02_PACKAGING/LOOP/LOOP-header-1440x790.jpg]
[baillatstudio.com/uploads/project/02_PACKAGING/LOOP/BaillatSite_HeroImage_Template12-846x560.jpg]
[baillatstudio.com/uploads/project/02_PACKAGING/LOOP/LOOP-3-846x560.jpg]
[baillatstudio.com/uploads/project/02_PACKAGING/LOOP/LOOP_3-846x560.jpg]
[baillatstudio.com/uploads/project/02_PACKAGING/LOOP/LOOP_5-846x560.jpg]
[baillatstudio.com/en/project/loop.html]
[baillatstudio.com/uploads/project/02_PACKAGING/LOOP/LOOP_4-846x560.jpg]
[baillatstudio.com/uploads/project/XP_EXPERIENCE/02_SPECTACLESETSCENOS/MESSI10/MESSI10_VimeoThumbnail.png]
[baillatstudio.com/uploads/project/XP_EXPERIENCE/02_SPECTACLESETSCENOS/MESSI10/MESSI10_VimeoThumbnail-1440x790.png]
[baillatstudio.com/uploads/project/XP_EXPERIENCE/02_SPECTACLESETSCENOS/MESSI10/Capture_d’écran_le_2021-07-08_à_22.18.24-1440x1072.png]
[baillatstudio.com/uploads/project/XP_EXPERIENCE/02_SPECTACLESETSCENOS/MESSI10/IMG_6501-846x560.jpg]
[baillatstudio.com/uploads/project/XP_EXPERIENCE/02_SPECTACLESETSCENOS/MESSI10/IMG_5807-846x560.jpg]
[baillatstudio.com/uploads/project/XP_EXPERIENCE/02_SPECTACLESETSCENOS/MESSI10/MESSI10_01-846x560.jpg]
[baillatstudio.com/uploads/project/XP_EXPERIENCE/02_SPECTACLESETSCENOS/MESSI10/MESSI10_10-846x560.jpg]
[baillatstudio.com/uploads/project/XP_EXPERIENCE/02_SPECTACLESETSCENOS/MESSI10/MESSI10_06-846x560.jpg]
[baillatstudio.com/uploads/project/XP_EXPERIENCE/02_SPECTACLESETSCENOS/MESSI10/MESSI10_08-846x560.jpg]
[baillatstudio.com/uploads/project/XP_EXPERIENCE/02_SPECTACLESETSCENOS/MESSI10/MESSI10_05-846x560.jpg]
[baillatstudio.com/uploads/project/XP_EXPERIENCE/02_SPECTACLESETSCENOS/MESSI10/MESSI10_18-846x560.jpg]
[baillatstudio.com/uploads/project/XP_EXPERIENCE/02_SPECTACLESETSCENOS/MESSI10/Promo1920x1080_Getafe_Main_00325-1440x1072.png]
[baillatstudio.com/uploads/project/XP_EXPERIENCE/02_SPECTACLESETSCENOS/MESSI10/IMG_3399-1440x1072.jpg]
[baillatstudio.com/uploads/project/XP_EXPERIENCE/02_SPECTACLESETSCENOS/MESSI10/Vidéo_Thumbnail-1440x1072.png]
[baillatstudio.com/uploads/project/XP_EXPERIENCE/02_SPECTACLESETSCENOS/MESSI10/Ten-Flag-Crest-4-846x560.jpg]
[baillatstudio.com/uploads/project/XP_EXPERIENCE/02_SPECTACLESETSCENOS/MESSI10/Ten-Flag-Crest-5-846x560.jpg]
[baillatstudio.com/en/project/messi-10.html]
[baillatstudio.com/uploads/project/XP_EXPERIENCE/02_SPECTACLESETSCENOS/MESSI10/Ten-Flag-Crest-11-846x560.jpg]
[baillatstudio.com/uploads/project/XP_EXPERIENCE/03_INSTALLATIONS/MBAM_Installations/download.jpg]
[baillatstudio.com/uploads/project/XP_EXPERIENCE/03_INSTALLATIONS/MBAM_Installations/download-1440x790.jpg]
[baillatstudio.com/uploads/project/XP_EXPERIENCE/03_INSTALLATIONS/MBAM_Installations/IMG_5001-1440x1072.jpg]
[baillatstudio.com/uploads/project/XP_EXPERIENCE/03_INSTALLATIONS/MBAM_Installations/IMG_5243-846x560.jpg]
[baillatstudio.com/uploads/project/XP_EXPERIENCE/03_INSTALLATIONS/MBAM_Installations/IMG_5178-846x560.jpg]
[baillatstudio.com/en/project/montreal-museum-of-fine-arts-installations.html]
[baillatstudio.com/uploads/project/XP_EXPERIENCE/03_INSTALLATIONS/LoveIs/IMG_6577-1440x1072.jpg]
[baillatstudio.com/uploads/project/04_BRANDING/MOOG_AUDIO/MOOG_Card2.jpg]
[baillatstudio.com/uploads/project/04_BRANDING/MOOG_AUDIO/MOOG_Card2-1440x790.jpg]
[baillatstudio.com/uploads/project/04_BRANDING/MOOG_AUDIO/2b7d8f82682589.5d77faae133b2-846x560.jpg]
[baillatstudio.com/uploads/project/04_BRANDING/MOOG_AUDIO/1133f682682589.5d85248fa455c-846x560.jpg]
[baillatstudio.com/uploads/project/04_BRANDING/MOOG_AUDIO/MOOG_6-846x560.jpg]
[baillatstudio.com/en/project/moog-audio.html]
[baillatstudio.com/uploads/project/04_BRANDING/MOOG_AUDIO/16519c82682589.5d85248fa4c5f-846x560.jpg]
[baillatstudio.com/uploads/project/XP_EXPERIENCE/02_SPECTACLESETSCENOS/MUTEK/MUTEK_MX_-_2019_-_BAILLAT_STUDIO_15.jpg]
[baillatstudio.com/uploads/project/XP_EXPERIENCE/02_SPECTACLESETSCENOS/MUTEK/MUTEK_MX_-_2019_-_BAILLAT_STUDIO_15-1440x790.jpg]
[baillatstudio.com/uploads/project/XP_EXPERIENCE/02_SPECTACLESETSCENOS/MUTEK/IMG_0349-1440x1072.jpg]
[baillatstudio.com/en/project/mutek-mx-2019.html]
[baillatstudio.com/uploads/project/XP_EXPERIENCE/02_SPECTACLESETSCENOS/MUTEK/MUTEKMX-2019-10-1440x1072.png]
[baillatstudio.com/uploads/project/XP_EXPERIENCE/02_SPECTACLESETSCENOS/MUTEK_2018/MUTEK2018_Header.png]
[baillatstudio.com/uploads/project/XP_EXPERIENCE/02_SPECTACLESETSCENOS/MUTEK_2018/MUTEK2018_Header-1440x790.png]
[baillatstudio.com/uploads/project/XP_EXPERIENCE/02_SPECTACLESETSCENOS/MUTEK_2018/MUTEK2018_VimeoThumbnail_03-1440x1072.png]
[baillatstudio.com/uploads/project/XP_EXPERIENCE/02_SPECTACLESETSCENOS/MUTEK_2018/roll2-846x560.jpg]
[baillatstudio.com/uploads/project/XP_EXPERIENCE/02_SPECTACLESETSCENOS/MUTEK_2018/MUTEK2018_05-846x560.png]
[baillatstudio.com/uploads/project/XP_EXPERIENCE/02_SPECTACLESETSCENOS/MUTEK_2018/MUTEK2018_06-846x560.png]
[baillatstudio.com/uploads/project/XP_EXPERIENCE/02_SPECTACLESETSCENOS/MUTEK_2018/MUTEK2018_07-846x560.png]
[baillatstudio.com/uploads/project/XP_EXPERIENCE/02_SPECTACLESETSCENOS/MUTEK_2018/roll-846x560.jpg]
[baillatstudio.com/uploads/project/XP_EXPERIENCE/02_SPECTACLESETSCENOS/MUTEK_2018/MUTEK2018_04-846x560.png]
[baillatstudio.com/uploads/project/XP_EXPERIENCE/02_SPECTACLESETSCENOS/MUTEK_2018/MUTEK2018_VimeoThumbnail_02-1440x1072.jpg]
[baillatstudio.com/en/project/mutek-mx-2018.html]
[baillatstudio.com/uploads/project/XP_EXPERIENCE/02_SPECTACLESETSCENOS/MUTEK_2018/MUTEK2018_VimeoThumbnail_01-1440x1072.jpg]
[baillatstudio.com/uploads/project/XP_EXPERIENCE/02_SPECTACLESETSCENOS/MUTEK_2015-2017/2017/MUTEK2017_Header.png]
[baillatstudio.com/uploads/project/XP_EXPERIENCE/02_SPECTACLESETSCENOS/MUTEK_2015-2017/2017/MUTEK2017_Header-1440x790.png]
[baillatstudio.com/uploads/project/XP_EXPERIENCE/02_SPECTACLESETSCENOS/MUTEK_2015-2017/2017/MUTEK2017_03-846x560.png]
[baillatstudio.com/uploads/project/XP_EXPERIENCE/02_SPECTACLESETSCENOS/MUTEK_2015-2017/2017/MUTEK2017_01-846x560.png]
[baillatstudio.com/uploads/project/XP_EXPERIENCE/02_SPECTACLESETSCENOS/MUTEK_2015-2017/2017/MUTEK2017_02-846x560.png]
[baillatstudio.com/uploads/project/XP_EXPERIENCE/02_SPECTACLESETSCENOS/MUTEK_2015-2017/2017/MUTEK2017_04-846x560.png]
[baillatstudio.com/uploads/project/XP_EXPERIENCE/02_SPECTACLESETSCENOS/MUTEK_2015-2017/2017/MUTEK2017_07-846x560.png]
[baillatstudio.com/uploads/project/XP_EXPERIENCE/02_SPECTACLESETSCENOS/MUTEK_2015-2017/2017/MUTEK2017_06-846x560.png]
[baillatstudio.com/uploads/project/XP_EXPERIENCE/02_SPECTACLESETSCENOS/MUTEK_2015-2017/2015/Capture_d’écran_le_2021-08-10_à_20.14.07-1440x1072.png]
[baillatstudio.com/uploads/project/XP_EXPERIENCE/02_SPECTACLESETSCENOS/MUTEK_2015-2017/2016/ezgif.com-gif-maker-1440x1072.jpg]
[baillatstudio.com/uploads/project/XP_EXPERIENCE/02_SPECTACLESETSCENOS/MUTEK_2015-2017/2016/MUTEK2016_04-1440x1072.png]
[baillatstudio.com/uploads/project/XP_EXPERIENCE/02_SPECTACLESETSCENOS/MUTEK_2015-2017/2015/Capture_d’écran_le_2021-08-10_à_20.09.57-1440x1072.png]
[baillatstudio.com/en/project/mutek-archives-2015-2017.html]
[baillatstudio.com/uploads/project/XP_EXPERIENCE/02_SPECTACLESETSCENOS/MUTEK_2015-2017/2015/MUTEK2015_VimeoThumbnail-1440x1072.png]
[baillatstudio.com/uploads/project/01_EDITION/NIK_MIRUS/NikMirus4_300dpi.jpg]
[baillatstudio.com/uploads/project/01_EDITION/NIK_MIRUS/NikMirus4_300dpi-1440x790.jpg]
[baillatstudio.com/uploads/project/01_EDITION/NIK_MIRUS/NikMirus2_300dpi-846x560.jpg]
[baillatstudio.com/uploads/project/01_EDITION/NIK_MIRUS/2021_03_10_Baillat-AB0909-846x560.jpg]
[baillatstudio.com/uploads/project/01_EDITION/NIK_MIRUS/2021_03_10_Baillat-AB0905-846x560.jpg]
[baillatstudio.com/uploads/project/01_EDITION/NIK_MIRUS/NikMirus_AtoB-2-846x560.jpg]
[baillatstudio.com/uploads/project/01_EDITION/NIK_MIRUS/NM_Spread01-846x560.jpg]
[baillatstudio.com/uploads/project/01_EDITION/NIK_MIRUS/NM_Spread02-846x560.jpg]
[baillatstudio.com/uploads/project/01_EDITION/NIK_MIRUS/NM_Spread03-846x560.jpg]
[baillatstudio.com/en/project/nik-mirus-a-to-b.html]
[baillatstudio.com/uploads/project/01_EDITION/NIK_MIRUS/NM_Spread04-846x560.jpg]
[baillatstudio.com/uploads/project/XP_EXPERIENCE/03_INSTALLATIONS/Ocular_Oscillation/download-9.jpg]
[baillatstudio.com/uploads/project/XP_EXPERIENCE/03_INSTALLATIONS/Ocular_Oscillation/download-9-1440x790.jpg]
[baillatstudio.com/uploads/project/XP_EXPERIENCE/03_INSTALLATIONS/Ocular_Oscillation/Capture_d’écran_le_2021-06-11_à_15.04.09-1440x1072.png]
[baillatstudio.com/uploads/project/XP_EXPERIENCE/03_INSTALLATIONS/Ocular_Oscillation/CIRCLE1-846x560.png]
[baillatstudio.com/uploads/project/XP_EXPERIENCE/03_INSTALLATIONS/Ocular_Oscillation/CIRCLE2-846x560.png]
[baillatstudio.com/en/project/ocular-oscillation.html]
[baillatstudio.com/uploads/project/XP_EXPERIENCE/03_INSTALLATIONS/Ocular_Oscillation/CIRCLE3-846x560.png]
[baillatstudio.com/uploads/project/01_EDITION/PHYSICAL_DISPLAY/PD_1.jpg]
[baillatstudio.com/uploads/project/01_EDITION/PHYSICAL_DISPLAY/PD_1-1440x790.jpg]
[baillatstudio.com/uploads/project/01_EDITION/PHYSICAL_DISPLAY/PD_6-846x560.jpg]
[baillatstudio.com/uploads/project/01_EDITION/PHYSICAL_DISPLAY/PD_7-846x560.jpg]
[baillatstudio.com/uploads/project/01_EDITION/PHYSICAL_DISPLAY/PD_8-846x560.jpg]
[baillatstudio.com/uploads/project/01_EDITION/PHYSICAL_DISPLAY/PD_11-846x560.jpg]
[baillatstudio.com/uploads/project/01_EDITION/PHYSICAL_DISPLAY/PD_12-846x560.jpg]
[baillatstudio.com/en/project/physical-display.html]
[baillatstudio.com/uploads/project/01_EDITION/PHYSICAL_DISPLAY/PD_13-846x560.jpg]
[baillatstudio.com/uploads/project/XP_EXPERIENCE/02_SPECTACLESETSCENOS/PICHIAVO/PICHIAVO_Header.png]
[baillatstudio.com/uploads/project/XP_EXPERIENCE/02_SPECTACLESETSCENOS/PICHIAVO/PICHIAVO_Header-1440x790.png]
[baillatstudio.com/uploads/project/XP_EXPERIENCE/02_SPECTACLESETSCENOS/PICHIAVO/PICHIAVO_VimeoThumbnail1-1440x1072.png]
[baillatstudio.com/uploads/project/XP_EXPERIENCE/02_SPECTACLESETSCENOS/PICHIAVO/PICHIAVO_CAROUSEL_1-846x560.png]
[baillatstudio.com/uploads/project/XP_EXPERIENCE/02_SPECTACLESETSCENOS/PICHIAVO/PICHIAVO_CAROUSEL_2-846x560.png]
[baillatstudio.com/uploads/project/XP_EXPERIENCE/02_SPECTACLESETSCENOS/PICHIAVO/PICHIAVO_CAROUSEL_3-846x560.png]
[baillatstudio.com/uploads/project/XP_EXPERIENCE/02_SPECTACLESETSCENOS/PICHIAVO/PICHIAVO_CAROUSEL_4-846x560.png]
[baillatstudio.com/uploads/project/XP_EXPERIENCE/02_SPECTACLESETSCENOS/PICHIAVO/PICHIAVO_CAROUSEL_5-846x560.png]
[baillatstudio.com/uploads/project/XP_EXPERIENCE/02_SPECTACLESETSCENOS/PICHIAVO/PICHIAVO_CAROUSEL_6-846x560.png]
[baillatstudio.com/uploads/project/XP_EXPERIENCE/02_SPECTACLESETSCENOS/PICHIAVO/PichiAvo_Thumbnail_2-1440x1072.png]
[baillatstudio.com/uploads/project/XP_EXPERIENCE/02_SPECTACLESETSCENOS/PICHIAVO/IMG_0542-846x560.jpg]
[baillatstudio.com/uploads/project/XP_EXPERIENCE/02_SPECTACLESETSCENOS/PICHIAVO/PICHIAVO_2-846x560.png]
[baillatstudio.com/uploads/project/XP_EXPERIENCE/02_SPECTACLESETSCENOS/PICHIAVO/IMG_0536-846x560.jpg]
[baillatstudio.com/en/project/pichiavo-mural.html]
[baillatstudio.com/uploads/project/XP_EXPERIENCE/02_SPECTACLESETSCENOS/PICHIAVO/goodratio-1440x1072.png]
[baillatstudio.com/uploads/project/03_CAMPAGNE/PY1/Header.png]
[baillatstudio.com/uploads/project/03_CAMPAGNE/PY1/Header-1440x790.png]
[baillatstudio.com/uploads/project/03_CAMPAGNE/PY1/Capture_d’écran_le_2021-08-12_à_17.35.57-1440x1072.png]
[baillatstudio.com/uploads/project/03_CAMPAGNE/PY1/IMG_1309_2-846x560.jpg]
[baillatstudio.com/en/project/py1.html]
[baillatstudio.com/uploads/project/03_CAMPAGNE/PY1/IMG_1458-846x560.jpg]
[baillatstudio.com/uploads/project/03_CAMPAGNE/RBMF_2018/4I0A3460.jpg]
[baillatstudio.com/uploads/project/03_CAMPAGNE/RBMF_2018/4I0A3460-1440x790.jpg]
[baillatstudio.com/uploads/project/03_CAMPAGNE/RBMF_2018/Capture_d’ecran_le_2021-11-23_a_16.54.56-1440x1072.png]
[baillatstudio.com/uploads/project/03_CAMPAGNE/RBMF_2018/RBMF_MockUps_Duo_Toronto2-846x560.jpg]
[baillatstudio.com/uploads/project/03_CAMPAGNE/RBMF_2018/RBMF_MockUps_Duo_Toronto1-846x560.jpg]
[baillatstudio.com/en/project/red-bull-music-festival-2018.html]
[baillatstudio.com/uploads/project/03_CAMPAGNE/RBMF_2018/Capture_d’ecran_le_2021-11-23_a_17.18.44-1440x1072.png]
[baillatstudio.com/uploads/project/03_CAMPAGNE/RMBA_Weekend/RBMAMTL-4533_Low.jpg]
[baillatstudio.com/uploads/project/03_CAMPAGNE/RMBA_Weekend/RBMAMTL-4533_Low-1440x790.jpg]
[baillatstudio.com/uploads/project/03_CAMPAGNE/RMBA_Weekend/RBMA-video-1920x1080-40sec_00436-1440x1072.jpg]
[baillatstudio.com/uploads/project/03_CAMPAGNE/RMBA_Weekend/Campagne/RBMA-WEEKENDER_170913-04s-846x560.jpg]
[baillatstudio.com/uploads/project/03_CAMPAGNE/RMBA_Weekend/Campagne/RBMA-WEEKENDER_170913-01s-846x560.jpg]
[baillatstudio.com/uploads/project/03_CAMPAGNE/RMBA_Weekend/Campagne/RBMA-WEEKENDER_170913-02s-846x560.jpg]
[baillatstudio.com/uploads/project/03_CAMPAGNE/RMBA_Weekend/Campagne/RBMA-WEEKENDER_170913-03s-846x560.jpg]
[baillatstudio.com/uploads/project/03_CAMPAGNE/RMBA_Weekend/Carou_2/RBMAMTL-4301-846x560.jpg]
[baillatstudio.com/uploads/project/03_CAMPAGNE/RMBA_Weekend/Carou_2/RBMAMTL-5397_Low-846x560.jpg]
[baillatstudio.com/uploads/project/03_CAMPAGNE/RMBA_Weekend/Carou_2/RBMAMTL-4424_Low-846x560.jpg]
[baillatstudio.com/uploads/project/03_CAMPAGNE/RMBA_Weekend/Carou_2/RBMAMTL-5373_Low-846x560.jpg]
[baillatstudio.com/en/project/red-bull-music-academy-weekender-montreal-2017.html]
[baillatstudio.com/uploads/project/03_CAMPAGNE/RMBA_Weekend/Carou_2/RBMAMTL-5184_Low-846x560.jpg]
[baillatstudio.com/uploads/project/03_CAMPAGNE/RBMA/RBMA_Header.png]
[baillatstudio.com/uploads/project/03_CAMPAGNE/RBMA/RBMA_Header-1440x790.png]
[baillatstudio.com/uploads/project/03_CAMPAGNE/RBMA/RBMA-03-846x560.png]
[baillatstudio.com/uploads/project/03_CAMPAGNE/RBMA/RBMA-04-846x560.png]
[baillatstudio.com/uploads/project/03_CAMPAGNE/RBMA/RBMA-05-846x560.png]
[baillatstudio.com/uploads/project/03_CAMPAGNE/RBMA/RBMA_2-1440x1072.jpg]
[baillatstudio.com/uploads/project/03_CAMPAGNE/RBMA_Coll/Carou/RBMA_Colla12-846x560.jpg]
[baillatstudio.com/uploads/project/03_CAMPAGNE/RBMA_Coll/Carou/RBMA_Colla15-846x560.jpg]
[baillatstudio.com/uploads/project/03_CAMPAGNE/RBMA_Coll/Carou/RBMA_Colla14-846x560.jpg]
[baillatstudio.com/uploads/project/03_CAMPAGNE/RBMA_Coll/Carou/RBMA_Colla17-846x560.jpg]
[baillatstudio.com/uploads/project/03_CAMPAGNE/RBMA_Coll/Carou/RBMA_Colla13-846x560.jpg]
[baillatstudio.com/uploads/project/03_CAMPAGNE/RBMA_Coll/Carou/Collaterals_Retouche-846x560.jpg]
[baillatstudio.com/uploads/project/03_CAMPAGNE/RBMA/RBMA_5-1440x1072.jpg]
[baillatstudio.com/uploads/project/03_CAMPAGNE/RBMA/RBMA_22-846x560.jpg]
[baillatstudio.com/uploads/project/03_CAMPAGNE/RBMA/RBMA_24-846x560.jpg]
[baillatstudio.com/uploads/project/03_CAMPAGNE/RBMA/RBMA_25-846x560.jpg]
[baillatstudio.com/uploads/project/03_CAMPAGNE/RBMA/RBMA_26-846x560.jpg]
[baillatstudio.com/uploads/project/03_CAMPAGNE/RBMA/RBMA_27-846x560.jpg]
[baillatstudio.com/uploads/project/03_CAMPAGNE/RBMA/RBMA_SIGNAGE/RBMA_Signage_03-846x560.png]
[baillatstudio.com/uploads/project/03_CAMPAGNE/RBMA/RBMA_SIGNAGE/RBMA_Signage_05-846x560.png]
[baillatstudio.com/en/project/red-bull-music-academy-montreal-2016.html]
[baillatstudio.com/uploads/project/03_CAMPAGNE/RBMA/RBMA_SIGNAGE/RBMA_Signage_07-846x560.png]
[baillatstudio.com/uploads/project/07_MOTION/Red_Bull_Radio/download.jpg]
[baillatstudio.com/uploads/project/07_MOTION/Red_Bull_Radio/download-1440x790.jpg]
[baillatstudio.com/uploads/project/07_MOTION/Red_Bull_Radio/GIF/Composition_1_1.gif]
[baillatstudio.com/uploads/project/07_MOTION/Red_Bull_Radio/GIF/Composition_1.7_1.gif]
[baillatstudio.com/en/project/red-bull-radio-and-presents.html]
[baillatstudio.com/uploads/project/07_MOTION/Red_Bull_Radio/GIF/Composition_1_3g_1.gif]
[baillatstudio.com/uploads/project/04_BRANDING/SOUBOIS_RESTAURANT/SOUBOIS_Hero.jpg]
[baillatstudio.com/uploads/project/04_BRANDING/SOUBOIS_RESTAURANT/SOUBOIS_Hero-1440x790.jpg]
[baillatstudio.com/uploads/project/04_BRANDING/SOUBOIS_RESTAURANT/SOUBOIS_CAROUSEL_1-846x560.jpg]
[baillatstudio.com/uploads/project/04_BRANDING/SOUBOIS_RESTAURANT/SOUBOIS_CAROUSEL_2-846x560.jpg]
[baillatstudio.com/uploads/project/04_BRANDING/SOUBOIS_RESTAURANT/SOUBOIS_CAROUSEL_3-846x560.jpg]
[baillatstudio.com/uploads/project/04_BRANDING/SOUBOIS_RESTAURANT/SOUBOIS_CAROUSEL_4-846x560.jpg]
[baillatstudio.com/uploads/project/04_BRANDING/SOUBOIS_RESTAURANT/SOUBOIS_Poster4-846x560.png]
[baillatstudio.com/uploads/project/04_BRANDING/SOUBOIS_RESTAURANT/SOUBOIS_Poster1-846x560.png]
[baillatstudio.com/uploads/project/04_BRANDING/SOUBOIS_RESTAURANT/SOUBOIS_Poster2-846x560.png]
[baillatstudio.com/en/project/soubois-restaurant.html]
[baillatstudio.com/uploads/project/04_BRANDING/SOUBOIS_RESTAURANT/SOUBOIS_Poster3-846x560.png]
[baillatstudio.com/uploads/project/XP_EXPERIENCE/03_INSTALLATIONS/STRBDSC/2d2fed8670567.560c14b13afd3.jpg]
[baillatstudio.com/uploads/project/XP_EXPERIENCE/03_INSTALLATIONS/STRBDSC/2d2fed8670567.560c14b13afd3-1440x790.jpg]
[baillatstudio.com/en/project/strbdsc-3200.html]
[baillatstudio.com/uploads/project/XP_EXPERIENCE/03_INSTALLATIONS/STRBDSC/Capture_d’écran_le_2021-06-14_à_16.45.01-1440x1072.png]
[baillatstudio.com/uploads/project/XP_EXPERIENCE/03_INSTALLATIONS/SuperCarre/Capture_d’écran_le_2021-06-14_à_14.27.44.png]
[baillatstudio.com/uploads/project/XP_EXPERIENCE/03_INSTALLATIONS/SuperCarre/Capture_d’écran_le_2021-06-14_à_14.27.44-1440x790.png]
[baillatstudio.com/uploads/project/XP_EXPERIENCE/03_INSTALLATIONS/SuperCarre/Capture_d’écran_le_2021-06-14_à_11.21.30-1440x1072.png]
[baillatstudio.com/uploads/project/XP_EXPERIENCE/03_INSTALLATIONS/SuperCarre/Capture_d’écran_le_2021-06-14_à_11.22.36-846x560.png]
[baillatstudio.com/uploads/project/XP_EXPERIENCE/03_INSTALLATIONS/SuperCarre/Capture_d’écran_le_2021-06-14_à_11.22.11-846x560.png]
[baillatstudio.com/uploads/project/XP_EXPERIENCE/03_INSTALLATIONS/SuperCarre/Capture_d’écran_le_2021-06-14_à_11.23.03-846x560.png]
[baillatstudio.com/en/project/supercarre.html]
[baillatstudio.com/uploads/project/XP_EXPERIENCE/03_INSTALLATIONS/SuperCarre/Capture_d’écran_le_2021-06-14_à_11.25.46-846x560.png]
[baillatstudio.com/uploads/project/XP_EXPERIENCE/02_SPECTACLESETSCENOS/UEFA_EURO/7Doigts_UEFA_01.jpg]
[baillatstudio.com/uploads/project/XP_EXPERIENCE/02_SPECTACLESETSCENOS/UEFA_EURO/7Doigts_UEFA_01-1440x790.jpg]
[baillatstudio.com/uploads/project/XP_EXPERIENCE/02_SPECTACLESETSCENOS/UEFA_EURO/Capture_d’ecran_le_2021-12-02_a_10.06.26-1440x1072.png]
[baillatstudio.com/uploads/project/XP_EXPERIENCE/02_SPECTACLESETSCENOS/UEFA_EURO/7Doigts_UEFA_05-846x560.jpg]
[baillatstudio.com/uploads/project/XP_EXPERIENCE/02_SPECTACLESETSCENOS/UEFA_EURO/3680900_1191073763-846x560.jpg]
[baillatstudio.com/en/project/uefa-euro-2020-drawing-ceremony.html]
[baillatstudio.com/uploads/project/XP_EXPERIENCE/02_SPECTACLESETSCENOS/UEFA_EURO/3681173_hc1_0475-846x560.jpg]
[baillatstudio.com/uploads/project/03_CAMPAGNE/YATAI_2020/YATAI2020_Hero.png]
[baillatstudio.com/uploads/project/03_CAMPAGNE/YATAI_2020/YATAI2020_Hero-1440x790.png]
[baillatstudio.com/uploads/project/03_CAMPAGNE/YATAI_2020/129824834_3659450394098856_8519167969637473474_n-846x560.jpg]
[baillatstudio.com/en/project/yatai-mtl-2020.html]
[baillatstudio.com/uploads/project/03_CAMPAGNE/YATAI_2020/130132888_3659450734098822_8541129951397588863_n-846x560.jpg]
[baillatstudio.com/uploads/project/03_CAMPAGNE/YATAI_2019/YATAI2019_Hero.jpg]
[baillatstudio.com/uploads/project/03_CAMPAGNE/YATAI_2019/YATAI2019_Hero-1440x790.jpg]
[baillatstudio.com/uploads/project/03_CAMPAGNE/YATAI_2019/4I0A5715-846x560.jpg]
[baillatstudio.com/en/project/yatai-mtl-2019.html]
[baillatstudio.com/uploads/project/03_CAMPAGNE/YATAI_2019/4I0A5583-846x560.jpg]
[baillatstudio.com/uploads/project/03_CAMPAGNE/YATAI_2018/Autopromo_Behance_Yatai_profilePicture-09.png]
[baillatstudio.com/uploads/project/03_CAMPAGNE/YATAI_2018/Autopromo_Behance_Yatai_profilePicture-09-1440x790.png]
[baillatstudio.com/uploads/project/03_CAMPAGNE/YATAI_2018/Carousel/YATAI_MockupWEB_20180829_1043_OC-01-846x560.png]
[baillatstudio.com/uploads/project/03_CAMPAGNE/YATAI_2018/Carousel/YATAI_MockupWEB_20180829_1043_OC-02-846x560.png]
[baillatstudio.com/uploads/project/03_CAMPAGNE/YATAI_2018/Carousel/YATAI_MockupWEB_20180829_1043_OC-03-846x560.png]
[baillatstudio.com/uploads/project/03_CAMPAGNE/YATAI_2018/Carousel/62560170_1262523133925967_3508211918248607744_n-846x560.jpg]
[baillatstudio.com/uploads/project/03_CAMPAGNE/YATAI_2018/Carousel/62404131_1260631000781847_288652833429913600_n-846x560.jpg]
[baillatstudio.com/uploads/project/03_CAMPAGNE/YATAI_2018/Carousel/64856748_1268270550017892_2912767462036471808_n-846x560.jpg]
[baillatstudio.com/en/project/yatai-mtl-2018.html]
[baillatstudio.com/assets/scripts/vendorsbba9.js]
[baillatstudio.com/uploads/project/03_CAMPAGNE/YATAI_2018/Carousel/146360547_1806315539546721_4497082844531488329_n-846x560.jpg]
[baillatstudio.com/Oe.path[0]]
[baillatstudio.com/get]
[baillatstudio.com/core-js/modules/es.typed-array.set]
[baillatstudio.com/core-js/modules/es.set]
[baillatstudio.com/opentype.js]
[baillatstudio.com/`]
[baillatstudio.com/GET]
[baillatstudio.com/${t}]
[baillatstudio.com/assets/scripts/appbba9.js]
[baillatstudio.com/fr/identite.html]
[baillatstudio.com/fr/experience.html]
[baillatstudio.com/fr/a-propos.html]
[baillatstudio.com/fr/contact.html]
[baillatstudio.com/fr/projet/age-of-union-art-book-amp-trade-book.html]
[baillatstudio.com/fr/projet/rdv-design-scenographie.html]
[baillatstudio.com/fr/projet/aires-libres.html]
[baillatstudio.com/fr/projet/augusto-de-campos.html]
[baillatstudio.com/fr/projet/baillat-4-ans.html]
[baillatstudio.com/fr/projet/baillat-3-ans.html]
[baillatstudio.com/fr/projet/baillat-2-ans.html]
[baillatstudio.com/fr/projet/baillat-1-an.html]
[baillatstudio.com/fr/projet/bian-2018.html]
[baillatstudio.com/fr/projet/bian-2016.html]
[baillatstudio.com/fr/projet/claste-catalogue.html]
[baillatstudio.com/fr/projet/dans-les-medias.html]
[baillatstudio.com/fr/projet/dubai-coupe-du-monde.html]
[baillatstudio.com/fr/projet/echoes-of-absence.html]
[baillatstudio.com/fr/projet/elektra-metamorphosis.html]
[baillatstudio.com/fr/projet/elektra-x-hyundai-metamorphosis-vol-2.html]
[baillatstudio.com/fr/projet/elektra-x-arsenal-metamorphosis.html]
[baillatstudio.com/fr/projet/elektra-2017.html]
[baillatstudio.com/fr/projet/elektra-2013.html]
[baillatstudio.com/fr/projet/felicity-hologramme.html]
[baillatstudio.com/fr/projet/festival-international-de-jazz-de-montreal-2021.html]
[baillatstudio.com/fr/projet/festival-international-de-jazz-de-montreal-2019.html]
[baillatstudio.com/fr/projet/fred-everything.html]
[baillatstudio.com/fr/projet/helene-fischer.html]
[baillatstudio.com/fr/projet/hologramme-alaska.html]
[baillatstudio.com/fr/projet/hologramme-preface.html]
[baillatstudio.com/fr/projet/john-smith.html]
[baillatstudio.com/fr/projet/kia.html]
[baillatstudio.com/fr/projet/la-semaine-du-japon-yatai.html]
[baillatstudio.com/fr/projet/laser-like-water.html]
[baillatstudio.com/fr/projet/latitude-nord.html]
[baillatstudio.com/fr/projet/les-clairs-obscurs.html]
[baillatstudio.com/fr/projet/locomotive.html]
[baillatstudio.com/fr/projet/loop.html]
[baillatstudio.com/fr/projet/messi-10.html]
[baillatstudio.com/fr/projet/mbam-installations.html]
[baillatstudio.com/fr/projet/moog-audio.html]
[baillatstudio.com/fr/projet/mutek-mx-2019.html]
[baillatstudio.com/fr/projet/mutek-mx-2018.html]
[baillatstudio.com/fr/projet/mutek-archives-2015-2017.html]
[baillatstudio.com/fr/projet/nik-mirus-a-to-b.html]
[baillatstudio.com/fr/projet/ocular-oscillation.html]
[baillatstudio.com/fr/projet/physical-display.html]
[baillatstudio.com/fr/projet/pichiavo-mural.html]
[baillatstudio.com/fr/projet/py1.html]
[baillatstudio.com/fr/projet/red-bull-music-festival-2018.html]
[baillatstudio.com/fr/projet/red-bull-music-academy-weekender-montreal-2017.html]
[baillatstudio.com/fr/projet/red-bull-music-academy-montreal-2016.html]
[baillatstudio.com/fr/projet/red-bull-radio-et-presents.html]
[baillatstudio.com/fr/projet/soubois-restaurant.html]
[baillatstudio.com/fr/projet/strbdsc-3200.html]
[baillatstudio.com/fr/projet/supercarre.html]
[baillatstudio.com/fr/projet/uefa-euro-2020-ceremonie-tirage-au-sort.html]
[baillatstudio.com/fr/projet/yatai-mtl-2020.html]
[baillatstudio.com/fr/projet/yatai-mtl-2019.html]
[baillatstudio.com/fr/projet/yatai-mtl-2018.html]
[baillatstudio.com/assets/fonts/NeueMontreal-Regular.html]
[baillatstudio.com/assets/fonts/NeueMontreal-Medium.html]
[baillatstudio.com/assets/fonts/BaillatStudio-Stencil.html]
[baillatstudio.com/ABCDEFGHIJKLMNOPQRSTUVWXYZabcdefghijklmnopqrstuvwxyz0123456789+]
[baillatstudio.com/ABCDEFGHIJKLMNOPQRSTUVWXYZabcdefghijklmnopqrstuvwxyz0123456789+/index.html]
[baillatstudio.com/index.html]
[baillatstudio.com/Oe.html]
[baillatstudio.com/get.html]
[baillatstudio.com/core-js/modules/es.typed-array.html]
[baillatstudio.com/core-js/modules/es.html]
[baillatstudio.com/opentype.html]
[baillatstudio.com/`.html]
[baillatstudio.com/GET-2.html]
[baillatstudio.com/Trident]
[baillatstudio.com/Trident/index.html]
[baillatstudio.com/${t}.html]
[baillatstudio.com/ABCDEFGHIJKLMNOPQRSTUVWXYZabcdefghijklmnopqrstuvwxyz0123456789+.html]
[baillatstudio.com/Trident.html]
[baillatstudio.com/uploads/project/07_MOTION/ALASKA/Capture_d%E2__ecran_le_2021-11-16_a_11.26.26.html]
[baillatstudio.com/uploads/project/07_MOTION/KIA/Capture_d%E2__e%CC_cran_le_2021-08-09_a%CC__16.17.38.html]
[baillatstudio.com/uploads/project/XP_EXPERIENCE/03_INSTALLATIONS/SuperCarre/Capture_d%E2__e%CC_cran_le_2021-06-14_a%CC__14.27.44.html]
