[manoverboard.com/index.html]
[backblue.gif]
[fade.gif]
[index.html]
[manoverboard.com/favicons/apple-touch-iconaa02.png]
[manoverboard.com/favicons/favicon-32x3273c2.png]
[manoverboard.com/favicons/favicon-16x16e43e.png]
[manoverboard.com/js/CustomEase.min40a6.js]
[manoverboard.com/js/split-text.min6aa9.js]
[manoverboard.com/js/matterc67f.js]
[manoverboard.com/js/global12b7.js]
[manoverboard.com/css/main35af.css]
[manoverboard.com/awwwards88a3.css]
[manoverboard.com/images/manoverboard-logo-black9753.svg]
[manoverboard.com/images/manoverboard-logo-whitefa96.svg]
[manoverboard.com/uploads/adjuvant-1e3c0.jpg]
[manoverboard.com/uploads/bidaa49.jpg]
[manoverboard.com/work/index.html]
[manoverboard.com/about/index.html]
[manoverboard.com/uploads/ducks85dc.jpg]
[manoverboard.com/blog/index.html]
[manoverboard.com/hello/index.html]
[manoverboard.com/work/adjuvant-capital/index.html]
[manoverboard.com/uploads/fwahero91b6.jpg]
[manoverboard.com/work/ducks-unlimited/index.html]
[manoverboard.com/work/fort-whyte-alive/index.html]
[manoverboard.com/work/Bideawee/index.html]
[manoverboard.com/uploads/greystonb93a.jpg]
[manoverboard.com/work/greyston/index.html]
[manoverboard.com/uploads/hscfc689.jpg]
[manoverboard.com/about/bcorp/index.html]
[manoverboard.com/uploads/dancoffee19cc.jpg]
[manoverboard.com/images/home-logos/adjuvant2d27.svg]
[manoverboard.com/images/home-logos/barneys9e5e.svg]
[manoverboard.com/images/home-logos/ducksa52c.svg]
[manoverboard.com/images/home-logos/eq310ed.svg]
[manoverboard.com/images/home-logos/generation0dd8.svg]
[manoverboard.com/images/home-logos/granthameb8a.svg]
[manoverboard.com/images/home-logos/greystonf3a4.svg]
[manoverboard.com/images/home-logos/iisde12c.svg]
[manoverboard.com/images/home-logos/mcconnellf282.svg]
[manoverboard.com/images/home-logos/mikva769b.svg]
[manoverboard.com/images/home-logos/sjf81eb.svg]
[manoverboard.com/images/home-logos/uofm5a8e.svg]
[manoverboard.com/images/b-corporation-logo-black6b45.svg]
[manoverboard.com/images/b-corporation-logo-white921b.svg]
[manoverboard.com/start-a-project/index.html]
[manoverboard.com/images/up-arrow-black1b39.svg]
[manoverboard.com/images/up-arrow-white6588.svg]
[manoverboard.com/index.html]
[manoverboard.com/privacy/index.html]
[manoverboard.com/accessibility/index.html]
[manoverboard.com/font/UniversalSansGX7b15.ttf]
[manoverboard.com/css/main35af.css]
[manoverboard.com/images/pitblado-cover622d.jpg]
[manoverboard.com/css/style-print826b.css]
[manoverboard.com/ribbons/awwwards_honorable_black_left31ba.png]
[manoverboard.com/ribbons/awwwards_honorable_black_right75db.png]
[manoverboard.com/ribbons/awwwards_honorable_white_leftc793.png]
[manoverboard.com/ribbons/awwwards_honorable_white_right91ee.png]
[manoverboard.com/ribbons/awwwards_honorable_green_left68eb.png]
[manoverboard.com/ribbons/awwwards_honorable_green_right0f3d.png]
[manoverboard.com/ribbons/awwwards_honorable_black_left@2x30c0.png]
[manoverboard.com/ribbons/awwwards_honorable_black_right@2x2b81.png]
[manoverboard.com/ribbons/awwwards_honorable_silver_right@2x68d8.png]
[manoverboard.com/ribbons/awwwards_honorable_white_left@2x8d53.png]
[manoverboard.com/ribbons/awwwards_honorable_white_right@2xeac2.png]
[manoverboard.com/ribbons/awwwards_honorable_green_left@2x88d0.png]
[manoverboard.com/ribbons/awwwards_honorable_green_right@2xc086.png]
[manoverboard.com/awwwards88a3.css]
[manoverboard.com/images/manoverboard-logo-black9753.svg]
[manoverboard.com/images/manoverboard-logo-whitefa96.svg]
[manoverboard.com/work/awwwards.css]
[manoverboard.com/uploads/recode39ff.jpg]
[manoverboard.com/work/web/index.html]
[manoverboard.com/work/branding/index.html]
[manoverboard.com/work/innoweave/index.html]
[manoverboard.com/uploads/mikva-bg698f.jpg]
[manoverboard.com/work/mikva-challenge/index.html]
[manoverboard.com/uploads/pitbladohero2a4a.jpg]
[manoverboard.com/work/pitblado/index.html]
[manoverboard.com/uploads/vibrantoceans1e33.jpg]
[manoverboard.com/work/index.html]
[manoverboard.com/work/vibrant-oceans/index.html]
[manoverboard.com/uploads/andrewworkinga50f.jpg]
[manoverboard.com/uploads/karenworking9f4b.jpg]
[manoverboard.com/uploads/andrewatdeskbd41.jpg]
[manoverboard.com/uploads/mbs-2-134450a.jpg]
[manoverboard.com/uploads/mbs-2-9194b5.jpg]
[manoverboard.com/uploads/mbs-2-61c908.jpg]
[manoverboard.com/uploads/mbs-2-15755e7.jpg]
[manoverboard.com/about.47.delayed]
[manoverboard.com/the-purpose-project/index.html]
[manoverboard.com/the-manitoba-studio-fund-righting-wrongs-through-scholarship/index.html]
[manoverboard.com/about.html]
[manoverboard.com/images/team/andrew-boardman5d2f.jpg]
[manoverboard.com/about/code-of-ethics/index.html]
[manoverboard.com/images/team/karena26a.jpg]
[manoverboard.com/images/team/dan-lamb825d.jpg]
[manoverboard.com/images/team/nikki-wolfe8304.jpg]
[manoverboard.com/images/team/jenica2d9c.jpg]
[manoverboard.com/uploads/phil-logo-whitec186.svg]
[manoverboard.com/images/external-link-whiteddbd.svg]
[manoverboard.com/images/external-link-black9bf7.svg]
[manoverboard.com/_includes/lets-get-going.html]
[manoverboard.com/_includes/lets-get-going]
[manoverboard.com/about/index.html]
[manoverboard.com/services/awwwards.css]
[manoverboard.com/_includes/lets-get-going/index.html]
[manoverboard.com/services.html]
[manoverboard.com/services.html]
[manoverboard.com/uploads/jenicaworking-15838.jpg]
[manoverboard.com/uploads/nikkia381.jpg]
[manoverboard.com/uploads/services/andrewoffice-16d3e.jpg]
[manoverboard.com/services/index.html]
[manoverboard.com/blog/awwwards.59.delayed]
[manoverboard.com/blog/page2/index.html]
[manoverboard.com/uploads/mob-guidelines-v3-page14-26633.jpg]
[manoverboard.com/uploads/project-coordinator-mob3b87.jpg]
[manoverboard.com/archive/design/index.html]
[manoverboard.com/archive/sustainability/index.html]
[manoverboard.com/archive/technology/index.html]
[manoverboard.com/uploads/launching-a-website6f9f.jpg]
[manoverboard.com/blog/wanted-one-amazing-project-coordinator/index.html]
[manoverboard.com/blog/what-is-a-brand-standards-guide-and-does-my-organization-need-one/index.html]
[manoverboard.com/uploads/jenicaworking5838.jpg]
[manoverboard.com/blog/who-is-responsible-for-online-privacy/index.html]
[manoverboard.com/uploads/compressed/KareniaNiedzwiecki-Photo-WarmReflections-compressed7dbe.jpg]
[manoverboard.com/blog/how-to-succeed-in-the-design-profession/index.html]
[manoverboard.com/blog/manoverboards-best-for-the-world-award-why-worker-well-being-matters/index.html]
[manoverboard.com/blog/top-10-tips-for-design-students-returning-to-class-this-fall/index.html]
[manoverboard.com/uploads/img-8834fa95.jpg]
[manoverboard.com/uploads/refresh-brand2f7b.jpg]
[manoverboard.com/uploads/ascii-jam-art-blog-image-v1.0899f.jpg]
[manoverboard.com/blog/5-situations-that-call-for-refreshing-your-brand-identity/index.html]
[manoverboard.com/blog/jamstack-vs-wordpress-should-you-choose-a-static-website-for-your-organization/index.html]
[manoverboard.com/uploads/manitoba-road-manoverboard-bcorp25c3.jpg]
[manoverboard.com/blog/how-we-overcame-the-hardest-part-of-becoming-a-certified-b-corporation-graphic-design-studio/index.html]
[manoverboard.com/uploads/300-manoverboard7fd5.jpg]
[manoverboard.com/blog/leaving-morley/index.html]
[manoverboard.com/blog/the-manitoba-studio-fund-righting-wrongs-through-scholarship/index.html]
[manoverboard.com/uploads/bideawee-cover-image0377.jpg]
[manoverboard.com/js/search-scriptc69b.js]
[manoverboard.com/blog/index.html]
[manoverboard.com/hello/awwwards.css]
[manoverboard.com/uploads/dansmiling53f0.jpg]
[manoverboard.com/hello/index.html]
[manoverboard.com/work/adjuvant-capital/awwwards.css]
[manoverboard.com/uploads/adjuvant-1.jpg]
[manoverboard.com/uploads/adjuvantslider3053e.jpg]
[manoverboard.com/uploads/adjuvantslider50e08.jpg]
[manoverboard.com/uploads/screen19567.jpg]
[manoverboard.com/uploads/screen27d25.jpg]
[manoverboard.com/uploads/screen4dfb8.jpg]
[manoverboard.com/uploads/logo8175.jpg]
[manoverboard.com/uploads/gridleftb590.png]
[manoverboard.com/uploads/gridright6363.jpg]
[manoverboard.com/uploads/brandstandards1e5f3.jpg]
[manoverboard.com/uploads/brandstandards29256.jpg]
[manoverboard.com/uploads/brandstandards430a9.jpg]
[manoverboard.com/uploads/brandstandards5204b.jpg]
[manoverboard.com/_layouts/work-single.html]
[manoverboard.com/_layouts/work-single]
[manoverboard.com/work/adjuvant-capital/index.html]
[manoverboard.com/work/Bideawee/awwwards.css]
[manoverboard.com/_layouts/work-single/index.html]
[manoverboard.com/uploads/bideaweeslider247a0.jpg]
[manoverboard.com/uploads/bideaweeslider30819.jpg]
[manoverboard.com/uploads/bideaweeslider42bbb.jpg]
[manoverboard.com/uploads/bideaweeslider512b3.jpg]
[manoverboard.com/uploads/feralcat6689.jpg]
[manoverboard.com/uploads/donate354e.jpg]
[manoverboard.com/uploads/newsc239.jpg]
[manoverboard.com/uploads/history-1595d.jpg]
[manoverboard.com/work/Bideawee/index.html]
[manoverboard.com/uploads/volunteer2922.jpg]
[manoverboard.com/work/ducks-unlimited/awwwards.css]
[manoverboard.com/uploads/ducks.jpg]
[manoverboard.com/uploads/ducksslider1c60e.jpg]
[manoverboard.com/uploads/ducksslider25c4b.jpg]
[manoverboard.com/uploads/ducksslider3e8f9.jpg]
[manoverboard.com/uploads/ducksslider418c2.jpg]
[manoverboard.com/uploads/ducksslider5b757.jpg]
[manoverboard.com/uploads/ducksscreen1559b.jpg]
[manoverboard.com/uploads/ducksscreen2ec27.jpg]
[manoverboard.com/uploads/ducksflexfarmb1ad.jpg]
[manoverboard.com/work/ducks-unlimited/index.html]
[manoverboard.com/work/fort-whyte-alive/awwwards.css]
[manoverboard.com/uploads/fwahero.jpg]
[manoverboard.com/uploads/fwaslider1bdea.jpg]
[manoverboard.com/uploads/fwaslider260f8.jpg]
[manoverboard.com/uploads/fwaslider3e4d8.jpg]
[manoverboard.com/uploads/fwaslider4f28b.jpg]
[manoverboard.com/uploads/fwaslider5a009.jpg]
[manoverboard.com/uploads/fwahikingwalking29a1.jpg]
[manoverboard.com/uploads/fwacanoeing23e9.jpg]
[manoverboard.com/work/fort-whyte-alive/index.html]
[manoverboard.com/uploads/fwafarmsb687.jpg]
[manoverboard.com/work/greyston/awwwards.9d.delayed]
[manoverboard.com/uploads/greyston.jpg]
[manoverboard.com/uploads/greystonslider16e96.jpg]
[manoverboard.com/uploads/greystonslider2764b.jpg]
[manoverboard.com/uploads/greystonslider3ac4b.jpg]
[manoverboard.com/uploads/greystonslider5ea01.jpg]
[manoverboard.com/uploads/greystonournews0522.jpg]
[manoverboard.com/uploads/greystonaboutusheader400b.jpg]
[manoverboard.com/uploads/greystonstats50d3.jpg]
[manoverboard.com/uploads/greyston-design-10donatead3e.jpg]
[manoverboard.com/uploads/greyston-design-milestonesa2a4.jpg]
[manoverboard.com/uploads/greyston-design-screen33126.jpg]
[manoverboard.com/uploads/greyston-design-screen47a28.jpg]
[manoverboard.com/work/greyston/index.html]
[manoverboard.com/work/health-sciences-centre-foundation/index.html]
[manoverboard.com/about/bcorp/awwwards.ab.delayed]
[manoverboard.com/about/bcorp/index.html]
[manoverboard.com/uploads/bcorp-good1cd2.png]
[manoverboard.com/images/home-logos/adjuvant2d27.svg]
[manoverboard.com/images/home-logos/barneys9e5e.svg]
[manoverboard.com/images/home-logos/ducksa52c.svg]
[manoverboard.com/images/home-logos/eq310ed.svg]
[manoverboard.com/images/home-logos/generation0dd8.svg]
[manoverboard.com/images/home-logos/granthameb8a.svg]
[manoverboard.com/images/home-logos/greystonf3a4.svg]
[manoverboard.com/images/home-logos/iisde12c.svg]
[manoverboard.com/images/home-logos/mcconnellf282.svg]
[manoverboard.com/images/home-logos/mikva769b.svg]
[manoverboard.com/images/home-logos/sjf81eb.svg]
[manoverboard.com/images/home-logos/uofm5a8e.svg]
[manoverboard.com/start-a-project/awwwards.css]
[manoverboard.com/uploads/andrewkarennikkiafe2.jpg]
[manoverboard.com/images/form-arrowd01c.svg]
[manoverboard.com/start-a-project/index.html]
[manoverboard.com/images/b-corporation-logo-black6b45.svg]
[manoverboard.com/images/b-corporation-logo-white921b.svg]
[manoverboard.com/images/up-arrow-black1b39.svg]
[manoverboard.com/images/up-arrow-white6588.svg]
[manoverboard.com/privacy/awwwards.css]
[manoverboard.com/privacy/index.html]
[manoverboard.com/accessibility/awwwards.css]
[manoverboard.com/accessibility/index.html]
[manoverboard.com/blog/accessibility-testing/index.html]
[manoverboard.com/images/pitblado-cover-colorbbac.jpg]
[manoverboard.com/css/style-print826b.css]
[manoverboard.com/images/most-popularc719.svg]
[manoverboard.com/work/awwwards.html]
[manoverboard.com/ribbons/awwwards_honorable_silver_left1b81.png]
[manoverboard.com/ribbons/awwwards_honorable_silver_righte7ac.png]
[manoverboard.com/work/web/awwwards.css]
[manoverboard.com/work/web/index.html]
[manoverboard.com/work/branding/awwwards.css]
[manoverboard.com/work/branding/index.html]
[manoverboard.com/work/innoweave/awwwards.css]
[manoverboard.com/uploads/recode.jpg]
[manoverboard.com/uploads/innoweaveslider1f160.jpg]
[manoverboard.com/uploads/innoweave-0000-resources-pagedf02.jpg]
[manoverboard.com/uploads/homepage21-5xbcb1.jpg]
[manoverboard.com/uploads/innoweave-0001-layer-0a0e6.jpg]
[manoverboard.com/work/innoweave/index.html]
[manoverboard.com/uploads/innoweave-0000-stream-category-page-typec300.jpg]
[manoverboard.com/work/mikva-challenge/awwwards.css]
[manoverboard.com/uploads/mikva-bg.jpg]
[manoverboard.com/uploads/mikvaphotoslider10050.jpg]
[manoverboard.com/uploads/mikvaphotoslider275e5.jpg]
[manoverboard.com/uploads/mikvaphotoslider3a04f.jpg]
[manoverboard.com/uploads/mikvaphotoslider4667b.jpg]
[manoverboard.com/uploads/mikvaphotoslider5d121.jpg]
[manoverboard.com/uploads/group-4-1d746.jpg]
[manoverboard.com/uploads/mikva-home-0001-background9208.jpg]
[manoverboard.com/uploads/mikva-home-0000-mikva-longscroll9fc6.jpg]
[manoverboard.com/uploads/mikva-deck-v15-page-074173.jpg]
[manoverboard.com/uploads/mikvabrandslider00bbf.jpg]
[manoverboard.com/uploads/mikvabrandslider192d2.jpg]
[manoverboard.com/uploads/mikvabrandslider26e47.jpg]
[manoverboard.com/uploads/mikvabrandslider343a6.jpg]
[manoverboard.com/uploads/mikvabrandslider447ec.jpg]
[manoverboard.com/uploads/gridleft2xfd8d.png]
[manoverboard.com/uploads/gridright2x8e05.png]
[manoverboard.com/work/mikva-challenge/index.html]
[manoverboard.com/work/pitblado/awwwards.css]
[manoverboard.com/uploads/pitbladohero.jpg]
[manoverboard.com/uploads/pitbladoslider1cc47.jpg]
[manoverboard.com/uploads/pitbladoslider46527.jpg]
[manoverboard.com/uploads/pitbladoslider51081.jpg]
[manoverboard.com/uploads/pitbladopeople-2f3c0.jpg]
[manoverboard.com/uploads/pitbladoinsights23d6.jpg]
[manoverboard.com/uploads/pitbladopeople1d27.jpg]
[manoverboard.com/uploads/pitbladofirm7910.jpg]
[manoverboard.com/uploads/pitbladocontact7f98.jpg]
[manoverboard.com/uploads/pitbladomobileslider7bf1.jpg]
[manoverboard.com/uploads/pitbladomobileslider294fb.jpg]
[manoverboard.com/uploads/pitbladomobileslider31a41.jpg]
[manoverboard.com/uploads/pitbladomobileslider4c6dd.jpg]
[manoverboard.com/uploads/pitbladomobileslider56068.jpg]
[manoverboard.com/uploads/pitbladomobileslider62664.jpg]
[manoverboard.com/work/pitblado/index.html]
[manoverboard.com/work/serving-green/index.html]
[manoverboard.com/work/vibrant-oceans/awwwards.e3.delayed]
[manoverboard.com/uploads/servinggreen3acf.jpg]
[manoverboard.com/uploads/vibrantoceans.jpg]
[manoverboard.com/uploads/vibrantoceansslider1d043.jpg]
[manoverboard.com/uploads/vibrantoceansslider2d7e5.jpg]
[manoverboard.com/uploads/vibrantoceansslider3e40c.jpg]
[manoverboard.com/uploads/vibrantoceansslider48db9.jpg]
[manoverboard.com/uploads/vibrantoceans1da9e.jpg]
[manoverboard.com/uploads/vibrantoceans2e9d5.jpg]
[manoverboard.com/uploads/vibrantoceanscreen376e4.jpg]
[manoverboard.com/uploads/vibrantoceanscreen46cc1.jpg]
[manoverboard.com/work/vibrant-oceans/index.html]
[manoverboard.com/the-purpose-project/index.html]
[manoverboard.com/uploads/mbs-2-476c59.jpg]
[manoverboard.com/the-manitoba-studio-fund-righting-wrongs-through-scholarship/index.html]
[manoverboard.com/about.html]
[manoverboard.com/blog/purpose-project-2018-seeking-community-partners-in-change/index.html]
[manoverboard.com/images/purpose-project-white18ba.svg]
[manoverboard.com/about/code-of-ethics/awwwards.css]
[manoverboard.com/about/code-of-ethics/index.html]
[manoverboard.com/uploads/phil-logo-whitec186.svg]
[manoverboard.com/images/external-link-whiteddbd.svg]
[manoverboard.com/images/external-link-black9bf7.svg]
[manoverboard.com/_includes/lets-get-going/index.html]
[manoverboard.com/services/awwwards.html]
[manoverboard.com/services/skills/awwwards.css]
[manoverboard.com/services/skills/index.html]
[manoverboard.com/services.html]
[manoverboard.com/1-percent-for-the-planet/index.html]
[manoverboard.com/images/dot-collection-38c26.svg]
[manoverboard.com/images/dot-collection-11257.svg]
[manoverboard.com/images/dot-collection-2d672.svg]
[manoverboard.com/services/audits/index.html]
[manoverboard.com/blog/page2/awwwards.css]
[manoverboard.com/blog/page3/index.html]
[manoverboard.com/images/old-wordpress/2020/04/momenta-1600x12021c7e.jpg]
[manoverboard.com/blog/leading-by-example-and-design-an-interview-with-momentas-lise-brown/index.html]
[manoverboard.com/blog/during-the-covid-19-pandemic-we-remain-open/index.html]
[manoverboard.com/uploads/pexels-august-de-richelieu-44279261b891.jpg]
[manoverboard.com/images/old-wordpress/2019/12/natalie-scaled006b.jpg]
[manoverboard.com/blog/come-on-in-the-waters-fine/index.html]
[manoverboard.com/images/old-wordpress/2019/11/design-thinkers-entrance-1600x10677eea.jpg]
[manoverboard.com/blog/design-thinkers-2019/index.html]
[manoverboard.com/images/old-wordpress/2018/10/nature-forest-trees-fog14b2.jpg]
[manoverboard.com/blog/jekyll-and-forestry-sitting-in-tree/index.html]
[manoverboard.com/images/old-wordpress/2018/10/Gutenbergimpremta7d45.jpg]
[manoverboard.com/blog/to-gutenberg-or-not-to-gutenberg-that-is-the-good-question/index.html]
[manoverboard.com/images/old-wordpress/2018/09/lance-grandahl-622583-unsplash-compressor9b13.jpg]
[manoverboard.com/blog/who-needs-wordpress-maintenance/index.html]
[manoverboard.com/images/old-wordpress/2019/08/strike-share-image-general-EN94af.png]
[manoverboard.com/blog/why-we-are-supporting-the-climate-strike-in-september-2019/index.html]
[manoverboard.com/images/old-wordpress/2016/12/PP-MOB-Web-Banner-1-01-1024x577bbff.png]
[manoverboard.com/images/old-wordpress/2018/04/lorem20d9f.jpg]
[manoverboard.com/blog/we-made-a-brand-new-lorem-2/index.html]
[manoverboard.com/images/old-wordpress/2018/04/manoverboard-green-ux-checklist-v3-1-1600x9004c0c.jpg]
[manoverboard.com/blog/the-green-ux-checklist/index.html]
[manoverboard.com/images/old-wordpress/2018/03/DSCF4178-1600x900a236.jpg]
[manoverboard.com/images/old-wordpress/2018/02/maintain-manoverboard86e2.png]
[manoverboard.com/blog/building-brand-buzz-for-beeproject-apiaries/index.html]
[manoverboard.com/blog/preparing-for-the-worst-websites-in-emergency-situations/index.html]
[manoverboard.com/images/old-wordpress/2017/12/website-mainteance-1600x10679791.jpg]
[manoverboard.com/blog/our-website-maintenance/index.html]
[manoverboard.com/images/old-wordpress/2017/11/canada-landscape-1600x106733ad.jpg]
[manoverboard.com/blog/why-we-went-1-percent/index.html]
[manoverboard.com/images/old-wordpress/2017/10/manoverboard-rebranddead.gif]
[manoverboard.com/images/old-wordpress/2017/06/DucksScreen2-subwoofer-1024x6920c8e.jpg]
[manoverboard.com/blog/page2/index.html]
[manoverboard.com/blog/awwwards.html]
[manoverboard.com/blog/a-happy-desk/index.html]
[manoverboard.com/archive/design/awwwards.css]
[manoverboard.com/blog/fantastic-brands-and-where-to-find-them/index.html]
[manoverboard.com/blog/celebrating-canada-150/index.html]
[manoverboard.com/blog/the-purpose-project-recipe/index.html]
[manoverboard.com/images/old-wordpress/2017/02/yh4aelsobp4-alex-readf955.jpg]
[manoverboard.com/blog/10-sustainable-design-blogs-that-dont-suck/index.html]
[manoverboard.com/images/old-wordpress/2017/02/serving-green2629c.jpg]
[manoverboard.com/images/old-wordpress/2016/12/warsaw-ministry078a.jpg]
[manoverboard.com/blog/serving-green-a-web-initiative-for-a-far-more-sustainable-web/index.html]
[manoverboard.com/images/old-wordpress/2016/10/serving-green-banner-1a39e.jpg]
[manoverboard.com/images/old-wordpress/2016/06/download-1024x672973f.jpg]
[manoverboard.com/blog/a-wordpress-website-is-greater-than-the-sum-of-its-parts/index.html]
[manoverboard.com/uploads/pexels-suzy-hazelwood-199584213120.jpg]
[manoverboard.com/blog/toward-sustainably-served-news-sites-a-transcribed-presentation/index.html]
[manoverboard.com/images/old-wordpress/2016/06/blog3-01-01abf8.jpg]
[manoverboard.com/blog/how-to-create-consistently-killer-annual-reports/index.html]
[manoverboard.com/images/old-wordpress/2016/06/fwa-new-1024x5278e45.jpg]
[manoverboard.com/images/old-wordpress/2016/02/vw-vanagon-1024x708210c.jpg]
[manoverboard.com/blog/allnewfwa/index.html]
[manoverboard.com/blog/its-hard-to-see-whats-right-in-front-of-you/index.html]
[manoverboard.com/blog/we-are-all-analogue/index.html]
[manoverboard.com/images/old-wordpress/2016/02/camrera-window-1024x836217f.jpg]
[manoverboard.com/images/old-wordpress/2016/01/MOB-NY2015-Featured-Image-01b152.jpg]
[manoverboard.com/blog/new-year-new-wallpaper/index.html]
[manoverboard.com/images/old-wordpress/2015/11/IMG_123328dd.jpg]
[manoverboard.com/blog/aaron-draplin-and-purposeful-design/index.html]
[manoverboard.com/images/old-wordpress/2015/05/photo-bamboo-1024x68337ac.jpg]
[manoverboard.com/blog/creating-a-responsible-earth-friendly-website/index.html]
[manoverboard.com/uploads/pexels-keira-burton-608433016354.jpg]
[manoverboard.com/blog/get-to-the-point-millennials-want-content-brevity-insight-and-authenticity/index.html]
[manoverboard.com/images/old-wordpress/2015/01/laptop-1024x678ef2c.jpg]
[manoverboard.com/images/old-wordpress/2015/01/2mchwkn-792x1024bfca.jpg]
[manoverboard.com/blog/how-to-write-punchy-blog-posts-for-universities/index.html]
[manoverboard.com/blog/zyxwvutsrqponmlkjihgfedcba-and-design-accountability/index.html]
[manoverboard.com/images/old-wordpress/2014/08/OmidyarNetwork_Investment-1024x52524dd.jpg]
[manoverboard.com/blog/designing-impact-investment-an-overview/index.html]
[manoverboard.com/blog/6-large-non-profit-websites-you-need-to-see/index.html]
[manoverboard.com/blog/country-websites/index.html]
[manoverboard.com/blog/5-lessons-for-designing-a-good-university-website/index.html]
[manoverboard.com/images/old-wordpress/2014/05/sweden-canada-nav-1024x491b6b0.jpg]
[manoverboard.com/images/old-wordpress/2014/04/child-bookccad.jpg]
[manoverboard.com/images/old-wordpress/2014/04/3027412-poster-i-2-image-of-the-day-mad-men-new-season-1024x576dee8.jpg]
[manoverboard.com/blog/sustainability-by-design/index.html]
[manoverboard.com/blog/expecting-the-unexpected/index.html]
[manoverboard.com/images/old-wordpress/2014/03/apple-site-1024x692e360.jpg]
[manoverboard.com/blog/beyond-the-edge/index.html]
[manoverboard.com/uploads/pexels-karolina-grabowska-43864711015f.jpg]
[manoverboard.com/images/old-wordpress/2013/10/rbc_wcc_west-1024x597b9db.jpg]
[manoverboard.com/blog/generation-foundation-and-sustainable-capitalism/index.html]
[manoverboard.com/images/old-wordpress/2012/12/medium-screenshotf8f3.jpg]
[manoverboard.com/blog/medium-rare/index.html]
[manoverboard.com/images/old-wordpress/2012/06/chris-tarry-story-book11af.jpg]
[manoverboard.com/blog/junos/index.html]
[manoverboard.com/uploads/pexels-tranmautritam-25122510013.jpg]
[manoverboard.com/archive/design/index.html]
[manoverboard.com/images/old-wordpress/2013/04/01d5d3.jpg]
[manoverboard.com/blog/black-white-and-read-gdc-membership-brochure/index.html]
[manoverboard.com/archive/sustainability/awwwards.127.delayed]
[manoverboard.com/images/old-wordpress/2017/06/manoverboard-team-1600x1067e333.jpg]
[manoverboard.com/blog/manoverboard-a-good-company/index.html]
[manoverboard.com/images/old-wordpress/2017/03/tim-wright-147359-1024x6824bf9.jpg]
[manoverboard.com/blog/iceland-is-our-future/index.html]
[manoverboard.com/images/old-wordpress/2017/02/manoverboard-impact-clouds8ab7.jpg]
[manoverboard.com/images/old-wordpress/2016/09/Best-for-the-World-Blog-Post-01637d.png]
[manoverboard.com/blog/the-official-manoverboard-2016-impactnbspreport/index.html]
[manoverboard.com/images/old-wordpress/2016/02/canary-coal-mine-1024x836c324.jpg]
[manoverboard.com/blog/manoverboard-is-honoured-as-best-for-workers/index.html]
[manoverboard.com/blog/online-news-is-the-canary-in-the-coal-mine/index.html]
[manoverboard.com/images/old-wordpress/2016/09/Japanese_White_Pine_1625-2007_mobcea5.jpg]
[manoverboard.com/blog/the-sustainable-web/index.html]
[manoverboard.com/uploads/pexels-tomas-malik-25820051f751.jpg]
[manoverboard.com/blog/it-pays-to-be-transparent-in-your-business-websites-help/index.html]
[manoverboard.com/images/old-wordpress/2015/06/people-planet-prosperity-1024x68345ae.jpg]
[manoverboard.com/uploads/pexels-pixabay-67290176ce.jpg]
[manoverboard.com/blog/proud-to-be-re-certified-as-a-b-corporation/index.html]
[manoverboard.com/blog/bullfrog-powers-manoverboard/index.html]
[manoverboard.com/images/old-wordpress/2014/05/DSCF5980-1024x6151ccc.jpg]
[manoverboard.com/blog/30-days-in-brazil/index.html]
[manoverboard.com/images/old-wordpress/2014/12/green-website-hosting-1024x1024b31d.jpg]
[manoverboard.com/archive/sustainability/index.html]
[manoverboard.com/archive/technology/awwwards.css]
[manoverboard.com/blog/green-web-hosting-and-environmental-impact/index.html]
[manoverboard.com/images/old-wordpress/2017/05/timbernerslee-manoverboard2520.jpg]
[manoverboard.com/blog/sir-berners-lee-and-the-two-directives/index.html]
[manoverboard.com/images/old-wordpress/2017/01/giphya58f.gif]
[manoverboard.com/blog/the-casio-challenge/index.html]
[manoverboard.com/images/old-wordpress/2015/07/path-hecla-canada45e3.jpg]
[manoverboard.com/blog/can-canadian-technology-companies-be-a-force-for-good/index.html]
[manoverboard.com/images/old-wordpress/2015/01/UBC-1024x5912749.png]
[manoverboard.com/blog/university-websites-that-run-and-shine-on-wordpress/index.html]
[manoverboard.com/uploads/pexels-picjumbocom-1966501676b.jpg]
[manoverboard.com/blog/why-your-university-blog-needs-an-editorial-calendar/index.html]
[manoverboard.com/images/old-wordpress/2014/09/IMG_28187a12.jpg]
[manoverboard.com/blog/an-outbound-experience-at-inbound-2014/index.html]
[manoverboard.com/images/old-wordpress/2014/09/Screen-Shot-2014-09-10-at-4.59.31-PM9cf2.png]
[manoverboard.com/blog/top-5-reasons-why-non-profits-should-use-social-media/index.html]
[manoverboard.com/uploads/pexels-roman-koval-3059855190fa.jpg]
[manoverboard.com/blog/how-we-stormed-the-casl-an-email-consent-success-story/index.html]
[manoverboard.com/images/old-wordpress/2014/03/mob-ideas-banner-seo-sos1bafd.jpg]
[manoverboard.com/uploads/pexels-edmond-dantes-433947616964.jpg]
[manoverboard.com/archive/technology/index.html]
[manoverboard.com/blog/email-newsletters-and-social-media/index.html]
[manoverboard.com/blog/what-is-a-brand-standards-guide-and-does-my-organization-need-one/awwwards.13e.delayed]
[manoverboard.com/author/the-team.html]
[manoverboard.com/uploads/mob-guidelines-v3-page10b3f.jpg]
[manoverboard.com/uploads/mob-guidelines-v3-page20f4ce.jpg]
[manoverboard.com/blog/what-is-a-brand-standards-guide-and-does-my-organization-need-one/index.html]
[manoverboard.com/blog/wanted-one-amazing-project-coordinator/awwwards.144.delayed]
[manoverboard.com/blog/wanted-one-amazing-project-coordinator/index.html]
[manoverboard.com/archive/canada/index.html]
[manoverboard.com/blog/the-technical-side-of-launching-a-website/index.html]
[manoverboard.com/blog/who-is-responsible-for-online-privacy/awwwards.145.delayed]
[manoverboard.com/author/jenica-woitowicz.html]
[manoverboard.com/uploads/manoverboard-desk-with-cars9c4a.jpg]
[manoverboard.com/blog/who-is-responsible-for-online-privacy/index.html]
[manoverboard.com/archive/privacy/index.html]
[manoverboard.com/archive/development/index.html]
[manoverboard.com/blog/how-to-succeed-in-the-design-profession/awwwards.148.delayed]
[manoverboard.com/author/karen-niedzwiecki.html]
[manoverboard.com/uploads/KareniaNiedzwiecki-TheEnd-1024x877f4dd.jpg]
[manoverboard.com/blog/how-to-succeed-in-the-design-profession/index.html]
[manoverboard.com/blog/top-10-tips-for-design-students-returning-to-class-this-fall/awwwards.css]
[manoverboard.com/author/andrew-boardman.html]
[manoverboard.com/blog/top-10-tips-for-design-students-returning-to-class-this-fall/index.html]
[manoverboard.com/archive/education/index.html]
[manoverboard.com/blog/manoverboards-best-for-the-world-award-why-worker-well-being-matters/awwwards.css]
[manoverboard.com/uploads/img-9105db69.jpg]
[manoverboard.com/uploads/mob-bftw-2021-bcorp-linkedin-image-workers1efa.jpg]
[manoverboard.com/blog/manoverboards-best-for-the-world-award-why-worker-well-being-matters/index.html]
[manoverboard.com/archive/b-corp/index.html]
[manoverboard.com/blog/5-situations-that-call-for-refreshing-your-brand-identity/awwwards.css]
[manoverboard.com/blog/5-situations-that-call-for-refreshing-your-brand-identity/index.html]
[manoverboard.com/blog/jamstack-vs-wordpress-should-you-choose-a-static-website-for-your-organization/awwwards.css]
[manoverboard.com/blog/jamstack-vs-wordpress-should-you-choose-a-static-website-for-your-organization/index.html]
[manoverboard.com/archive/content-strategy/index.html]
[manoverboard.com/gutenberg-wordpress-editor/index.html]
[manoverboard.com/blog/how-we-overcame-the-hardest-part-of-becoming-a-certified-b-corporation-graphic-design-studio/awwwards.css]
[manoverboard.com/blog/how-we-overcame-the-hardest-part-of-becoming-a-certified-b-corporation-graphic-design-studio/index.html]
[manoverboard.com/blog/the-manitoba-studio-fund-righting-wrongs-through-scholarship/awwwards.css]
[manoverboard.com/serving-green-a-web-initiative-for-a-far-more-sustainable-web/index.html]
[manoverboard.com/uploads/manitoba-studio-fund-768x363338c.png]
[manoverboard.com/blog/the-manitoba-studio-fund-righting-wrongs-through-scholarship/index.html]
[manoverboard.com/blog/leaving-morley/awwwards.css]
[manoverboard.com/uploads/10258407-875012325847079-1429178122937905148-o27e9.jpg]
[manoverboard.com/uploads/157-manoverboard-1600x10672239.jpg]
[manoverboard.com/uploads/img-7780-1600x1200.jpeg]
[manoverboard.com/uploads/red-morley-1600x130553cb.jpg]
[manoverboard.com/blog/leaving-morley/index.html]
[manoverboard.com/hello/awwwards.html]
[manoverboard.com/work/adjuvant-capital/awwwards.html]
[manoverboard.com/_layouts/work-single/index.html]
[manoverboard.com/work/Bideawee/awwwards.html]
[manoverboard.com/uploads/nikkiworking4284.jpg]
[manoverboard.com/uploads/bid.jpg]
[manoverboard.com/uploads/brandstandards37403.jpg]
[manoverboard.com/work/ducks-unlimited/awwwards.html]
[manoverboard.com/work/fort-whyte-alive/awwwards.html]
[manoverboard.com/uploads/bideaweeslider135a4.jpg]
[manoverboard.com/work/greyston/awwwards.html]
[manoverboard.com/uploads/fwasubheaderbbc7.jpg]
[manoverboard.com/work/health-sciences-centre-foundation/awwwards.15a.delayed]
[manoverboard.com/uploads/hscf.jpg]
[manoverboard.com/uploads/hscfslider11d16.jpg]
[manoverboard.com/uploads/hscfslider2d85f.jpg]
[manoverboard.com/uploads/hscfslider3dceb.jpg]
[manoverboard.com/uploads/hscfslider44b33.jpg]
[manoverboard.com/uploads/hscfscreen1-14774.jpg]
[manoverboard.com/uploads/hscfaboutuse620.jpg]
[manoverboard.com/uploads/hscfhistory4ccc.jpg]
[manoverboard.com/uploads/hscfgroup-32x4a14.png]
[manoverboard.com/uploads/hscfbrandstandards1404c.jpg]
[manoverboard.com/uploads/hscfbrandstandards24f80.jpg]
[manoverboard.com/uploads/hscfbrandstandards346e9.jpg]
[manoverboard.com/uploads/hscfbrandstandards40a0c.jpg]
[manoverboard.com/work/health-sciences-centre-foundation/index.html]
[manoverboard.com/about/bcorp/awwwards.html]
[manoverboard.com/start-a-project/awwwards.html]
[manoverboard.com/images/form-arrowd01c.svg]
[manoverboard.com/privacy/awwwards.html]
[manoverboard.com/accessibility/awwwards.html]
[manoverboard.com/blog/accessibility-testing/awwwards.css]
[manoverboard.com/blog/accessibility-testing/index.html]
[manoverboard.com/images/most-popularc719.svg]
[manoverboard.com/work/web/awwwards.html]
[manoverboard.com/work/branding/awwwards.html]
[manoverboard.com/work/innoweave/awwwards.html]
[manoverboard.com/uploads/innoweaveslider2dceb.jpg]
[manoverboard.com/ribbons/awwwards_honorable_silver_left@2x0e79.png]
[manoverboard.com/work/mikva-challenge/awwwards.html]
[manoverboard.com/work/pitblado/awwwards.html]
[manoverboard.com/uploads/innoweaveslider34cea.jpg]
[manoverboard.com/uploads/innoweave-0001-our-impactf877.jpg]
[manoverboard.com/uploads/pitbladoslider38d1c.jpg]
[manoverboard.com/work/serving-green/awwwards.css]
[manoverboard.com/uploads/servinggreen.jpg]
[manoverboard.com/uploads/servinggreenslider1d4cc.jpg]
[manoverboard.com/uploads/servinggreenslider41a99.jpg]
[manoverboard.com/uploads/servinggreenslider29d87.jpg]
[manoverboard.com/uploads/servinggreen-0000-layer-1d523.jpg]
[manoverboard.com/uploads/servinggreen-0001-layer-3eddb.jpg]
[manoverboard.com/uploads/servinggreenlarge14597.jpg]
[manoverboard.com/work/serving-green/index.html]
[manoverboard.com/work/vibrant-oceans/awwwards.html]
[manoverboard.com/blog/purpose-project-2018-seeking-community-partners-in-change/awwwards.175.delayed]
[manoverboard.com/blog/purpose-project-2018-seeking-community-partners-in-change/index.html]
[manoverboard.com/images/purpose-project-white18ba.svg]
[manoverboard.com/about/code-of-ethics/awwwards.html]
[manoverboard.com/1-percent-for-the-planet/index.html]
[manoverboard.com/services/skills/awwwards.html]
[manoverboard.com/uploads/mbs-2-2-19d80.jpg]
[manoverboard.com/images/dot-collection-38c26.svg]
[manoverboard.com/images/dot-collection-11257.svg]
[manoverboard.com/images/dot-collection-2d672.svg]
[manoverboard.com/awwwards.css]
[manoverboard.com/services/audits/awwwards.css]
[manoverboard.com/blog/page3/awwwards.css]
[manoverboard.com/images/old-wordpress/2017/03/DesignRanch_KCMOCDE14_12927c.jpg]
[manoverboard.com/blog/page4/index.html]
[manoverboard.com/blog/communicating-impact-the-right-way/index.html]
[manoverboard.com/images/old-wordpress/2016/05/hms-invincible-1024x683c9c0.jpg]
[manoverboard.com/blog/marketing-and-military-language/index.html]
[manoverboard.com/images/old-wordpress/2016/05/DSCF6067-1024x682da69.jpg]
[manoverboard.com/images/old-wordpress/2016/04/DSCF550316e9.jpg]
[manoverboard.com/blog/page3/index.html]
[manoverboard.com/blog/page2/awwwards.html]
[manoverboard.com/blog/a-week-in-peru/index.html]
[manoverboard.com/blog/leading-by-example-and-design-an-interview-with-momentas-lise-brown/awwwards.css]
[manoverboard.com/blog/leading-by-example-and-design-an-interview-with-momentas-lise-brown/index.html]
[manoverboard.com/blog/field-trip-to-fortwhyte-alive/index.html]
[manoverboard.com/blog/during-the-covid-19-pandemic-we-remain-open/awwwards.css]
[manoverboard.com/blog/during-the-covid-19-pandemic-we-remain-open/index.html]
[manoverboard.com/blog/come-on-in-the-waters-fine/awwwards.css]
[manoverboard.com/author/natalie-kilimnik]
[manoverboard.com/blog/come-on-in-the-waters-fine/index.html]
[manoverboard.com/author/natalie-kilimnik/index.html]
[manoverboard.com/author/dan-lamb.html]
[manoverboard.com/images/old-wordpress/2019/11/design-thinkers-swissmiss-1600x1067649b.jpg]
[manoverboard.com/images/old-wordpress/2019/11/design-thinkers-standardsmanual-1600x10676180.jpg]
[manoverboard.com/images/old-wordpress/2019/11/design-thinkers-hey-1600x10673ecd.jpg]
[manoverboard.com/images/old-wordpress/2019/11/design-thinkers-dumbar-1600x1067923d.jpg]
[manoverboard.com/images/old-wordpress/2019/11/design-thinkers-adams-1600x10677f0f.jpg]
[manoverboard.com/images/old-wordpress/2019/11/design-thinkers-jacques-1600x1067c852.jpg]
[manoverboard.com/images/old-wordpress/2019/11/design-thinkers-collins-1600x106766e5.jpg]
[manoverboard.com/blog/design-thinkers-2019/index.html]
[manoverboard.com/blog/jekyll-and-forestry-sitting-in-tree/awwwards.css]
[manoverboard.com/author/nikki-wolfe.html]
[manoverboard.com/blog/jekyll-and-forestry-sitting-in-tree/index.html]
[manoverboard.com/blog/to-gutenberg-or-not-to-gutenberg-that-is-the-good-question/awwwards.css]
[manoverboard.com/uploads/gutenbergimpremta4f07.jpg]
[manoverboard.com/blog/to-gutenberg-or-not-to-gutenberg-that-is-the-good-question/index.html]
[manoverboard.com/blog/who-needs-wordpress-maintenance/awwwards.css]
[manoverboard.com/blog/who-needs-wordpress-maintenance/index.html]
[manoverboard.com/blog/why-we-are-supporting-the-climate-strike-in-september-2019/awwwards.css]
[manoverboard.com/images/old-wordpress/2019/08/strikes-template-mob3112.jpg]
[manoverboard.com/blog/why-we-are-supporting-the-climate-strike-in-september-2019/index.html]
[manoverboard.com/serving-green-mechanics-of-creating-a-sustainable-website/index.html]
[manoverboard.com/blog/we-made-a-brand-new-lorem-2/awwwards.18f.delayed]
[manoverboard.com/blog/we-made-a-brand-new-lorem-2/index.html]
[manoverboard.com/blog/the-green-ux-checklist/awwwards.css]
[manoverboard.com/blog/the-green-ux-checklist/index.html]
[manoverboard.com/blog/building-brand-buzz-for-beeproject-apiaries/awwwards.css]
[manoverboard.com/author/kathy-driscoll]
[manoverboard.com/author/kathy-driscoll/index.html]
[manoverboard.com/images/old-wordpress/2018/03/hive-signage-1600x900ea3a.jpg]
[manoverboard.com/images/old-wordpress/2018/03/stickers-1600x108822e4.png]
[manoverboard.com/images/old-wordpress/2018/03/bee-project-1-1600x9001e57.jpg]
[manoverboard.com/images/old-wordpress/2018/03/brand-samples-1600x106705ff.jpg]
[manoverboard.com/images/old-wordpress/2018/03/BeeProject-Window-Signage-Mockup1-V1-1600x106389de.png]
[manoverboard.com/blog/building-brand-buzz-for-beeproject-apiaries/index.html]
[manoverboard.com/blog/preparing-for-the-worst-websites-in-emergency-situations/awwwards.19a.delayed]
[manoverboard.com/images/old-wordpress/2018/02/heartshare-admin-screenshot-268ec.gif]
[manoverboard.com/images/old-wordpress/2018/02/snowflakeplace-screenshote359.png]
[manoverboard.com/blog/preparing-for-the-worst-websites-in-emergency-situations/index.html]
[manoverboard.com/wordpress-maintenance-plans/index.html]
[manoverboard.com/work/heartshare/index.html]
[manoverboard.com/blog/our-website-maintenance/awwwards.css]
[manoverboard.com/author/jory]
[manoverboard.com/blog/our-website-maintenance/index.html]
[manoverboard.com/author/jory/index.html]
[manoverboard.com/blog/why-we-went-1-percent/awwwards.css]
[manoverboard.com/blog/why-we-went-1-percent/index.html]
[manoverboard.com/b-corporation/index.html]
[manoverboard.com/blog/fantastic-brands-and-where-to-find-them/awwwards.css]
[manoverboard.com/images/old-wordpress/2017/10/MOB_BrandGuidelines-hr_Page_12cc3f.png]
[manoverboard.com/images/old-wordpress/2017/10/MOB_BrandGuidelines-hr_Page_25860f.png]
[manoverboard.com/blog/fantastic-brands-and-where-to-find-them/index.html]
[manoverboard.com/blog/a-happy-desk/awwwards.css]
[manoverboard.com/we-got-ourselves-a-new-website/index.html]
[manoverboard.com/images/old-wordpress/2017/06/code1201.jpg]
[manoverboard.com/images/old-wordpress/2017/06/Untitled-27ec6.jpg]
[manoverboard.com/images/old-wordpress/2017/06/IMG_1944-2c916.jpg]
[manoverboard.com/blog/a-happy-desk/index.html]
[manoverboard.com/archive/design/awwwards.html]
[manoverboard.com/blog/celebrating-canada-150/awwwards.css]
[manoverboard.com/images/old-wordpress/2017/06/canada-flag-1c7b9.gif]
[manoverboard.com/images/old-wordpress/2017/06/canada-100-logo7b61.gif]
[manoverboard.com/blog/celebrating-canada-150/index.html]
[manoverboard.com/images/old-wordpress/2017/06/canada-150-logo4c08.gif]
[manoverboard.com/blog/the-purpose-project-recipe/awwwards.css]
[manoverboard.com/blog/the-purpose-project-recipe/index.html]
[manoverboard.com/images/old-wordpress/2017/03/PP-SM_insta-1980f.png]
[manoverboard.com/blog/10-sustainable-design-blogs-that-dont-suck/awwwards.css]
[manoverboard.com/author/robyn]
[manoverboard.com/blog/10-sustainable-design-blogs-that-dont-suck/index.html]
[manoverboard.com/author/robyn/index.html]
[manoverboard.com/blog/designers-and-despotism/index.html]
[manoverboard.com/blog/serving-green-a-web-initiative-for-a-far-more-sustainable-web/awwwards.1ae.delayed]
[manoverboard.com/blog/serving-green-a-web-initiative-for-a-far-more-sustainable-web/index.html]
[manoverboard.com/blog/a-wordpress-website-is-greater-than-the-sum-of-its-parts/awwwards.css]
[manoverboard.com/blog/a-wordpress-website-is-greater-than-the-sum-of-its-parts/index.html]
[manoverboard.com/blog/toward-sustainably-served-news-sites-a-transcribed-presentation/awwwards.css]
[manoverboard.com/images/old-wordpress/2016/07/news-collage7548.png]
[manoverboard.com/images/old-wordpress/2016/07/Screen-Shot-2016-07-07-at-2.17.50-PM5ef0.png]
[manoverboard.com/images/old-wordpress/2016/07/Screen-Shot-2016-07-07-at-2.22.36-PM-1c950.png]
[manoverboard.com/images/old-wordpress/2016/07/Screen-Shot-2016-07-07-at-1.48.40-PM2c1b.png]
[manoverboard.com/images/old-wordpress/2016/07/Screen-Shot-2016-07-07-at-1.49.41-PM3f50.png]
[manoverboard.com/images/old-wordpress/2016/07/Screen-Shot-2016-07-07-at-1.45.02-PM29e2.png]
[manoverboard.com/images/old-wordpress/2016/07/Screen-Shot-2016-07-07-at-1.45.11-PM9fb3.png]
[manoverboard.com/images/old-wordpress/2016/07/Screen-Shot-2016-07-07-at-2.28.51-PM1d43.png]
[manoverboard.com/images/old-wordpress/2016/07/Screen-Shot-2016-07-07-at-1.43.08-PMdd8a.png]
[manoverboard.com/blog/toward-sustainably-served-news-sites-a-transcribed-presentation/index.html]
[manoverboard.com/blog/how-to-create-consistently-killer-annual-reports/awwwards.css]
[manoverboard.com/blog/how-to-create-consistently-killer-annual-reports/index.html]
[manoverboard.com/blog/allnewfwa/awwwards.css]
[manoverboard.com/author/jory-kruspe.html]
[manoverboard.com/images/old-wordpress/2016/06/fwa-header-1024x4660e0d.jpg]
[manoverboard.com/images/old-wordpress/2016/06/fwa-jury-1024x554a024.jpg]
[manoverboard.com/blog/allnewfwa/index.html]
[manoverboard.com/blog/its-hard-to-see-whats-right-in-front-of-you/awwwards.css]
[manoverboard.com/images/old-wordpress/2016/02/AppleWirelessKeyboard.jpg]
[manoverboard.com/images/old-wordpress/2016/02/AppleWirelessKeyboard-1024x50996c4.jpg]
[manoverboard.com/blog/its-hard-to-see-whats-right-in-front-of-you/index.html]
[manoverboard.com/blog/we-are-all-analogue/awwwards.css]
[manoverboard.com/images/old-wordpress/2016/01/Super_8_Side_A_White-1024x7177173.jpg]
[manoverboard.com/images/old-wordpress/2016/02/photo-1453000109878-d4619d01587c.jpg]
[manoverboard.com/images/old-wordpress/2016/02/photo-1453000109878-d4619d01587c-1024x7107e73.jpg]
[manoverboard.com/images/old-wordpress/2016/02/giphye95e.gif]
[manoverboard.com/blog/we-are-all-analogue/index.html]
[manoverboard.com/images/old-wordpress/2016/01/MOB-2015-Wallpaper-01.jpg]
[manoverboard.com/blog/new-year-new-wallpaper/index.html]
[manoverboard.com/images/old-wordpress/2016/01/MOB-NY2015-Thanks-01696e.png]
[manoverboard.com/blog/aaron-draplin-and-purposeful-design/awwwards.css]
[manoverboard.com/blog/aaron-draplin-and-purposeful-design/index.html]
[manoverboard.com/blog/creating-a-responsible-earth-friendly-website/awwwards.css]
[manoverboard.com/blog/creating-a-responsible-earth-friendly-website/index.html]
[manoverboard.com/blog/get-to-the-point-millennials-want-content-brevity-insight-and-authenticity/awwwards.css]
[manoverboard.com/images/old-wordpress/2015/05/Smartphone-wirepost-Chart-1-300x281e022.jpg]
[manoverboard.com/blog/get-to-the-point-millennials-want-content-brevity-insight-and-authenticity/index.html]
[manoverboard.com/blog/how-to-write-punchy-blog-posts-for-universities/awwwards.css]
[manoverboard.com/author/manoverboard]
[manoverboard.com/author/manoverboard/index.html]
[manoverboard.com/uploads/camera-1024x576-15551.jpg]
[manoverboard.com/university-websites-that-run-and-shine-on-wordpress]
[manoverboard.com/blog/how-to-write-punchy-blog-posts-for-universities/index.html]
[manoverboard.com/5-lessons-for-designing-a-good-university-website/index.html]
[manoverboard.com/university-websites-that-run-and-shine-on-wordpress/index.html]
[manoverboard.com/blog/zyxwvutsrqponmlkjihgfedcba-and-design-accountability/awwwards.1d4.delayed]
[manoverboard.com/blog/zyxwvutsrqponmlkjihgfedcba-and-design-accountability/index.html]
[manoverboard.com/blog/designing-impact-investment-an-overview/awwwards.css]
[manoverboard.com/author/vivek]
[manoverboard.com/author/vivek/index.html]
[manoverboard.com/images/old-wordpress/2014/08/Square-with-bkgd.jpg]
[manoverboard.com/images/old-wordpress/2014/08/Square-with-bkgd-1024x1019ce8d.jpg]
[manoverboard.com/images/old-wordpress/2014/08/DtM-Firefly.jpg]
[manoverboard.com/images/old-wordpress/2014/08/DtM-Firefly-1024x6799e54.jpg]
[manoverboard.com/images/old-wordpress/2014/08/OmidyarNetwork_Main.jpg]
[manoverboard.com/images/old-wordpress/2014/08/OmidyarNetwork_Main-1024x513d953.jpg]
[manoverboard.com/images/old-wordpress/2014/08/OmidyarNetwork_PrivateCapital.jpg]
[manoverboard.com/images/old-wordpress/2014/08/OmidyarNetwork_PrivateCapital-1024x531653b.jpg]
[manoverboard.com/images/old-wordpress/2014/08/OmidyarNetwork_Investment.jpg]
[manoverboard.com/blog/designing-impact-investment-an-overview/index.html]
[manoverboard.com/author/marianne]
[manoverboard.com/author/marianne/index.html]
[manoverboard.com/images/old-wordpress/2014/07/Screen-Shot-2014-07-08-at-3.33.53-PM-1024x4947750.png]
[manoverboard.com/images/old-wordpress/2014/07/Screen-Shot-2014-07-08-at-3.51.00-PM-1024x603049a.png]
[manoverboard.com/images/old-wordpress/2014/07/Screen-Shot-2014-07-17-at-1.32.34-PM-1024x4889063.png]
[manoverboard.com/blog/6-large-non-profit-websites-you-need-to-see/index.html]
[manoverboard.com/images/old-wordpress/2014/07/Screen-Shot-2014-07-08-at-4.51.00-PM-1024x519890e.png]
[manoverboard.com/images/old-wordpress/2014/07/Screen-Shot-2014-07-08-at-4.39.22-PM-1024x488a7ad.png]
[manoverboard.com/blog/5-lessons-for-designing-a-good-university-website/awwwards.1e7.delayed]
[manoverboard.com/blog/5-lessons-for-designing-a-good-university-website/index.html]
[manoverboard.com/images/old-wordpress/2014/06/brown-university-graduation-2014.jpg]
[manoverboard.com/blog/country-websites/awwwards.css]
[manoverboard.com/images/old-wordpress/2014/06/brown-university-graduation-2014b95a.jpg]
[manoverboard.com/images/old-wordpress/2014/05/sweden-history-1024x6881caf.jpg]
[manoverboard.com/blog/country-websites/index.html]
[manoverboard.com/blog/expecting-the-unexpected/index.html]
[manoverboard.com/blog/sustainability-by-design/index.html]
[manoverboard.com/images/old-wordpress/2014/04/i-love-nybced.jpg]
[manoverboard.com/blog/beyond-the-edge/awwwards.1f0.delayed]
[manoverboard.com/images/old-wordpress/2014/03/jumpman23-jordan-blast-1024x6860d18.jpg]
[manoverboard.com/images/old-wordpress/2014/03/wolfcreek-bigspaceship-1024x722fb53.jpg]
[manoverboard.com/blog/beyond-the-edge/index.html]
[manoverboard.com/blog/generation-foundation-and-sustainable-capitalism/awwwards.css]
[manoverboard.com/blog/generation-foundation-and-sustainable-capitalism/index.html]
[manoverboard.com/blog/canadas-newest-convention-centre-website/index.html]
[manoverboard.com/blog/medium-rare/awwwards.css]
[manoverboard.com/images/old-wordpress/2012/12/medium-screenshot.jpg]
[manoverboard.com/blog/medium-rare/index.html]
[manoverboard.com/blog/junos/awwwards.css]
[manoverboard.com/images/old-wordpress/2012/06/chris-tarry-story-book.jpg]
[manoverboard.com/blog/junos/index.html]
[manoverboard.com/blog/responsive-web-design-toward/index.html]
[manoverboard.com/blog/barack-obama-dot-game/index.html]
[manoverboard.com/uploads/pexels-matthis-volquardsen-2091161180f8.jpg]
[manoverboard.com/blog/black-white-and-read-gdc-membership-brochure/awwwards.css]
[manoverboard.com/media/membership-brochure-2013-web.pdf]
[manoverboard.com/blog/black-white-and-read-gdc-membership-brochure/index.html]
[manoverboard.com/archive/sustainability/awwwards.html]
[manoverboard.com/blog/manoverboard-a-good-company/awwwards.css]
[manoverboard.com/blog/manoverboard-a-good-company/index.html]
[manoverboard.com/manoverboard-is-honoured-as-best-for-workers/index.html]
[manoverboard.com/blog/iceland-is-our-future/awwwards.css]
[manoverboard.com/images/old-wordpress/2017/03/frank-denney-91407-1024x683a51a.jpg]
[manoverboard.com/blog/iceland-is-our-future/index.html]
[manoverboard.com/blog/the-official-manoverboard-2016-impactnbspreport/awwwards.css]
[manoverboard.com/blog/the-official-manoverboard-2016-impactnbspreport/index.html]
[manoverboard.com/blog/manoverboard-is-honoured-as-best-for-workers/awwwards.css]
[manoverboard.com/blog/manoverboard-is-honoured-as-best-for-workers/index.html]
[manoverboard.com/blog/online-news-is-the-canary-in-the-coal-mine/awwwards.css]
[manoverboard.com/blog/online-news-is-the-canary-in-the-coal-mine/index.html]
[manoverboard.com/blog/the-sustainable-web/awwwards.css]
[manoverboard.com/blog/the-sustainable-web/index.html]
[manoverboard.com/blog/it-pays-to-be-transparent-in-your-business-websites-help/awwwards.css]
[manoverboard.com/images/old-wordpress/2015/07/lighthouse-hecla658f.jpg]
[manoverboard.com/blog/it-pays-to-be-transparent-in-your-business-websites-help/index.html]
[manoverboard.com/blog/proud-to-be-re-certified-as-a-b-corporation/awwwards.css]
[manoverboard.com/blog/proud-to-be-re-certified-as-a-b-corporation/index.html]
[manoverboard.com/blog/bullfrog-powers-manoverboard/awwwards.css]
[manoverboard.com/blog/bullfrog-powers-manoverboard/index.html]
[manoverboard.com/images/old-wordpress/2014/06/bullfrog-logo-300x2006f09.png]
[manoverboard.com/blog/30-days-in-brazil/awwwards.css]
[manoverboard.com/images/old-wordpress/2014/05/DSCF9952-1024x4608d25.jpg]
[manoverboard.com/images/old-wordpress/2014/05/DSCF7652-1024x6827896.jpg]
[manoverboard.com/images/old-wordpress/2014/05/DSCF6710-1024x5367c8d.jpg]
[manoverboard.com/images/old-wordpress/2014/05/DSCF7688-1024x512bfb2.jpg]
[manoverboard.com/blog/30-days-in-brazil/index.html]
[manoverboard.com/blog/green-web-hosting-and-environmental-impact/awwwards.css]
[manoverboard.com/images/old-wordpress/2016/06/green-web-hosting-whitepaper-2337b.pdf]
[manoverboard.com/blog/green-web-hosting-and-environmental-impact/index.html]
[manoverboard.com/archive/technology/awwwards.html]
[manoverboard.com/blog/sir-berners-lee-and-the-two-directives/awwwards.css]
[manoverboard.com/blog/sir-berners-lee-and-the-two-directives/index.html]
[manoverboard.com/blog/the-casio-challenge/awwwards.css]
[manoverboard.com/images/old-wordpress/2017/01/giphy-1186a.gif]
[manoverboard.com/images/old-wordpress/2017/01/casio-watchb210.png]
[manoverboard.com/blog/the-casio-challenge/index.html]
[manoverboard.com/images/old-wordpress/2017/01/simpsonsd13d.gif]
[manoverboard.com/blog/can-canadian-technology-companies-be-a-force-for-good/awwwards.css]
[manoverboard.com/blog/can-canadian-technology-companies-be-a-force-for-good/index.html]
[manoverboard.com/blog/university-websites-that-run-and-shine-on-wordpress/awwwards.css]
[manoverboard.com/images/old-wordpress/2015/01/Harvard-1024x5124434.png]
[manoverboard.com/images/old-wordpress/2015/01/Oregon-State-1024x520e69f.png]
[manoverboard.com/images/old-wordpress/2015/01/UFC-1024x540d21b.png]
[manoverboard.com/blog/university-websites-that-run-and-shine-on-wordpress/index.html]
[manoverboard.com/blog/why-your-university-blog-needs-an-editorial-calendar/awwwards.css]
[manoverboard.com/images/old-wordpress/2015/01/Screen-Shot-2015-01-06-at-11.35.41-AM-1024x509ef83.png]
[manoverboard.com/blog/why-your-university-blog-needs-an-editorial-calendar/index.html]
[manoverboard.com/images/old-wordpress/2014/09/inbound2014-conferenceed2a.jpg]
[manoverboard.com/blog/an-outbound-experience-at-inbound-2014/index.html]
[manoverboard.com/blog/top-5-reasons-why-non-profits-should-use-social-media/awwwards.21e.delayed]
[manoverboard.com/images/old-wordpress/2014/09/social-iconscd3e.jpg]
[manoverboard.com/images/old-wordpress/2014/09/RED-1024x393ef5c.jpg]
[manoverboard.com/blog/top-5-reasons-why-non-profits-should-use-social-media/index.html]
[manoverboard.com/blog/how-we-stormed-the-casl-an-email-consent-success-story/awwwards.css]
[manoverboard.com/images/old-wordpress/2014/07/ThreeThings_toThinkAbout_large-enga440.jpg]
[manoverboard.com/blog/how-we-stormed-the-casl-an-email-consent-success-story/index.html]
[manoverboard.com/blog/seo-sos/index.html]
[manoverboard.com/blog/email-newsletters-and-social-media/awwwards.223.delayed]
[manoverboard.com/blog/email-newsletters-and-social-media/index.html]
[manoverboard.com/blog/what-is-a-brand-standards-guide-and-does-my-organization-need-one/awwwards.html]
[manoverboard.com/author/the-team-2.html]
[manoverboard.com/author/awwwards.css]
[manoverboard.com/author/the-team.html]
[manoverboard.com/uploads/mob-guidelines-v3-page10c222.jpg]
[manoverboard.com/blog/wanted-one-amazing-project-coordinator/awwwards.html]
[manoverboard.com/archive/business/index.html]
[manoverboard.com/archive/social-responsibility/index.html]
[manoverboard.com/archive/canada/awwwards.226.delayed]
[manoverboard.com/images/old-wordpress/2014/11/FullSizeRender-1024x768c2fc.jpg]
[manoverboard.com/images/old-wordpress/2013/06/b-corp-intob78b.jpg]
[manoverboard.com/archive/canada/index.html]
[manoverboard.com/blog/b-the-change-winnipeg/index.html]
[manoverboard.com/blog/manoverboard-becomes-a-certified-b-corporation/index.html]
[manoverboard.com/blog/the-technical-side-of-launching-a-website/awwwards.css]
[manoverboard.com/blog/the-technical-side-of-launching-a-website/index.html]
[manoverboard.com/blog/who-is-responsible-for-online-privacy/awwwards.html]
[manoverboard.com/blog/privacy-policies-cookie-consent/index.html]
[manoverboard.com/author/jenica-woitowicz-2.html]
[manoverboard.com/author/jenica-woitowicz.html]
[manoverboard.com/archive/development/awwwards.css]
[manoverboard.com/archive/development/index.html]
[manoverboard.com/archive/privacy/awwwards.css]
[manoverboard.com/archive/privacy/index.html]
[manoverboard.com/blog/how-to-succeed-in-the-design-profession/awwwards.html]
[manoverboard.com/author/karen-niedzwiecki-2.html]
[manoverboard.com/author/karen-niedzwiecki.html]
[manoverboard.com/blog/top-10-tips-for-design-students-returning-to-class-this-fall/awwwards.html]
[manoverboard.com/author/andrew-boardman-2.html]
[manoverboard.com/uploads/pexels-burst-37400613ef9.jpg]
[manoverboard.com/images/old-wordpress/2015/08/IMG_4922-1024x10246d65.jpg]
[manoverboard.com/blog/can-corporate-social-responsibility-build-brand-loyalty-and-engagement/index.html]
[manoverboard.com/uploads/pexels-burst-374710183a7.jpg]
[manoverboard.com/blog/the-tipping-point-for-corporate-social-responsibility-csr-and-b-corporations/index.html]
[manoverboard.com/uploads/pexels-pixabay-37274812976.jpg]
[manoverboard.com/blog/building-a-sustainable-writing-practice/index.html]
[manoverboard.com/images/old-wordpress/2013/10/RetreatMountainGraphic130a1.jpg]
[manoverboard.com/author/andrew-boardman.html]
[manoverboard.com/archive/education/awwwards.css]
[manoverboard.com/blog/b-corp-retreat-backward/index.html]
[manoverboard.com/images/old-wordpress/2016/05/DSCF0272-1-1024x68337f9.jpg]
[manoverboard.com/blog/you-are-now-entering-the-flux/index.html]
[manoverboard.com/images/old-wordpress/2014/11/state-nonprofits6787.jpg]
[manoverboard.com/archive/education/index.html]
[manoverboard.com/blog/manoverboards-best-for-the-world-award-why-worker-well-being-matters/awwwards.html]
[manoverboard.com/archive/b-corp/awwwards.css]
[manoverboard.com/archive/b-corp/index.html]
[manoverboard.com/blog/5-situations-that-call-for-refreshing-your-brand-identity/awwwards.html]
[manoverboard.com/blog/in-what-state-is-your-non-profit-blog/index.html]
[manoverboard.com/blog/manoverboard-inc-made-the-2014-b-corp-best-for-workers-list/index.html]
[manoverboard.com/archive/content-strategy/awwwards.239.delayed]
[manoverboard.com/archive/content-strategy/index.html]
[manoverboard.com/blog/jamstack-vs-wordpress-should-you-choose-a-static-website-for-your-organization/awwwards.html]
[manoverboard.com/gutenberg-wordpress-editor/index.html]
[manoverboard.com/blog/how-we-overcame-the-hardest-part-of-becoming-a-certified-b-corporation-graphic-design-studio/awwwards.html]
[manoverboard.com/serving-green-a-web-initiative-for-a-far-more-sustainable-web/index.html]
[manoverboard.com/blog/the-manitoba-studio-fund-righting-wrongs-through-scholarship/awwwards.html]
[manoverboard.com/blog/leaving-morley/awwwards.html]
[manoverboard.com/uploads/img-7780-1600x1200.html]
[manoverboard.com/uploads/fwavisit07c4.jpg]
[manoverboard.com/uploads/website3df93.jpg]
[manoverboard.com/uploads/greystonslider4ff36.jpg]
[manoverboard.com/work/health-sciences-centre-foundation/awwwards.html]
[manoverboard.com/archive/wordpress/index.html]
[manoverboard.com/blog/accessibility-testing/awwwards.html]
[manoverboard.com/uploads/hscfgroup-22x6096.png]
[manoverboard.com/work/serving-green/awwwards.html]
[manoverboard.com/uploads/servinggreenslider3deb2.jpg]
[manoverboard.com/about/awwwards.css]
[manoverboard.com/blog/purpose-project-2018-seeking-community-partners-in-change/awwwards.html]
[manoverboard.com/awwwards.css]
[manoverboard.com/blog/bideawee-launches-animals-throughout-new-york-celebrate/index.html]
[manoverboard.com/uploads/servinggreenlarge-0000-layer-20fc1.jpg]
[manoverboard.com/services/website-care/awwwards.css]
[manoverboard.com/services/website-care/index.html]
[manoverboard.com/services/audits/awwwards.css]
[manoverboard.com/blog/page4/index.html]
[manoverboard.com/blog/page3/awwwards.html]
[manoverboard.com/archive/website-care/index.html]
[manoverboard.com/images/old-wordpress/2017/03/robyn-march-post-img02-1df16.jpg]
[manoverboard.com/images/old-wordpress/2017/03/robyn-march-post-img03e813.jpg]
[manoverboard.com/images/old-wordpress/2017/03/Oz_Harvest-05f7ba.jpg]
[manoverboard.com/images/old-wordpress/2017/03/robyn-march-post-img043d6a.jpg]
[manoverboard.com/images/old-wordpress/2017/03/robyn-march-post-img05252a.jpg]
[manoverboard.com/blog/communicating-impact-the-right-way/index.html]
[manoverboard.com/blog/marketing-and-military-language/awwwards.css]
[manoverboard.com/blog/marketing-and-military-language/index.html]
[manoverboard.com/blog/a-week-in-peru/awwwards.css]
[manoverboard.com/images/old-wordpress/2016/05/mp-1024x682b135.jpg]
[manoverboard.com/images/old-wordpress/2016/05/DSCF5929-682x10247451.jpg]
[manoverboard.com/images/old-wordpress/2016/05/DSCF6030-682x10240230.jpg]
[manoverboard.com/images/old-wordpress/2016/05/DSCF5808-1024x682dd18.jpg]
[manoverboard.com/images/old-wordpress/2016/05/Q5MuTuYnFJ4YZJHk1cZbzuZagkslJ9qYiGqS5H1LZVo-1024x682e18c.jpg]
[manoverboard.com/images/old-wordpress/2016/05/ZETDaveoTAQd6IUg4XLs3fnhmSZtYdp4Xhsokj8JH70-1024x6821992.jpg]
[manoverboard.com/images/old-wordpress/2016/05/1XmOdZ9PYZiJFHIPG16zQD5OzcJPNEB7jUqBPYupycY-1024x6826e68.jpg]
[manoverboard.com/images/old-wordpress/2016/05/DSCF6139-1024x682a972.jpg]
[manoverboard.com/images/old-wordpress/2016/05/DSCF6137-1024x682dc9a.jpg]
[manoverboard.com/images/old-wordpress/2016/05/DSCF6166-1024x682e385.jpg]
[manoverboard.com/images/old-wordpress/2016/05/DSCF7039-1-1024x682e7fb.jpg]
[manoverboard.com/images/old-wordpress/2016/05/DSCF8058-682x10241f50.jpg]
[manoverboard.com/images/old-wordpress/2016/05/DSCF7974-682x10247dc8.jpg]
[manoverboard.com/images/old-wordpress/2016/05/DSCF8074-682x10248d76.jpg]
[manoverboard.com/images/old-wordpress/2016/05/DSCF7467-682x1024b5a1.jpg]
[manoverboard.com/images/old-wordpress/2016/05/DSCF7615-1024x682db24.jpg]
[manoverboard.com/images/old-wordpress/2016/05/DSCF7672-682x10245c61.jpg]
[manoverboard.com/images/old-wordpress/2016/05/DSCF7737-682x10249031.jpg]
[manoverboard.com/images/old-wordpress/2016/05/DSCF7630-1024x6826d5f.jpg]
[manoverboard.com/images/old-wordpress/2016/05/DSCF9397-682x1024f9a4.jpg]
[manoverboard.com/images/old-wordpress/2016/05/DSCF9171-1024x682d721.jpg]
[manoverboard.com/images/old-wordpress/2016/05/DSCF6418-682x1024b315.jpg]
[manoverboard.com/images/old-wordpress/2016/05/DSCF9185-b-682x1024aa9c.jpg]
[manoverboard.com/images/old-wordpress/2016/05/DSCF9507-1-1024x6828dfb.jpg]
[manoverboard.com/images/old-wordpress/2016/05/DSCF9482-1024x682a360.jpg]
[manoverboard.com/images/old-wordpress/2016/05/DSCF9487-1024x6827e6d.jpg]
[manoverboard.com/images/old-wordpress/2016/05/DSCF8837-1024x6824d31.jpg]
[manoverboard.com/images/old-wordpress/2016/05/DSCF8700-682x102444d4.jpg]
[manoverboard.com/images/old-wordpress/2016/05/DSCF9012-682x1024561e.jpg]
[manoverboard.com/images/old-wordpress/2016/05/DSCF8760-1024x68288cf.jpg]
[manoverboard.com/images/old-wordpress/2016/05/DSCF8644a4cb.jpg]
[manoverboard.com/images/old-wordpress/2016/05/DSCF8522dbb1.jpg]
[manoverboard.com/images/old-wordpress/2016/05/DSCF8769-682x1024e606.jpg]
[manoverboard.com/blog/a-week-in-peru/index.html]
[manoverboard.com/images/old-wordpress/2016/05/DSCF8720-682x1024b114.jpg]
[manoverboard.com/blog/field-trip-to-fortwhyte-alive/awwwards.css]
[manoverboard.com/images/old-wordpress/2016/04/DSCF5434_fieldtrip68b9.jpg]
[manoverboard.com/images/old-wordpress/2016/04/DSCF5429995b.jpg]
[manoverboard.com/images/old-wordpress/2016/04/DSCF5441bf64.jpg]
[manoverboard.com/images/old-wordpress/2016/04/DSCF53921eca.jpg]
[manoverboard.com/images/old-wordpress/2016/04/DSCF54467c67.jpg]
[manoverboard.com/images/old-wordpress/2016/04/DSCF545621bb.jpg]
[manoverboard.com/images/old-wordpress/2016/04/DSCF54570d50.jpg]
[manoverboard.com/images/old-wordpress/2016/04/DSCF54667bf4.jpg]
[manoverboard.com/images/old-wordpress/2016/04/DSCF54700e02.jpg]
[manoverboard.com/blog/field-trip-to-fortwhyte-alive/index.html]
[manoverboard.com/blog/leading-by-example-and-design-an-interview-with-momentas-lise-brown/awwwards.html]
[manoverboard.com/blog/during-the-covid-19-pandemic-we-remain-open/awwwards.html]
[manoverboard.com/blog/come-on-in-the-waters-fine/awwwards.html]
[manoverboard.com/author/natalie-kilimnik/index.html]
[manoverboard.com/images/old-wordpress/2016/04/DSCF549263f9.jpg]
[manoverboard.com/blog/design-thinkers-2019/awwwards.css]
[manoverboard.com/author/dan-lamb.279.delayed]
[manoverboard.com/author/dan-lamb.html]
[manoverboard.com/blog/jekyll-and-forestry-sitting-in-tree/awwwards.html]
[manoverboard.com/author/nikki-wolfe-2.html]
[manoverboard.com/author/nikki-wolfe.html]
[manoverboard.com/blog/to-gutenberg-or-not-to-gutenberg-that-is-the-good-question/awwwards.html]
[manoverboard.com/blog/who-needs-wordpress-maintenance/awwwards.html]
[manoverboard.com/blog/why-we-are-supporting-the-climate-strike-in-september-2019/awwwards.html]
[manoverboard.com/serving-green-mechanics-of-creating-a-sustainable-website/index.html]
[manoverboard.com/blog/we-made-a-brand-new-lorem-2/awwwards.html]
[manoverboard.com/blog/the-green-ux-checklist/awwwards.html]
[manoverboard.com/blog/building-brand-buzz-for-beeproject-apiaries/awwwards.html]
[manoverboard.com/author/kathy-driscoll/index.html]
[manoverboard.com/images/old-wordpress/2018/03/Business-Card-Mockup-1600x900757c.jpg]
[manoverboard.com/images/old-wordpress/2018/03/DSCF4322-1600x1067dd96.jpg]
[manoverboard.com/blog/preparing-for-the-worst-websites-in-emergency-situations/awwwards.html]
[manoverboard.com/work/heartshare/index.html]
[manoverboard.com/wordpress-maintenance-plans/index.html]
[manoverboard.com/blog/our-website-maintenance/awwwards.html]
[manoverboard.com/author/jory/index.html]
[manoverboard.com/blog/why-we-went-1-percent/awwwards.html]
[manoverboard.com/b-corporation/index.html]
[manoverboard.com/blog/fantastic-brands-and-where-to-find-them/awwwards.html]
[manoverboard.com/we-got-ourselves-a-new-website/index.html]
[manoverboard.com/blog/a-happy-desk/awwwards.html]
[manoverboard.com/blog/celebrating-canada-150/awwwards.html]
[manoverboard.com/blog/the-purpose-project-recipe/awwwards.html]
[manoverboard.com/blog/10-sustainable-design-blogs-that-dont-suck/awwwards.html]
[manoverboard.com/author/robyn/index.html]
[manoverboard.com/images/old-wordpress/2017/06/succulents1505.jpg]
[manoverboard.com/archive/maintenance/index.html]
[manoverboard.com/blog/serving-green-the-mechanics-of-creating-a-sustainable-website/index.html]
[manoverboard.com/blog/designers-and-despotism/awwwards.css]
[manoverboard.com/blog/designers-and-despotism/index.html]
[manoverboard.com/blog/serving-green-a-web-initiative-for-a-far-more-sustainable-web/awwwards.html]
[manoverboard.com/blog/a-wordpress-website-is-greater-than-the-sum-of-its-parts/awwwards.html]
[manoverboard.com/blog/toward-sustainably-served-news-sites-a-transcribed-presentation/awwwards.html]
[manoverboard.com/blog/how-to-create-consistently-killer-annual-reports/awwwards.html]
[manoverboard.com/blog/allnewfwa/awwwards.html]
[manoverboard.com/author/jory-kruspe-2.html]
[manoverboard.com/images/old-wordpress/2016/07/nytimes-insidec55a.png]
[manoverboard.com/author/jory-kruspe.html]
[manoverboard.com/blog/its-hard-to-see-whats-right-in-front-of-you/awwwards.html]
[manoverboard.com/blog/we-are-all-analogue/awwwards.html]
[manoverboard.com/blog/aaron-draplin-and-purposeful-design/awwwards.html]
[manoverboard.com/blog/creating-a-responsible-earth-friendly-website/awwwards.html]
[manoverboard.com/blog/get-to-the-point-millennials-want-content-brevity-insight-and-authenticity/awwwards.html]
[manoverboard.com/blog/how-to-write-punchy-blog-posts-for-universities/awwwards.html]
[manoverboard.com/author/manoverboard/index.html]
[manoverboard.com/5-lessons-for-designing-a-good-university-website/index.html]
[manoverboard.com/university-websites-that-run-and-shine-on-wordpress/index.html]
[manoverboard.com/blog/zyxwvutsrqponmlkjihgfedcba-and-design-accountability/awwwards.html]
[manoverboard.com/blog/designing-impact-investment-an-overview/awwwards.html]
[manoverboard.com/author/vivek/index.html]
[manoverboard.com/uploads/laptop-1024x6787397.jpg]
[manoverboard.com/author/marianne/index.html]
[manoverboard.com/images/old-wordpress/2014/07/Screen-Shot-2014-07-17-at-12.05.40-PM-1024x492f161.png]
[manoverboard.com/blog/5-lessons-for-designing-a-good-university-website/awwwards.html]
[manoverboard.com/blog/country-websites/awwwards.html]
[manoverboard.com/images/old-wordpress/2014/05/sweden-homepage-1024x7504f7d.jpg]
[manoverboard.com/images/old-wordpress/2014/04/sultan-bed-foundation-ikea381ad.jpg]
[manoverboard.com/blog/new-year-new-wallpaper/awwwards.css]
[manoverboard.com/blog/beyond-the-edge/awwwards.html]
[manoverboard.com/blog/generation-foundation-and-sustainable-capitalism/awwwards.html]
[manoverboard.com/blog/6-large-non-profit-websites-you-need-to-see/awwwards.css]
[manoverboard.com/blog/expecting-the-unexpected/awwwards.css]
[manoverboard.com/blog/sustainability-by-design/awwwards.css]
[manoverboard.com/blog/canadas-newest-convention-centre-website/awwwards.27d.delayed]
[manoverboard.com/blog/canadas-newest-convention-centre-website/index.html]
[manoverboard.com/blog/medium-rare/awwwards.html]
[manoverboard.com/blog/junos/awwwards.html]
[manoverboard.com/blog/responsive-web-design-toward/awwwards.css]
[manoverboard.com/blog/responsive-web-design-toward/index.html]
[manoverboard.com/blog/barack-obama-dot-game/awwwards.css]
[manoverboard.com/blog/barack-obama-dot-game/index.html]
[manoverboard.com/blog/black-white-and-read-gdc-membership-brochure/awwwards.html]
[manoverboard.com/media/membership-brochure-2013-web.html]
[manoverboard.com/blog/manoverboard-a-good-company/awwwards.html]
[manoverboard.com/manoverboard-is-honoured-as-best-for-workers/index.html]
[manoverboard.com/blog/iceland-is-our-future/awwwards.html]
[manoverboard.com/blog/the-official-manoverboard-2016-impactnbspreport/awwwards.html]
[manoverboard.com/blog/manoverboard-is-honoured-as-best-for-workers/awwwards.html]
[manoverboard.com/blog/online-news-is-the-canary-in-the-coal-mine/awwwards.html]
[manoverboard.com/blog/the-sustainable-web/awwwards.html]
[manoverboard.com/blog/it-pays-to-be-transparent-in-your-business-websites-help/awwwards.html]
[manoverboard.com/blog/proud-to-be-re-certified-as-a-b-corporation/awwwards.html]
[manoverboard.com/blog/bullfrog-powers-manoverboard/awwwards.html]
[manoverboard.com/blog/30-days-in-brazil/awwwards.html]
[manoverboard.com/blog/green-web-hosting-and-environmental-impact/awwwards.html]
[manoverboard.com/blog/sir-berners-lee-and-the-two-directives/awwwards.html]
[manoverboard.com/blog/the-casio-challenge/awwwards.html]
[manoverboard.com/blog/can-canadian-technology-companies-be-a-force-for-good/awwwards.html]
[manoverboard.com/blog/university-websites-that-run-and-shine-on-wordpress/awwwards.html]
[manoverboard.com/blog/why-your-university-blog-needs-an-editorial-calendar/awwwards.html]
[manoverboard.com/images/old-wordpress/2014/05/DSCF5202-1024x631e89a.jpg]
[manoverboard.com/images/old-wordpress/2014/05/DSCF7250-1024x682c753.jpg]
[manoverboard.com/images/old-wordpress/2015/01/Bates-1024x494e8bf.png]
[manoverboard.com/blog/top-5-reasons-why-non-profits-should-use-social-media/awwwards.html]
[manoverboard.com/blog/how-we-stormed-the-casl-an-email-consent-success-story/awwwards.html]
[manoverboard.com/blog/seo-sos/index.html]
[manoverboard.com/blog/email-newsletters-and-social-media/awwwards.html]
[manoverboard.com/author/awwwards.html]
[manoverboard.com/blog/an-outbound-experience-at-inbound-2014/awwwards.css]
[manoverboard.com/archive/business/awwwards.281.delayed]
[manoverboard.com/archive/business/index.html]
[manoverboard.com/archive/social-responsibility/awwwards.css]
[manoverboard.com/archive/social-responsibility/index.html]
[manoverboard.com/archive/canada/awwwards.html]
[manoverboard.com/blog/b-the-change-winnipeg/awwwards.css]
[manoverboard.com/blog/b-the-change-winnipeg/index.html]
[manoverboard.com/blog/manoverboard-becomes-a-certified-b-corporation/awwwards.css]
[manoverboard.com/images/old-wordpress/2013/06/b-corp-into.jpg]
[manoverboard.com/site/code-of-ethics.html]
[manoverboard.com/site/code-of-ethics]
[manoverboard.com/blog/manoverboard-becomes-a-certified-b-corporation/index.html]
[manoverboard.com/blog/the-technical-side-of-launching-a-website/awwwards.html]
[manoverboard.com/blog/privacy-policies-cookie-consent/awwwards.css]
[manoverboard.com/blog/privacy-policies-cookie-consent/index.html]
[manoverboard.com/archive/development/awwwards.html]
[manoverboard.com/archive/privacy/awwwards.html]
[manoverboard.com/site/code-of-ethics/index.html]
[manoverboard.com/blog/can-corporate-social-responsibility-build-brand-loyalty-and-engagement/awwwards.css]
[manoverboard.com/blog/five-b-corp-websites-you-need-to-see/index.html]
[manoverboard.com/uploads/img-4922-1024x102412e9.jpg]
[manoverboard.com/blog/can-corporate-social-responsibility-build-brand-loyalty-and-engagement/index.html]
[manoverboard.com/blog/the-tipping-point-for-corporate-social-responsibility-csr-and-b-corporations/index.html]
[manoverboard.com/green-web-hosting/index.html]
[manoverboard.com/blog/building-a-sustainable-writing-practice/awwwards.css]
[manoverboard.com/blog/building-a-sustainable-writing-practice/index.html]
[manoverboard.com/blog/b-corp-retreat-backward/awwwards.css]
[manoverboard.com/images/old-wordpress/2013/10/RetreatMountainGraphic1.jpg]
[manoverboard.com/images/old-wordpress/2013/10/RetreatMountainGraphic1-1024x78439f9.jpg]
[manoverboard.com/images/old-wordpress/2013/10/1272763_10151654872877546_1322013681_o.jpg]
[manoverboard.com/images/old-wordpress/2013/10/1272763_10151654872877546_1322013681_o-1024x401c0db.jpg]
[manoverboard.com/blog/b-corp-retreat-backward/index.html]
[manoverboard.com/archive/education/awwwards.html]
[manoverboard.com/blog/you-are-now-entering-the-flux/awwwards.css]
[manoverboard.com/images/old-wordpress/2016/05/DSCF0114d607.jpg]
[manoverboard.com/images/old-wordpress/2016/05/DSCF02657e5f.jpg]
[manoverboard.com/images/old-wordpress/2016/05/DSCF01102255.jpg]
[manoverboard.com/images/old-wordpress/2016/05/DSCF024711d6.jpg]
[manoverboard.com/images/old-wordpress/2016/05/DSCF01264330.jpg]
[manoverboard.com/images/old-wordpress/2016/05/DSCF0122883b.jpg]
[manoverboard.com/images/old-wordpress/2016/05/DSCF01547ce6.jpg]
[manoverboard.com/images/old-wordpress/2016/05/DSCF01425c72.jpg]
[manoverboard.com/images/old-wordpress/2016/05/DSCF01844006.jpg]
[manoverboard.com/images/old-wordpress/2016/05/DSCF0153e020.jpg]
[manoverboard.com/blog/you-are-now-entering-the-flux/index.html]
[manoverboard.com/images/old-wordpress/2014/11/Screen-Shot-2014-11-03-at-10.10.35-AM2.png]
[manoverboard.com/images/old-wordpress/2014/11/Screen-Shot-2014-11-03-at-10.10.35-AM2-1024x49034f6.png]
[manoverboard.com/images/old-wordpress/2014/11/Screen-Shot-2014-11-03-at-10.18.29-AM.png]
[manoverboard.com/images/old-wordpress/2014/11/Screen-Shot-2014-11-03-at-10.18.29-AMc75d.png]
[manoverboard.com/images/old-wordpress/2014/11/Screen-Shot-2014-11-03-at-10.13.48-AM.png]
[manoverboard.com/images/old-wordpress/2014/11/Screen-Shot-2014-11-03-at-10.13.48-AM-1024x4809add.png]
[manoverboard.com/images/old-wordpress/2014/11/Screen-Shot-2014-11-03-at-10.17.04-AM.png]
[manoverboard.com/images/old-wordpress/2014/11/Screen-Shot-2014-11-03-at-10.17.04-AM-1024x4886aed.png]
[manoverboard.com/blog/in-what-state-is-your-non-profit-blog/index.html]
[manoverboard.com/archive/b-corp/awwwards.html]
[manoverboard.com/blog/manoverboard-inc-made-the-2014-b-corp-best-for-workers-list/awwwards.css]
[manoverboard.com/blog/manoverboard-inc-made-the-2014-b-corp-best-for-workers-list/index.html]
[manoverboard.com/archive/content-strategy/awwwards.html]
[manoverboard.com/archive/wordpress/awwwards.css]
[manoverboard.com/archive/wordpress/index.html]
[manoverboard.com/blog/bideawee-launches-animals-throughout-new-york-celebrate/awwwards.css]
[manoverboard.com/uploads/bideawee-home73c9.png]
[manoverboard.com/uploads/bideawee-screenshot-6-1600x690dac8.png]
[manoverboard.com/uploads/bideawee-screenshot-4-1600x10530575.png]
[manoverboard.com/uploads/bideawee-screenshot-9e8a8.png]
[manoverboard.com/blog/bideawee-launches-animals-throughout-new-york-celebrate/index.html]
[manoverboard.com/uploads/bideawee-screenshot-5-1600x686847b.png]
[manoverboard.com/uploads/pitbladoslider23e44.jpg]
[manoverboard.com/services/website-care/awwwards.html]
[manoverboard.com/archive/website-care/awwwards.2b1.delayed]
[manoverboard.com/archive/website-care/index.html]
[manoverboard.com/blog/marketing-and-military-language/awwwards.html]
[manoverboard.com/blog/a-week-in-peru/awwwards.html]
[manoverboard.com/images/old-wordpress/2017/03/robyn-march-post-img01ce80.jpg]
[manoverboard.com/images/old-wordpress/2016/05/DSCF7090-1024x682606b.jpg]
[manoverboard.com/images/old-wordpress/2016/05/DSCF8374-1024x682cee8.jpg]
[manoverboard.com/images/old-wordpress/2016/05/DSCF8778-1024x6820457.jpg]
[manoverboard.com/images/old-wordpress/2016/05/DSCF9587-682x1024a00a.jpg]
[manoverboard.com/blog/field-trip-to-fortwhyte-alive/awwwards.html]
[manoverboard.com/blog/design-thinkers-2019/awwwards.css]
[manoverboard.com/blog/page5/index.html]
[manoverboard.com/images/old-wordpress/2016/04/DSCF546830cb.jpg]
[manoverboard.com/archive/maintenance/awwwards.css]
[manoverboard.com/archive/maintenance/index.html]
[manoverboard.com/images/old-wordpress/2017/02/images3dbe.jpg]
[manoverboard.com/images/old-wordpress/2017/02/servinggreen-vidlength-1024x162c6a5.gif]
[manoverboard.com/images/old-wordpress/2017/02/servinggreen-vids-1024x192eb3d.jpg]
[manoverboard.com/images/old-wordpress/2017/02/servinggreen-transparent4631.gif]
[manoverboard.com/images/old-wordpress/2017/02/playfaircb8b.jpg]
[manoverboard.com/images/old-wordpress/2017/02/geothermal-energy-plant-1024x57606f6.jpg]
[manoverboard.com/images/old-wordpress/2017/02/cdnjse186.jpg]
[manoverboard.com/blog/serving-green-the-mechanics-of-creating-a-sustainable-website/index.html]
[manoverboard.com/blog/designers-and-despotism/awwwards.html]
[manoverboard.com/blog/new-year-new-wallpaper/awwwards.css]
[manoverboard.com/blog/6-large-non-profit-websites-you-need-to-see/awwwards.css]
[manoverboard.com/blog/expecting-the-unexpected/awwwards.css]
[manoverboard.com/blog/sustainability-by-design/awwwards.css]
[manoverboard.com/blog/canadas-newest-convention-centre-website/awwwards.html]
[manoverboard.com/blog/responsive-web-design-toward/awwwards.html]
[manoverboard.com/blog/barack-obama-dot-game/awwwards.html]
[manoverboard.com/blog/an-outbound-experience-at-inbound-2014/awwwards.css]
[manoverboard.com/uploads/mob-guidelines-v3-page142d3b.jpg]
[manoverboard.com/archive/business/awwwards.html]
[manoverboard.com/archive/social-responsibility/awwwards.html]
[manoverboard.com/blog/b-the-change-winnipeg/awwwards.html]
[manoverboard.com/blog/manoverboard-becomes-a-certified-b-corporation/awwwards.html]
[manoverboard.com/site/code-of-ethics/index.html]
[manoverboard.com/blog/privacy-policies-cookie-consent/awwwards.html]
[manoverboard.com/blog/seo-sos/awwwards.css]
[manoverboard.com/blog/five-b-corp-websites-you-need-to-see/awwwards.2bb.delayed]
[manoverboard.com/images/old-wordpress/2015/09/mob-notebook-bullfrog-powere0ad.png]
[manoverboard.com/images/old-wordpress/2015/09/mob-notebook-better-world-books17362.png]
[manoverboard.com/images/old-wordpress/2015/09/mob-notebook-the-hub24d3.png]
[manoverboard.com/images/old-wordpress/2015/09/mob-notebook-new-belgium-brewery02b7.png]
[manoverboard.com/images/old-wordpress/2015/09/mob-notebook-ben-and-jerrysd034.png]
[manoverboard.com/blog/five-b-corp-websites-you-need-to-see/index.html]
[manoverboard.com/blog/can-corporate-social-responsibility-build-brand-loyalty-and-engagement/awwwards.html]
[manoverboard.com/green-web-hosting/index.html]
[manoverboard.com/blog/building-a-sustainable-writing-practice/awwwards.html]
[manoverboard.com/blog/b-corp-retreat-backward/awwwards.html]
[manoverboard.com/blog/you-are-now-entering-the-flux/awwwards.html]
[manoverboard.com/images/old-wordpress/2016/05/DSCF01417813.jpg]
[manoverboard.com/images/old-wordpress/2016/05/DSCF0088fba5.jpg]
[manoverboard.com/images/old-wordpress/2016/05/DSCF015138d6.jpg]
[manoverboard.com/blog/manoverboard-inc-made-the-2014-b-corp-best-for-workers-list/awwwards.html]
[manoverboard.com/archive/wordpress/awwwards.html]
[manoverboard.com/blog/bideawee-launches-animals-throughout-new-york-celebrate/awwwards.html]
[manoverboard.com/uploads/hscfstoriesac8c.jpg]
[manoverboard.com/archive/website-care/awwwards.html]
[manoverboard.com/images/old-wordpress/2014/09/Manoverboard-1024x7916347.jpg]
[manoverboard.com/blog/the-tipping-point-for-corporate-social-responsibility-csr-and-b-corporations/awwwards.css]
[manoverboard.com/blog/in-what-state-is-your-non-profit-blog/awwwards.css]
[manoverboard.com/blog/page5/awwwards.css]
[manoverboard.com/blog/page5/index.html]
[manoverboard.com/images/old-wordpress/2016/04/DSCF5564e4a1.jpg]
[manoverboard.com/blog/page6/index.html]
[manoverboard.com/archive/maintenance/awwwards.html]
[manoverboard.com/images/old-wordpress/2016/04/DSCF5508cf0f.jpg]
[manoverboard.com/blog/seo-sos/awwwards.css]
[manoverboard.com/blog/five-b-corp-websites-you-need-to-see/awwwards.html]
[manoverboard.com/blog/the-tipping-point-for-corporate-social-responsibility-csr-and-b-corporations/awwwards.css]
[manoverboard.com/blog/in-what-state-is-your-non-profit-blog/awwwards.css]
[manoverboard.com/blog/page4/awwwards.css]
[manoverboard.com/blog/communicating-impact-the-right-way/awwwards.css]
[manoverboard.com/blog/page6/awwwards.2c2.delayed]
[manoverboard.com/blog/page6/index.html]
[manoverboard.com/blog/page5/awwwards.html]
[manoverboard.com/blog/page4/awwwards.css]
[manoverboard.com/blog/communicating-impact-the-right-way/awwwards.css]
[manoverboard.com/blog/page6/awwwards.html]
[manoverboard.com/blog/serving-green-the-mechanics-of-creating-a-sustainable-website/awwwards.css]
