[smartupvisuals.com/index.html]
[backblue.gif]
[fade.gif]
[index.html]
[smartupvisuals.com/index.html]
[smartupvisuals.com/graphic-facilitation/index.html]
[smartupvisuals.com/live-scribing/index.html]
[smartupvisuals.com/virtual-scribing/index.html]
[smartupvisuals.com/animation/index.html]
[smartupvisuals.com/business-infographic/index.html]
[smartupvisuals.com/wp-content/themes/smartupv/assets/css/main.css]
[smartupvisuals.com/our-work/index.html]
[smartupvisuals.com/icons.svg]
[smartupvisuals.com/about-us/index.html]
[smartupvisuals.com/live-scribing/index.html]
[smartupvisuals.com/our-blog/index.html]
[smartupvisuals.com/contacts/index.html]
[smartupvisuals.com/graphic-facilitation/index.html]
[smartupvisuals.com/work/goat-agency-office-mural/index.html]
[smartupvisuals.com/virtual-scribing/index.html]
[smartupvisuals.com/work/tech-city-uk-5-years-scribing-infographic/index.html]
[smartupvisuals.com/animation/index.html]
[smartupvisuals.com/work/linkedin-talent-connect/index.html]
[smartupvisuals.com/business-infographic/index.html]
[smartupvisuals.com/wp-content/uploads/2021/10/SmartUp_Reel_2021-720.mp4]
[smartupvisuals.com/our-work/index.html]
[smartupvisuals.com/wp-content/uploads/2021/09/Goats-process-520x520.jpg]
[smartupvisuals.com/about-us/index.html]
[smartupvisuals.com/work/scribing-video-for-chevrolet/index.html]
[smartupvisuals.com/wp-content/uploads/2021/09/Untitled-1-1-520x520.png]
[smartupvisuals.com/our-blog/index.html]
[smartupvisuals.com/infographics/index.html]
[smartupvisuals.com/contacts/index.html]
[smartupvisuals.com/wp-content/uploads/2021/09/INSTA-POSY-LINKEDIN-520x520.png]
[smartupvisuals.com/work/goat-agency-office-mural/index.html]
[smartupvisuals.com/wp-content/uploads/2021/09/Scribing-live-detail-520x520.jpg]
[smartupvisuals.com/work/tech-city-uk-5-years-scribing-infographic/index.html]
[smartupvisuals.com/wp-content/uploads/2021/08/pl1@2x.png]
[smartupvisuals.com/work/linkedin-talent-connect/index.html]
[smartupvisuals.com/wp-content/uploads/2021/08/pl2@2x.png]
[smartupvisuals.com/work/scribing-video-for-chevrolet/index.html]
[smartupvisuals.com/wp-content/uploads/2021/08/pl3@2x.png]
[smartupvisuals.com/infographics/index.html]
[smartupvisuals.com/wp-content/uploads/2021/09/Siemens-160x160.png]
[smartupvisuals.com/wp-content/uploads/2021/09/Infosys-160x160.png]
[smartupvisuals.com/wp-content/uploads/2021/08/pl6@2x.png]
[smartupvisuals.com/wp-content/uploads/2021/09/Thompson-Reuters-160x160.png]
[smartupvisuals.com/wp-content/uploads/2021/09/Philips-160x160.png]
[smartupvisuals.com/wp-content/uploads/2021/09/LinkedIn-160x160.png]
[smartupvisuals.com/wp-content/uploads/2021/09/Cushman-and-Wakefield-160x160.png]
[smartupvisuals.com/wp-content/uploads/2021/09/TedX-160x160.png]
[smartupvisuals.com/wp-content/uploads/2021/09/Google-160x160.png]
[smartupvisuals.com/wp-content/uploads/2021/09/FT-1-160x160.png]
[smartupvisuals.com/wp-content/uploads/2021/09/Parsons-Brinckerhoff-1-160x160.png]
[smartupvisuals.com/wp-content/uploads/2021/09/Dell-160x160.png]
[smartupvisuals.com/wp-content/uploads/2021/09/Earnst-andd-Young-160x160.png]
[smartupvisuals.com/wp-content/uploads/2021/09/Novartis-160x160.png]
[smartupvisuals.com/wp-content/uploads/2021/09/HP-1-160x160.png]
[smartupvisuals.com/wp-content/uploads/2021/09/Skanska-160x160.png]
[smartupvisuals.com/wp-content/uploads/2021/09/Wolkswagen-160x160.png]
[smartupvisuals.com/wp-content/uploads/2021/09/PMI-160x160.png]
[smartupvisuals.com/studio/virtual-scribing-makes-your-online-events-more-creative/index.html]
[smartupvisuals.com/wp-content/uploads/2021/09/pra-160x160.png]
[smartupvisuals.com/travel/what-is-graphic-recording-today/index.html]
[smartupvisuals.com/wp-content/uploads/2021/09/Royal-Academy-of-Engineering-160x160.png]
[smartupvisuals.com/privacy-policy/index.html]
[smartupvisuals.com/studio/virtual-scribing-makes-your-online-events-more-creative/index.html]
[smartupvisuals.com/wp-content/uploads/2021/09/Live-scribing-virtual5-520x520.png]
[smartupvisuals.com/wp-content/uploads/2021/10/Scribing-by-Smartup-Visuals-520x520.jpg]
[smartupvisuals.com/travel/what-is-graphic-recording-today/index.html]
[smartupvisuals.com/privacy-policy/index.html]
[smartupvisuals.com/wp-includes/js/dist/vendor/regenerator-runtime.minb36a.js]
[smartupvisuals.com/wp-includes/js/dist/vendor/wp-polyfill.min2c7c.js]
[smartupvisuals.com/wp-content/plugins/contact-form-7/includes/js/index5697.js]
[smartupvisuals.com/wp-content/themes/smartupv/assets/fonts/TTHoves-Regular.woff]
[smartupvisuals.com/wp-content/themes/smartupv/assets/fonts/TTHoves-Regular.woff2]
[smartupvisuals.com/wp-content/themes/smartupv/assets/fonts/TTHoves-DemiBold.woff2]
[smartupvisuals.com/wp-content/themes/smartupv/assets/fonts/TTHoves-DemiBold.woff]
[smartupvisuals.com/mqdefault.80.delayed]
[smartupvisuals.com/wp-content/themes/smartupv/assets/js/vendor.min68b3.js]
[smartupvisuals.com/wp-content/uploads/2021/08/serd2@2x-1428x830.jpg]
[smartupvisuals.com/wp-content/uploads/2021/09/Scribing-Smartup-Visuals-520x520.png]
[smartupvisuals.com/wp-content/themes/smartupv/assets/js/main.min68b3.js]
[smartupvisuals.com/wp-content/uploads/2021/08/serd4@2x-520x520.jpg]
[smartupvisuals.com/wp-content/plugins/contact-form-7/modules/recaptcha/index5697.js]
[smartupvisuals.com/work/red-cross-live-scribing/index.html]
[smartupvisuals.com/index6cd9.html]
[smartupvisuals.com/wp-content/uploads/2021/09/RC-featured-01-520x520.jpg]
[smartupvisuals.com/wp-content/uploads/2021/10/linkedin-video-1min-1-1.mp4]
[smartupvisuals.com/work/red-cross-live-scribing/index.html]
[smartupvisuals.com/wp-content/uploads/2021/09/scribing-smartup-visuals-DIA-1428x919.jpg]
[smartupvisuals.com/index1caa.html]
[smartupvisuals.com/work/deloitte-university-infographic-and-scribing/index.html]
[smartupvisuals.com/work/issa-scribing-world-social-security-forum/index.html]
[smartupvisuals.com/wp-content/uploads/2021/09/DSC_1873-1-1428x886.jpg]
[smartupvisuals.com/wp-content/uploads/2021/08/Deloitte-Visual-Portfolio-thumbnail-01-01-520x520.png]
[smartupvisuals.com/work/deloitte-university-infographic-and-scribing/index.html]
[smartupvisuals.com/wp-content/uploads/2021/09/Issa-2016-by-Smartup-Visuals-1-2-520x520.jpg]
[smartupvisuals.com/work/issa-scribing-world-social-security-forum/index.html]
[smartupvisuals.com/infographic-illustration/index.html]
[smartupvisuals.com/index421d.html]
[smartupvisuals.com/wp-content/uploads/2021/09/Remote-scribing-online-events-Smartup_Video.mp4]
[smartupvisuals.com/wp-content/uploads/2021/09/Live-scribing-virtual1-1.png]
[smartupvisuals.com/infographic-illustration/index.html]
[smartupvisuals.com/wp-content/uploads/2021/09/Live-scribing-virtual3-1.png]
[smartupvisuals.com/work/fs6-madrid-live-scribing-and-illustrations/index.html]
[smartupvisuals.com/wp-content/uploads/2021/09/1-1.png]
[smartupvisuals.com/wp-content/uploads/2021/09/Live-scribing-virtual5.png]
[smartupvisuals.com/work/ncs-trust-conference-live-scribing/index.html]
[smartupvisuals.com/work/fs6-madrid-live-scribing-and-illustrations/index.html]
[smartupvisuals.com/wp-content/uploads/2021/11/Vilnius-20-September-01-520x520.jpg]
[smartupvisuals.com/wp-content/uploads/2021/10/NCS-community-1-520x520.png]
[smartupvisuals.com/work/ncs-trust-conference-live-scribing/index.html]
[smartupvisuals.com/wp-content/uploads/2021/09/animation-banner.gif]
[smartupvisuals.com/index6905.html]
[smartupvisuals.com/business-animation/index.html]
[smartupvisuals.com/work/world-customs-organisation-animated-poster/index.html]
[smartupvisuals.com/wp-content/uploads/2021/09/animation--520x520.gif]
[smartupvisuals.com/work/teapigs-matcha-illustrations/index.html]
[smartupvisuals.com/wp-content/uploads/2021/09/Screenshot-2021-09-13-at-09.43.30-520x520.png]
[smartupvisuals.com/work/acasa-startup-business-explainer-vide/index.html]
[smartupvisuals.com/business-animation/index.html]
[smartupvisuals.com/wp-content/uploads/2021/10/Infographic-poster-for-animation-520x520.png]
[smartupvisuals.com/work/world-customs-organisation-animated-poster/index.html]
[smartupvisuals.com/work/clause-business-animated-video/index.html]
[smartupvisuals.com/work/teapigs-matcha-illustrations/index.html]
[smartupvisuals.com/wp-content/uploads/2021/10/POSTER-01-520x520.png]
[smartupvisuals.com/work/buynomics-business-explainer-video/index.html]
[smartupvisuals.com/work/acasa-startup-business-explainer-vide/index.html]
[smartupvisuals.com/wp-content/uploads/2021/10/teal-GET-IN-TOUCH-acasa-03-520x520.png]
[smartupvisuals.com/wp-content/uploads/2021/10/Clause-animation-520x520.png]
[smartupvisuals.com/work/clause-business-animated-video/index.html]
[smartupvisuals.com/wp-content/uploads/2021/09/Buynomics-01-520x520.png]
[smartupvisuals.com/work/buynomics-business-explainer-video/index.html]
[smartupvisuals.com/wp-content/uploads/2021/09/The-Onboarding-Journey-RGB-V-1-copy-1428x803.png]
[smartupvisuals.com/index3f97.html]
[smartupvisuals.com/work/red-cross-community-inclusion-currencies/index.html]
[smartupvisuals.com/wp-content/uploads/2021/09/NCS-community-520x520.png]
[smartupvisuals.com/wp-content/uploads/2021/09/The-Onboarding-Journey-RGB-V-1-copy-01-520x520.png]
[smartupvisuals.com/works/live-scribing/index.html]
[smartupvisuals.com/work/red-cross-community-inclusion-currencies/index.html]
[smartupvisuals.com/wp-content/uploads/2021/08/CIC-no-cycle-1-01-520x520.png]
[smartupvisuals.com/works/infographics/index.html]
[smartupvisuals.com/works/animation/index.html]
[smartupvisuals.com/index65d2.html]
[smartupvisuals.com/our-work/page/2/index.html]
[smartupvisuals.com/works/live-scribing/index.html]
[smartupvisuals.com/works/animation/index.html]
[smartupvisuals.com/wp-content/uploads/2021/08/t1@2x-520x520.jpg]
[smartupvisuals.com/works/infographics/index.html]
[smartupvisuals.com/wp-content/uploads/2021/08/t2@2x-520x520.jpg]
[smartupvisuals.com/wp-content/uploads/2021/09/Rokas-N-520x520.png]
[smartupvisuals.com/our-work/page/2/index.html]
[smartupvisuals.com/visual-communication/blockchain-animations/index.html]
[smartupvisuals.com/index9076.html]
[smartupvisuals.com/wp-content/uploads/2021/08/t4@2x-520x520.jpg]
[smartupvisuals.com/wp-content/uploads/2021/09/Edvinas-1-1-520x520.png]
[smartupvisuals.com/visual-communication/business-animation-is-a-great-marketing-idea-in-2021/index.html]
[smartupvisuals.com/wp-content/uploads/2021/08/t5@2x-520x520.jpg]
[smartupvisuals.com/our-blog/page/2/index.html]
[smartupvisuals.com/visual-communication/blockchain-animations/index.html]
[smartupvisuals.com/wp-content/uploads/2021/11/Blockchain-6-01-520x520.png]
[smartupvisuals.com/blog/scribing/index.html]
[smartupvisuals.com/visual-communication/business-animation-is-a-great-marketing-idea-in-2021/index.html]
[smartupvisuals.com/blog/visual-communication/index.html]
[smartupvisuals.com/blog/infographics/index.html]
[smartupvisuals.com/blog/travel/index.html]
[smartupvisuals.com/blog/studio/index.html]
[smartupvisuals.com/scribing/dont-forget-to-book-your-graphic-recorders-for-events/index.html]
[smartupvisuals.com/wp-content/uploads/2021/10/Animation-520x520.png]
[smartupvisuals.com/visual-communication/murals-in-london-offices-your-brand-story-escape/index.html]
[smartupvisuals.com/our-blog/page/2/index.html]
[smartupvisuals.com/travel/millennials-and-the-visual-era/index.html]
[smartupvisuals.com/blog/visual-communication/index.html]
[smartupvisuals.com/scribing/how-to-become-a-commercial-illustrator/index.html]
[smartupvisuals.com/blog/scribing/index.html]
[smartupvisuals.com/wp-content/uploads/2021/10/DSC_1873-520x520.jpg]
[smartupvisuals.com/blog/infographics/index.html]
[smartupvisuals.com/wp-content/uploads/2021/10/Screen-Shot-2018-05-10-at-17.31.08-520x520.png]
[smartupvisuals.com/blog/travel/index.html]
[smartupvisuals.com/visual-communication/visual-communication-for-business-during-covid19/index.html]
[smartupvisuals.com/blog/studio/index.html]
[smartupvisuals.com/wp-content/uploads/2021/10/Visual-Era-and-Millenials-520x520.png]
[smartupvisuals.com/scribing/dont-forget-to-book-your-graphic-recorders-for-events/index.html]
[smartupvisuals.com/travel/fun-and-engaging-ideas-for-your-virtual-event/index.html]
[smartupvisuals.com/visual-communication/murals-in-london-offices-your-brand-story-escape/index.html]
[smartupvisuals.com/travel/business-infographic-design/index.html]
[smartupvisuals.com/travel/millennials-and-the-visual-era/index.html]
[smartupvisuals.com/wp-content/uploads/2021/10/Business-challenges-01-01-1-520x520.png]
[smartupvisuals.com/scribing/how-to-become-a-commercial-illustrator/index.html]
[smartupvisuals.com/wp-content/uploads/2021/09/Blog_TikTok_illustration-3-01-520x520.png]
[smartupvisuals.com/visual-communication/visual-communication-for-business-during-covid19/index.html]
[smartupvisuals.com/travel/fun-and-engaging-ideas-for-your-virtual-event/index.html]
[smartupvisuals.com/travel/business-infographic-design/index.html]
[smartupvisuals.com/wp-content/uploads/2021/09/Goats-process-1428x980.jpg]
[smartupvisuals.com/index4837.html]
[smartupvisuals.com/wp-content/uploads/2021/09/Goats-mural-01-1-1428x662.png]
[smartupvisuals.com/index2349.html]
[smartupvisuals.com/wp-content/uploads/2021/09/Goats-mural-01-2-1428x1428.png]
[smartupvisuals.com/wp-content/uploads/2021/09/Goats-mural-02-1-1428x1428.png]
[smartupvisuals.com/wp-content/uploads/2021/09/Goats-mural-03-1428x1428.png]
[smartupvisuals.com/wp-content/uploads/2021/09/Goats-mural-04-1428x1428.png]
[smartupvisuals.com/wp-content/uploads/2021/09/goat-mural-office-1428x989.jpg]
[smartupvisuals.com/index6b92.html]
[smartupvisuals.com/wp-content/uploads/2021/09/tech-city-sharp-1428x874.png]
[smartupvisuals.com/wp-content/uploads/2021/09/30-St-Mary-Axe-illustration-vector-icon-drawing-1.png]
[smartupvisuals.com/wp-content/uploads/2021/09/Leading-illustration-creative-agency-London-1.png]
[smartupvisuals.com/wp-content/uploads/2021/09/london-social-media-conent-visual-1.png]
[smartupvisuals.com/wp-content/uploads/2021/09/Screen-Shot-2015-12-09-at-15.48.37-1-1.png]
[smartupvisuals.com/wp-content/uploads/2021/09/Untitled-1-1-1428x714.png]
[smartupvisuals.com/wp-content/uploads/2021/09/Artboard-10-1-1428x1428.png]
[smartupvisuals.com/wp-content/uploads/2021/09/Tech-city-1.png]
[smartupvisuals.com/wp-content/uploads/2021/09/Artboard-9-1-1428x1428.png]
[smartupvisuals.com/wp-content/uploads/2021/09/Artboard-8-1-1428x1428.png]
[smartupvisuals.com/wp-content/uploads/2021/09/Artboard-7-1-1428x1431.png]
[smartupvisuals.com/wp-content/uploads/2021/09/Artboard-5-1-1428x1428.png]
[smartupvisuals.com/wp-content/uploads/2021/09/Artboard-6-1-1428x1431.png]
[smartupvisuals.com/indexea3e.html]
[smartupvisuals.com/wp-content/uploads/2021/09/Screenshot-2021-09-10-at-11.29.24-1428x785.png]
[smartupvisuals.com/wp-content/uploads/2021/09/IMG_2981-1428x952.png]
[smartupvisuals.com/wp-content/uploads/2021/09/LinkedIN-Page2-Nologo-1428x248.png]
[smartupvisuals.com/wp-content/uploads/2021/09/IMG_2922-1-1428x863.png]
[smartupvisuals.com/wp-content/uploads/2021/09/LinkedIN-Page2-1428x792.png]
[smartupvisuals.com/wp-content/uploads/2021/09/Linkedin-post-1-1428x461.png]
[smartupvisuals.com/wp-content/uploads/2021/09/Linked-in-detail.png]
[smartupvisuals.com/wp-content/uploads/2021/09/phone.png]
[smartupvisuals.com/wp-content/uploads/2021/09/Linked-int.png]
[smartupvisuals.com/wp-content/uploads/2021/09/Disrupt-the-status-quo.png]
[smartupvisuals.com/wp-content/uploads/2021/09/TalentConnect-Smartupvisuals-web-use-1-1428x367.png]
[smartupvisuals.com/wp-content/uploads/2021/09/Scribe-filming-detail1.jpg]
[smartupvisuals.com/index3961.html]
[smartupvisuals.com/wp-content/uploads/2021/08/Chevy-for-Lightroom-1428x803.jpg]
[smartupvisuals.com/wp-content/uploads/2021/10/Chevy-video-720-p.mp4]
[smartupvisuals.com/wp-content/uploads/2021/09/Scribing-live-detail-1428x1428.jpg]
[smartupvisuals.com/wp-content/uploads/2021/09/Scribing-filming-1428x1428.jpg]
[smartupvisuals.com/wp-content/uploads/2021/09/Chevrolet-optimising-parenthood-01-1428x1428.jpg]
[smartupvisuals.com/wp-content/uploads/2021/09/Scribe-film.jpg]
[smartupvisuals.com/wp-content/uploads/2021/09/Iridescent-Pearl-Tricoat-1428x794.jpg]
[smartupvisuals.com/index2dc8.html]
[smartupvisuals.com/virtual-scribing/https_/smartupvisuals.com/virtual-scribing/index.html]
[smartupvisuals.com/wp-content/uploads/2021/08/1-520x520.png]
[smartupvisuals.com/wp-content/uploads/2021/09/Live-scribing-virtual1-1-520x520.png]
[smartupvisuals.com/wp-content/uploads/2021/09/Live-scribing-virtual3-520x520.png]
[smartupvisuals.com/indexcff1.html]
[smartupvisuals.com/wp-content/uploads/2021/10/Scribing-by-Smartup-Visuals-1428x796.jpg]
[smartupvisuals.com/Trident/index.html]
[smartupvisuals.com/wp-content/uploads/2021/09/phone-520x520.png]
[smartupvisuals.com/wp-content/uploads/2021/09/DSC_1936-1-520x520.jpg]
[smartupvisuals.com/index2207.html]
[smartupvisuals.com/Trident/index.html]
[smartupvisuals.com/mqdefault.html]
[smartupvisuals.com/wp-content/uploads/2021/09/SW-Red-cross-01-2-1428x803.jpg]
[smartupvisuals.com/index7f65.html]
[smartupvisuals.com/wp-content/uploads/2021/09/SW-Red-cross-02-1428x1428.jpg]
[smartupvisuals.com/wp-content/uploads/2021/09/IMG_6444-1428x1428.jpg]
[smartupvisuals.com/index9e38.html]
[smartupvisuals.com/wp-content/uploads/2021/09/RC-featured-01-1428x1428.jpg]
[smartupvisuals.com/wp-content/uploads/2021/09/SW-Red-cross-03-1428x1428.jpg]
[smartupvisuals.com/wp-content/uploads/2021/09/SW-Red-cross-04-1428x1428.jpg]
[smartupvisuals.com/wp-content/uploads/2021/09/Shifting-Vulnerabilties-2-1428x597.jpg]
[smartupvisuals.com/index9751.html]
[smartupvisuals.com/wp-content/uploads/2021/08/Deloitte-Visual-11MARCH-2018-01-1428x878.png]
[smartupvisuals.com/wp-content/uploads/2021/08/Deloitte-Visual-11MARCH-2018-07-1428x1428.png]
[smartupvisuals.com/wp-content/uploads/2021/08/Deloitte-Visual-11MARCH-2018-06-1428x1428.png]
[smartupvisuals.com/wp-content/uploads/2021/08/Deloitte-Visual-11MARCH-2018-05-1428x1428.png]
[smartupvisuals.com/wp-content/uploads/2021/08/Deloitte-Visual-11MARCH-2018-04-1428x1428.png]
[smartupvisuals.com/wp-content/uploads/2021/08/Deloitte-Visual-11MARCH-2018-03-1428x1428.png]
[smartupvisuals.com/wp-content/uploads/2021/08/Deloitte-Visual-11MARCH-2018-02-1428x1428.png]
[smartupvisuals.com/index5070.html]
[smartupvisuals.com/wp-content/uploads/2021/09/Issa-2016-by-Smartup-Visuals-1-2-1-1428x1028.jpg]
[smartupvisuals.com/wp-content/uploads/2021/09/ISSA_2-01-1428x663.png]
[smartupvisuals.com/wp-content/uploads/2021/09/SV-at-ISSA.mp4]
[smartupvisuals.com/wp-content/uploads/2021/09/Issa6.mp4]
[smartupvisuals.com/wp-content/uploads/2021/09/ISSA-01-1428x668.png]
[smartupvisuals.com/index0f58.html]
[smartupvisuals.com/wp-content/uploads/2021/11/Scaling-in-Europa-1428x741.png]
[smartupvisuals.com/wp-content/uploads/2021/11/Berlin-20-Sept-01-1428x2024.jpg]
[smartupvisuals.com/wp-content/uploads/2021/11/Dublin-20-Sept-01-1428x2024.jpg]
[smartupvisuals.com/wp-content/uploads/2021/11/Lisbon-6-Final-18-Sept-01-1428x2025.jpg]
[smartupvisuals.com/wp-content/uploads/2021/11/Netherlands-sep13-01-1428x2024.jpg]
[smartupvisuals.com/wp-content/uploads/2021/11/Paris-20-September-1428x2024.jpg]
[smartupvisuals.com/wp-content/uploads/2021/11/Vilnius-20-September-01-1428x2025.jpg]
[smartupvisuals.com/wp-content/uploads/2021/11/IMG_9161-square-1-1428x1418.png]
[smartupvisuals.com/wp-content/uploads/2021/11/IMG_0740-1428x1458.png]
[smartupvisuals.com/wp-content/uploads/2021/11/IMG_2148-1428x1486.png]
[smartupvisuals.com/wp-content/uploads/2021/11/IMG_2191-1428x1840.png]
[smartupvisuals.com/wp-content/uploads/2021/11/IMG_7926-1428x1238.png]
[smartupvisuals.com/indexd18b.html]
[smartupvisuals.com/wp-content/uploads/2021/10/hipster-illustration-creative-agency-1428x796.jpg]
[smartupvisuals.com/wp-content/uploads/2021/10/NCS-community-1.png]
[smartupvisuals.com/wp-content/uploads/2021/10/web-NCS-01-1428x1428.png]
[smartupvisuals.com/wp-content/uploads/2021/10/web-NCS-03-1-1428x1421.png]
[smartupvisuals.com/wp-content/uploads/2021/10/web-NCS-02-1428x1428.png]
[smartupvisuals.com/wp-content/uploads/2021/10/NCS-Live-Scribing-1428x976.png]
[smartupvisuals.com/index20fc.html]
[smartupvisuals.com/wp-content/uploads/2021/10/Infographic-poster-for-animation-1428x781.png]
[smartupvisuals.com/wp-content/uploads/2021/10/WCO_ENaudio-1-1.mp4]
[smartupvisuals.com/indexd3cd.html]
[smartupvisuals.com/wp-content/uploads/2021/10/square-for-web-1250x110-for-2500x1100-size-02-1-1428x805.png]
[smartupvisuals.com/wp-content/uploads/2021/10/Matcha-Tea-Explainer-Video-for-TeaPigs-1-2.mp4]
[smartupvisuals.com/wp-content/uploads/2021/10/POSTER-03-1428x1428.png]
[smartupvisuals.com/wp-content/uploads/2021/10/holding-cup-for-web-02-1428x1308.png]
[smartupvisuals.com/wp-content/uploads/2021/10/POSTER-01-1428x1337.png]
[smartupvisuals.com/wp-content/uploads/2021/10/TEAPIGS-MATCHA-FOR-666-06-1428x634.png]
[smartupvisuals.com/wp-content/uploads/2021/10/Street-Billboard-PSD-MockUp-s-1428x1001.jpg]
[smartupvisuals.com/indexb95d.html]
[smartupvisuals.com/wp-content/uploads/2021/10/teal-GET-IN-TOUCH-acasa-03-1428x1428.png]
[smartupvisuals.com/wp-content/uploads/2021/10/Acasa-16-March-1.mp4]
[smartupvisuals.com/wp-content/uploads/2021/10/teal-GET-IN-TOUCH-acasa-05-1428x1428.png]
[smartupvisuals.com/wp-content/uploads/2021/10/teal-GET-IN-TOUCH-acasa-06-1428x1428.png]
[smartupvisuals.com/wp-content/uploads/2021/09/teal-GET-IN-TOUCH-acasa-04-1428x1428.png]
[smartupvisuals.com/wp-content/uploads/2021/10/teal-GET-IN-TOUCH-acasa-01-1428x750.png]
[smartupvisuals.com/index9e5e.html]
[smartupvisuals.com/wp-content/uploads/2021/09/Screenshot-2021-09-30-at-17.28.49-1428x895.png]
[smartupvisuals.com/wp-content/uploads/2021/09/Clause-for-Vimeo-new-logo-1.mp4]
[smartupvisuals.com/index5907.html]
[smartupvisuals.com/wp-content/uploads/2021/09/Buynomics-01-1428x980.png]
[smartupvisuals.com/wp-content/uploads/2021/09/Buynomics-V6-1.mp4]
[smartupvisuals.com/wp-content/uploads/2021/09/Screenshot-2021-09-30-at-17.08.59-1428x699.png]
[smartupvisuals.com/wp-content/uploads/2021/09/Buynomics-04-1428x1428.png]
[smartupvisuals.com/wp-content/uploads/2021/09/Buynomics-03-1428x1428.png]
[smartupvisuals.com/wp-content/uploads/2021/09/Buynomics-02-1428x1428.png]
[smartupvisuals.com/wp-content/uploads/2021/08/CIC-no-cycle-1-1428x927.jpg]
[smartupvisuals.com/wp-content/uploads/2021/08/Artboard-7-1428x268.png]
[smartupvisuals.com/wp-content/uploads/2021/08/Cycle-RC-1-1428x805.jpg]
[smartupvisuals.com/index24eb.html]
[smartupvisuals.com/wp-content/uploads/2021/08/Artboard-5-1428x1276.png]
[smartupvisuals.com/wp-content/uploads/2021/08/Artboard-6-1428x655.png]
[smartupvisuals.com/wp-content/uploads/2021/11/Blockchain-6-01-1428x672.png]
[smartupvisuals.com/index95be.html]
[smartupvisuals.com/index8578.html]
[smartupvisuals.com/wp-content/uploads/2021/10/Animation-1428x886.png]
[smartupvisuals.com/wp-content/uploads/2021/10/DSC_1873-1428x1079.jpg]
[smartupvisuals.com/index7254.html]
[smartupvisuals.com/wp-content/uploads/2021/10/DSC_1956.jpg]
[smartupvisuals.com/wp-content/uploads/2021/10/Smartup-Visuals-scribing-3-1428x1714.jpg]
[smartupvisuals.com/wp-content/uploads/2021/10/DSC_1986.jpg]
[smartupvisuals.com/index6b08.html]
[smartupvisuals.com/wp-content/uploads/2021/10/Screen-Shot-2018-05-10-at-17.31.08-1428x827.png]
[smartupvisuals.com/wp-content/uploads/2021/10/bloom-mural-post-1428x545.jpg]
[smartupvisuals.com/wp-content/uploads/2021/10/DSC07407-2-1428x845.jpg]
[smartupvisuals.com/wp-content/uploads/2021/10/DSC07347-1428x952.jpg]
[smartupvisuals.com/wp-content/uploads/2021/10/live-scribing-hand-drawing-mural-coworking-space-unique-design-interior-1428x1428.jpg]
[smartupvisuals.com/wp-content/uploads/2021/10/Rise-mural-1-1428x1428.jpg]
[smartupvisuals.com/wp-content/uploads/2021/10/Rise-board-edited-insta-1428x1430.jpg]
[smartupvisuals.com/wp-content/uploads/2021/10/mural.jpg]
[smartupvisuals.com/index2752.html]
[smartupvisuals.com/wp-content/uploads/2021/10/Visual-Era-and-Millenials-1428x806.png]
[smartupvisuals.com/wp-content/uploads/2021/10/Millenials-1428x1291.png]
[smartupvisuals.com/wp-content/uploads/2021/10/Visual-content-online-1428x1363.png]
[smartupvisuals.com/index1c43.html]
[smartupvisuals.com/wp-content/uploads/2021/10/Business-challenges-01-01-1-1428x869.png]
[smartupvisuals.com/index5dd3.html]
[smartupvisuals.com/wp-content/uploads/2021/09/Blog_TikTok_illustration-3-01-1428x1028.png]
[smartupvisuals.com/index8054.html]
[smartupvisuals.com/wp-content/uploads/2021/09/Blog_TikTok_illustration-01-520x520.png]
[smartupvisuals.com/wp-content/uploads/2021/09/Blog_TikTok_illustration-2-01-520x520.png]
[smartupvisuals.com/index876b.html]
[smartupvisuals.com/index5b54.html]
[smartupvisuals.com/wp-content/uploads/2021/09/The-Onboarding-Journey-RGB-V-1-copy-01.png]
[smartupvisuals.com/wp-content/uploads/2021/09/NCS-community-1-520x520.png]
[smartupvisuals.com/index5b54.html]
