[www.vovi.studio/index.html]
[backblue.gif]
[fade.gif]
[index.html]
[www.vovi.studio/works.html]
[www.vovi.studio/about.html]
[www.vovi.studio/blog.html]
[www.vovi.studio/services/brands.html]
[www.vovi.studio/services/digital-marketing.html]
[www.vovi.studio/services/video.html]
[www.vovi.studio/works/beyond.html]
[www.vovi.studio/works/stryve.html]
[www.vovi.studio/works/stanleys.html]
[www.vovi.studio/works/ocean-bottle.html]
[www.vovi.studio/works/the-seaweed-company.html]
[www.vovi.studio/cinema.html]
[www.vovi.studio/blog/its-official-were-a-webflow-professional-partner.html]
[www.vovi.studio/blog/our-favourite-moments-from-this-years-earth-day-stream.html]
[www.vovi.studio/index.html]
[www.vovi.studio/works/cloe-cassandro.html]
[www.vovi.studio/works/project-giving-back.html]
[www.vovi.studio/works/le-grand-societe.html]
[www.vovi.studio/works/the-salad-project.html]
[www.vovi.studio/works.html]
[www.vovi.studio/about.html]
[www.vovi.studio/blog.html]
[www.vovi.studio/services/brands.html]
[www.vovi.studio/services/digital-marketing.html]
[www.vovi.studio/services/video.html]
[www.vovi.studio/works/beyond.html]
[www.vovi.studio/works/stryve.html]
[www.vovi.studio/works/stanleys.html]
[www.vovi.studio/works/ocean-bottle.html]
[www.vovi.studio/works/the-seaweed-company.html]
[www.vovi.studio/cinema.html]
[www.vovi.studio/blog/its-official-were-a-webflow-professional-partner.html]
[www.vovi.studio/blog/our-favourite-moments-from-this-years-earth-day-stream.html]
[www.vovi.studio/works/cloe-cassandro.html]
[www.vovi.studio/works/project-giving-back.html]
[www.vovi.studio/works/le-grand-societe.html]
[www.vovi.studio/works/the-salad-project.html]
[www.vovi.studio/our-services]
[www.vovi.studio/contact]
[www.vovi.studio/services/websites]
[www.vovi.studio/blog/static-studio-seeks-illustrating-animator-to-help-get-them-moving]
[www.vovi.studio/works/safari-drive]
[www.vovi.studio/blog/evian-target-100-recycled-plastic]
[www.vovi.studio/blog/what-is-sustainable-marketing]
