[www.dariaizbash.com/index.html]
[backblue.gif]
[fade.gif]
[index.html]
[www.dariaizbash.com/projects.html]
[www.dariaizbash.com/about.html]
[www.dariaizbash.com/project/the-child-of-the-typhoon.html]
[www.dariaizbash.com/project/autumn-in-june.html]
[www.dariaizbash.com/project/unseen.html]
[www.dariaizbash.com/project/sparks-of-vivid-dreams.html]
[www.dariaizbash.com/index.html]
[www.dariaizbash.com/project/waves-flutter.html]
[www.dariaizbash.com/project/blur.html]
[www.dariaizbash.com/project/love-from-within.html]
[www.dariaizbash.com/project/here-today-gone-tomorrow.html]
[www.dariaizbash.com/project/white-oleander.html]
[www.dariaizbash.com/projects.html]
[www.dariaizbash.com/about.html]
[www.dariaizbash.com/project/the-child-of-the-typhoon.html]
[www.dariaizbash.com/project/autumn-in-june.html]
[www.dariaizbash.com/project/unseen.html]
[www.dariaizbash.com/project/sparks-of-vivid-dreams.html]
[www.dariaizbash.com/project/waves-flutter.html]
[www.dariaizbash.com/project/blur.html]
[www.dariaizbash.com/project/love-from-within.html]
[www.dariaizbash.com/project/here-today-gone-tomorrow.html]
[www.dariaizbash.com/project/white-oleander.html]
[www.dariaizbash.com/_https_/uploads-ssl.webflow.com/60e1a40f2278dc1f5e50dace/60f7243b70b18e62acd1f0f1_back-poster-00001.jpg_]
[www.dariaizbash.com/project/shanghai-nights]
[www.dariaizbash.com/project/alter-ego]
[www.dariaizbash.com/project/ofelia]
[www.dariaizbash.com/project/life-in-a-western]
