[moremedia.tv/index.html]
[backblue.gif]
[fade.gif]
[index.html]
[moremedia.tv/favicon.png]
[moremedia.tv/_nuxt/671e55a.js]
[moremedia.tv/_nuxt/f65aeb6.js]
[moremedia.tv/_nuxt/9948f1b.js]
[moremedia.tv/_nuxt/5689060.js]
[moremedia.tv/_nuxt/f2c538d.js]
[moremedia.tv/_nuxt/fonts/WhyteInktrap-Light.50726a9.woff2]
[moremedia.tv/_nuxt/fonts/WhyteInktrap-Light.1d97080.woff]
[moremedia.tv/_nuxt/fonts/WhyteInktrap-LightItalic.cca332d.woff2]
[moremedia.tv/_nuxt/fonts/WhyteInktrap-LightItalic.d302029.woff]
[moremedia.tv/_nuxt/fonts/WhyteInktrap-Regular.e765a3e.woff2]
[moremedia.tv/_nuxt/fonts/WhyteInktrap-Regular.c58851d.woff]
[moremedia.tv/_nuxt/fonts/WhyteInktrap-RegularItalic.e674181.woff2]
[moremedia.tv/_nuxt/fonts/WhyteInktrap-Medium.c6a82fe.woff2]
[moremedia.tv/_nuxt/fonts/WhyteInktrap-RegularItalic.a1e388c.woff]
[moremedia.tv/_nuxt/fonts/WhyteInktrap-Medium.6286118.woff]
[moremedia.tv/_nuxt/fonts/WhyteInktrap-MediumItalic.59b1eee.woff2]
[moremedia.tv/_nuxt/fonts/WhyteInktrap-MediumItalic.2bc6965.woff]
[moremedia.tv/_nuxt/static/1638563753/state.js]
[moremedia.tv/_nuxt/static/1638563753/payload.js]
[moremedia.tv/index.html]
[moremedia.tv/_nuxt/static/1638563753/manifest.js]
[moremedia.tv/creators/index.html]
[moremedia.tv/originals/index.html]
[moremedia.tv/about/index.html]
[moremedia.tv/news/index.html]
[moremedia.tv/contact/index.html]
[moremedia.tv/creators/david-quinn/mindbeacon-transit/index.html]
[moremedia.tv/_nuxt/41f28a8.js]
[moremedia.tv/featured/hold-me-down-short-film/index.html]
[moremedia.tv/featured/mastercard-spark-2/index.html]
[moremedia.tv/creators/ben-berman/old-spice-crab-beard-wash/index.html]
[moremedia.tv/_nuxt/049d007.js]
[moremedia.tv/featured/nfl-we-ready-3-0/index.html]
[moremedia.tv/featured/paralympics-its-whats-there/index.html]
[moremedia.tv/featured/mountain-dew-alaska/index.html]
[moremedia.tv/featured/nike-i-david/index.html]
[moremedia.tv/_nuxt/static/1638563753/creators/state.js]
[moremedia.tv/featured/apple-flying-cholitas/index.html]
[moremedia.tv/featured/old-spice-you-need-some-spice-music-video/index.html]
[moremedia.tv/creators/index.html]
[moremedia.tv/featured/progreso-the-journey-of-progress/index.html]
[moremedia.tv/_nuxt/static/1638563753/creators/payload.js]
[moremedia.tv/creators/ben-berman/index.html]
[moremedia.tv/featured/nowness-sight-unseen/index.html]
[moremedia.tv/_nuxt/307956c.js]
[moremedia.tv/creators/chaz-smith/index.html]
[moremedia.tv/creators/david-quinn/index.html]
[moremedia.tv/creators/joel-knoernschild/index.html]
[moremedia.tv/_nuxt/static/1638563753/originals/state.js]
[moremedia.tv/creators/nate-balli/index.html]
[moremedia.tv/creators/michael-james-johnson/index.html]
[moremedia.tv/creators/nathan-presley/index.html]
[moremedia.tv/originals/index.html]
[moremedia.tv/_nuxt/static/1638563753/originals/payload.js]
[moremedia.tv/creators/david-ebert/index.html]
[moremedia.tv/creators/niclas-gillis/index.html]
[moremedia.tv/originals/hold-me-down-short-film/index.html]
[moremedia.tv/_nuxt/885a4f9.js]
[moremedia.tv/originals/selfie-documentary/index.html]
[moremedia.tv/originals/tantrums-short-film/index.html]
[moremedia.tv/_nuxt/57b19b3.js]
[moremedia.tv/_nuxt/static/1638563753/about/state.js]
[moremedia.tv/_nuxt/static/1638563753/about/payload.js]
[moremedia.tv/about/google.20.delayed]
[moremedia.tv/about/index.html]
[moremedia.tv/_nuxt/c28eaf7.js]
[moremedia.tv/_nuxt/aac4dfc.js]
[moremedia.tv/_nuxt/static/1638563753/news/state.js]
[moremedia.tv/news/index.html]
[moremedia.tv/_nuxt/static/1638563753/news/payload.js]
[moremedia.tv/news/c/bts/index.html]
[moremedia.tv/news/c/culture/index.html]
[moremedia.tv/news/c/press/index.html]
[moremedia.tv/_nuxt/cd52779.js]
[moremedia.tv/news/p/david-quinn-has-an-incredible-mindbeacon/index.html]
[moremedia.tv/news/p/ben-bermans-latest-doc/index.html]
[moremedia.tv/news/p/niclas-gillis-feature-update/index.html]
[moremedia.tv/_nuxt/static/1638563753/contact/state.js]
[moremedia.tv/news/p/niclas-gillis-hold-me-down/index.html]
[moremedia.tv/news/p/on-set-with-michael-james-johnson/index.html]
[moremedia.tv/contact/index.html]
[moremedia.tv/_nuxt/static/1638563753/contact/payload.js]
[moremedia.tv/_nuxt/028dbb4.js]
[moremedia.tv/_nuxt/5efaa49.js]
[moremedia.tv/_nuxt/16e040b.js]
[moremedia.tv/_nuxt/e896d70.js]
[moremedia.tv/_nuxt/static/1638563753/creators/david-quinn/mindbeacon-transit/state.js]
[moremedia.tv/creators/david-quinn/mindbeacon-transit/index.html]
[moremedia.tv/_nuxt/static/1638563753/creators/david-quinn/mindbeacon-transit/payload.js]
[moremedia.tv/_nuxt/static/1638563753/featured/mastercard-spark-2/state.js]
[moremedia.tv/creators/david-quinn/one-drop-more-firsts/index.html]
[moremedia.tv/creators/david-quinn/paralympics-its-whats-there/index.html]
[moremedia.tv/featured/mastercard-spark-2/index.html]
[moremedia.tv/_nuxt/static/1638563753/featured/mastercard-spark-2/payload.js]
[moremedia.tv/_nuxt/static/1638563753/creators/ben-berman/old-spice-crab-beard-wash/state.js]
[moremedia.tv/featured/mastercard-spark/index.html]
[moremedia.tv/featured/old-spice-bear-wash/index.html]
[moremedia.tv/creators/ben-berman/old-spice-crab-beard-wash/index.html]
[moremedia.tv/_nuxt/static/1638563753/creators/ben-berman/old-spice-crab-beard-wash/payload.js]
[moremedia.tv/_nuxt/static/1638563753/featured/hold-me-down-short-film/state.js]
[moremedia.tv/creators/ben-berman/zappos-diorama/index.html]
[moremedia.tv/featured/hold-me-down-short-film/index.html]
[moremedia.tv/_nuxt/static/1638563753/featured/hold-me-down-short-film/payload.js]
[moremedia.tv/_nuxt/static/1638563753/featured/paralympics-its-whats-there/state.js]
[moremedia.tv/featured/paralympics-its-whats-there/index.html]
[moremedia.tv/_nuxt/static/1638563753/featured/paralympics-its-whats-there/payload.js]
[moremedia.tv/_nuxt/static/1638563753/featured/nfl-we-ready-3-0/state.js]
[moremedia.tv/featured/nfl-we-ready-3-0/index.html]
[moremedia.tv/_nuxt/static/1638563753/featured/nfl-we-ready-3-0/payload.js]
[moremedia.tv/_nuxt/static/1638563753/featured/mountain-dew-alaska/state.js]
[moremedia.tv/featured/mountain-dew-alaska/index.html]
[moremedia.tv/_nuxt/static/1638563753/featured/mountain-dew-alaska/payload.js]
[moremedia.tv/_nuxt/static/1638563753/featured/old-spice-you-need-some-spice-music-video/state.js]
[moremedia.tv/featured/old-spice-you-need-some-spice-music-video/index.html]
[moremedia.tv/_nuxt/static/1638563753/featured/old-spice-you-need-some-spice-music-video/payload.js]
[moremedia.tv/_nuxt/static/1638563753/featured/apple-flying-cholitas/state.js]
[moremedia.tv/featured/apple-flying-cholitas/index.html]
[moremedia.tv/_nuxt/static/1638563753/featured/apple-flying-cholitas/payload.js]
[moremedia.tv/_nuxt/static/1638563753/featured/nike-i-david/state.js]
[moremedia.tv/featured/nike-i-david/index.html]
[moremedia.tv/_nuxt/static/1638563753/featured/nike-i-david/payload.js]
[moremedia.tv/_nuxt/static/1638563753/featured/progreso-the-journey-of-progress/state.js]
[moremedia.tv/featured/progreso-the-journey-of-progress/index.html]
[moremedia.tv/_nuxt/static/1638563753/featured/progreso-the-journey-of-progress/payload.js]
[moremedia.tv/_nuxt/static/1638563753/featured/nowness-sight-unseen/state.js]
[moremedia.tv/featured/nowness-sight-unseen/index.html]
[moremedia.tv/_nuxt/static/1638563753/featured/nowness-sight-unseen/payload.js]
[moremedia.tv/_nuxt/a0036a2.js]
[moremedia.tv/_nuxt/static/1638563753/creators/ben-berman/state.js]
[moremedia.tv/creators/ben-berman/index.html]
[moremedia.tv/_nuxt/static/1638563753/creators/ben-berman/payload.js]
[moremedia.tv/_nuxt/static/1638563753/creators/david-quinn/state.js]
[moremedia.tv/creators/ben-berman/kahlua-coach-kahlua/index.html]
[moremedia.tv/creators/ben-berman/big-o-tires-oh-no/index.html]
[moremedia.tv/creators/david-quinn/index.html]
[moremedia.tv/_nuxt/static/1638563753/creators/david-quinn/payload.js]
[moremedia.tv/_nuxt/static/1638563753/creators/chaz-smith/state.js]
[moremedia.tv/creators/david-quinn/mastercard-spark/index.html]
[moremedia.tv/creators/chaz-smith/index.html]
[moremedia.tv/_nuxt/static/1638563753/creators/chaz-smith/payload.js]
[moremedia.tv/creators/chaz-smith/old-spice-you-need-some-spice-pt-2/index.html]
[moremedia.tv/creators/chaz-smith/burger-king-1-your-way/index.html]
[moremedia.tv/creators/chaz-smith/old-spice-you-need-some-spice-pt-1/index.html]
[moremedia.tv/_nuxt/static/1638563753/creators/joel-knoernschild/state.js]
[moremedia.tv/creators/chaz-smith/dell-when-your-siblings-wont-leave-you-alone/index.html]
[moremedia.tv/creators/joel-knoernschild/index.html]
[moremedia.tv/_nuxt/static/1638563753/creators/joel-knoernschild/payload.js]
[moremedia.tv/creators/joel-knoernschild/lulu-lemon-here-to-be/index.html]
[moremedia.tv/creators/joel-knoernschild/nowness-sight-unseen/index.html]
[moremedia.tv/creators/joel-knoernschild/fx-pose-season-1/index.html]
[moremedia.tv/_nuxt/static/1638563753/creators/michael-james-johnson/state.js]
[moremedia.tv/creators/joel-knoernschild/rothys-sandal/index.html]
[moremedia.tv/creators/michael-james-johnson/index.html]
[moremedia.tv/_nuxt/static/1638563753/creators/michael-james-johnson/payload.js]
[moremedia.tv/creators/michael-james-johnson/apple-flying-cholitas/index.html]
[moremedia.tv/creators/michael-james-johnson/adidas-21-savage/index.html]
[moremedia.tv/creators/michael-james-johnson/patron-60-hands/index.html]
[moremedia.tv/_nuxt/static/1638563753/creators/nathan-presley/state.js]
[moremedia.tv/creators/michael-james-johnson/dignity-health-mindfulness-healing-with-jewel/index.html]
[moremedia.tv/creators/nathan-presley/index.html]
[moremedia.tv/_nuxt/static/1638563753/creators/nathan-presley/payload.js]
[moremedia.tv/creators/nathan-presley/nike-its-only-a-dream-until-you-do-it/index.html]
[moremedia.tv/creators/nathan-presley/black-optical-summer-nights/index.html]
[moremedia.tv/creators/nathan-presley/the-kooples-ss20-campaign/index.html]
[moremedia.tv/_nuxt/static/1638563753/creators/nate-balli/state.js]
[moremedia.tv/creators/nate-balli/index.html]
[moremedia.tv/_nuxt/static/1638563753/creators/nate-balli/payload.js]
[moremedia.tv/creators/nate-balli/under-armour-we-will/index.html]
[moremedia.tv/creators/nate-balli/mountain-dew-alaska/index.html]
[moremedia.tv/creators/nate-balli/journey-of-progress-documentary/index.html]
[moremedia.tv/_nuxt/static/1638563753/creators/david-ebert/state.js]
[moremedia.tv/creators/david-ebert/index.html]
[moremedia.tv/_nuxt/static/1638563753/creators/david-ebert/payload.js]
[moremedia.tv/creators/david-ebert/jose-cuervo-dillion-francis/index.html]
[moremedia.tv/creators/david-ebert/netflix-by-bots-valentines-day/index.html]
[moremedia.tv/creators/david-ebert/digit-something-smart/index.html]
[moremedia.tv/_nuxt/static/1638563753/creators/niclas-gillis/state.js]
[moremedia.tv/creators/niclas-gillis/index.html]
[moremedia.tv/_nuxt/static/1638563753/creators/niclas-gillis/payload.js]
[moremedia.tv/creators/david-ebert/busch-beer-wedding/index.html]
[moremedia.tv/creators/niclas-gillis/hold-me-down-teaser-trailer/index.html]
[moremedia.tv/creators/niclas-gillis/nike-i-david/index.html]
[moremedia.tv/creators/niclas-gillis/imagista-min-liu/index.html]
[moremedia.tv/_nuxt/static/1638563753/originals/hold-me-down-short-film/state.js]
[moremedia.tv/originals/hold-me-down-short-film/index.html]
[moremedia.tv/_nuxt/static/1638563753/originals/hold-me-down-short-film/payload.js]
[moremedia.tv/_nuxt/static/1638563753/originals/tantrums-short-film/state.js]
[moremedia.tv/originals/tantrums-short-film/index.html]
[moremedia.tv/_nuxt/static/1638563753/originals/tantrums-short-film/payload.js]
[moremedia.tv/_nuxt/static/1638563753/originals/selfie-documentary/state.js]
[moremedia.tv/originals/selfie-documentary/index.html]
[moremedia.tv/about/google.html]
[moremedia.tv/_nuxt/static/1638563753/originals/selfie-documentary/payload.js]
[moremedia.tv/_nuxt/static/1638563753/news/c/bts/state.js]
[moremedia.tv/news/c/bts/index.html]
[moremedia.tv/_nuxt/static/1638563753/news/c/bts/payload.js]
[moremedia.tv/_nuxt/static/1638563753/news/c/culture/state.js]
[moremedia.tv/news/c/culture/index.html]
[moremedia.tv/_nuxt/static/1638563753/news/c/culture/payload.js]
[moremedia.tv/_nuxt/static/1638563753/news/c/press/state.js]
[moremedia.tv/news/c/press/index.html]
[moremedia.tv/_nuxt/static/1638563753/news/c/press/payload.js]
[moremedia.tv/_nuxt/3613ce2.js]
[moremedia.tv/_nuxt/d873a45.js]
[moremedia.tv/_nuxt/eddc6f7.js]
[moremedia.tv/_nuxt/455672d.js]
[moremedia.tv/_nuxt/static/1638563753/news/p/david-quinn-has-an-incredible-mindbeacon/state.js]
[moremedia.tv/news/p/david-quinn-has-an-incredible-mindbeacon/index.html]
[moremedia.tv/_nuxt/static/1638563753/news/p/david-quinn-has-an-incredible-mindbeacon/payload.js]
[moremedia.tv/_nuxt/4c1c28e.js]
[moremedia.tv/_nuxt/static/1638563753/news/p/ben-bermans-latest-doc/state.js]
[moremedia.tv/news/p/ben-bermans-latest-doc/index.html]
[moremedia.tv/_nuxt/static/1638563753/news/p/ben-bermans-latest-doc/payload.js]
[moremedia.tv/_nuxt/1df6ac1.js]
[moremedia.tv/_nuxt/static/1638563753/news/p/niclas-gillis-feature-update/state.js]
[moremedia.tv/news/p/niclas-gillis-feature-update/index.html]
[moremedia.tv/_nuxt/static/1638563753/news/p/niclas-gillis-feature-update/payload.js]
[moremedia.tv/_nuxt/bb4d4c1.js]
[moremedia.tv/_nuxt/static/1638563753/news/p/niclas-gillis-hold-me-down/state.js]
[moremedia.tv/news/p/niclas-gillis-hold-me-down/index.html]
[moremedia.tv/_nuxt/static/1638563753/news/p/niclas-gillis-hold-me-down/payload.js]
[moremedia.tv/_nuxt/static/1638563753/news/p/on-set-with-michael-james-johnson/state.js]
[moremedia.tv/news/p/on-set-with-michael-james-johnson/index.html]
[moremedia.tv/_nuxt/static/1638563753/news/p/on-set-with-michael-james-johnson/payload.js]
[moremedia.tv/_nuxt/static/1638563753/creators/david-quinn/one-drop-more-firsts/state.js]
[moremedia.tv/creators/david-quinn/one-drop-more-firsts/index.html]
[moremedia.tv/_nuxt/static/1638563753/creators/david-quinn/one-drop-more-firsts/payload.js]
[moremedia.tv/_nuxt/static/1638563753/creators/david-quinn/paralympics-its-whats-there/state.js]
[moremedia.tv/creators/david-quinn/paralympics-its-whats-there/index.html]
[moremedia.tv/_nuxt/static/1638563753/creators/david-quinn/paralympics-its-whats-there/payload.js]
[moremedia.tv/_nuxt/static/1638563753/featured/old-spice-bear-wash/state.js]
[moremedia.tv/featured/old-spice-bear-wash/index.html]
[moremedia.tv/_nuxt/static/1638563753/featured/old-spice-bear-wash/payload.js]
[moremedia.tv/_nuxt/static/1638563753/featured/mastercard-spark/state.js]
[moremedia.tv/featured/mastercard-spark/index.html]
[moremedia.tv/_nuxt/static/1638563753/featured/mastercard-spark/payload.js]
[moremedia.tv/_nuxt/static/1638563753/creators/ben-berman/zappos-diorama/state.js]
[moremedia.tv/creators/ben-berman/zappos-diorama/index.html]
[moremedia.tv/_nuxt/static/1638563753/creators/ben-berman/zappos-diorama/payload.js]
[moremedia.tv/_nuxt/static/1638563753/creators/ben-berman/kahlua-coach-kahlua/state.js]
[moremedia.tv/creators/ben-berman/kahlua-coach-kahlua/index.html]
[moremedia.tv/_nuxt/static/1638563753/creators/ben-berman/kahlua-coach-kahlua/payload.js]
[moremedia.tv/_nuxt/static/1638563753/creators/ben-berman/big-o-tires-oh-no/state.js]
[moremedia.tv/creators/ben-berman/big-o-tires-oh-no/index.html]
[moremedia.tv/_nuxt/static/1638563753/creators/ben-berman/big-o-tires-oh-no/payload.js]
[moremedia.tv/_nuxt/static/1638563753/creators/david-quinn/mastercard-spark/state.js]
[moremedia.tv/creators/david-quinn/mastercard-spark/index.html]
[moremedia.tv/_nuxt/static/1638563753/creators/david-quinn/mastercard-spark/payload.js]
[moremedia.tv/_nuxt/static/1638563753/creators/chaz-smith/old-spice-you-need-some-spice-pt-1/state.js]
[moremedia.tv/creators/chaz-smith/old-spice-you-need-some-spice-pt-1/index.html]
[moremedia.tv/_nuxt/static/1638563753/creators/chaz-smith/old-spice-you-need-some-spice-pt-1/payload.js]
[moremedia.tv/_nuxt/static/1638563753/creators/chaz-smith/old-spice-you-need-some-spice-pt-2/state.js]
[moremedia.tv/creators/chaz-smith/old-spice-you-need-some-spice-pt-2/index.html]
[moremedia.tv/_nuxt/static/1638563753/creators/chaz-smith/old-spice-you-need-some-spice-pt-2/payload.js]
[moremedia.tv/_nuxt/static/1638563753/creators/chaz-smith/burger-king-1-your-way/state.js]
[moremedia.tv/creators/chaz-smith/burger-king-1-your-way/index.html]
[moremedia.tv/_nuxt/static/1638563753/creators/chaz-smith/burger-king-1-your-way/payload.js]
[moremedia.tv/_nuxt/static/1638563753/creators/chaz-smith/dell-when-your-siblings-wont-leave-you-alone/state.js]
[moremedia.tv/creators/chaz-smith/dell-when-your-siblings-wont-leave-you-alone/index.html]
[moremedia.tv/_nuxt/static/1638563753/creators/chaz-smith/dell-when-your-siblings-wont-leave-you-alone/payload.js]
[moremedia.tv/_nuxt/static/1638563753/creators/joel-knoernschild/nowness-sight-unseen/state.js]
[moremedia.tv/creators/joel-knoernschild/nowness-sight-unseen/index.html]
[moremedia.tv/_nuxt/static/1638563753/creators/joel-knoernschild/nowness-sight-unseen/payload.js]
[moremedia.tv/_nuxt/static/1638563753/creators/joel-knoernschild/fx-pose-season-1/state.js]
[moremedia.tv/creators/joel-knoernschild/fx-pose-season-1/index.html]
[moremedia.tv/_nuxt/static/1638563753/creators/joel-knoernschild/fx-pose-season-1/payload.js]
[moremedia.tv/_nuxt/static/1638563753/creators/joel-knoernschild/lulu-lemon-here-to-be/state.js]
[moremedia.tv/creators/joel-knoernschild/lulu-lemon-here-to-be/index.html]
[moremedia.tv/_nuxt/static/1638563753/creators/joel-knoernschild/lulu-lemon-here-to-be/payload.js]
[moremedia.tv/_nuxt/static/1638563753/creators/joel-knoernschild/rothys-sandal/state.js]
[moremedia.tv/creators/joel-knoernschild/rothys-sandal/index.html]
[moremedia.tv/_nuxt/static/1638563753/creators/joel-knoernschild/rothys-sandal/payload.js]
[moremedia.tv/_nuxt/static/1638563753/creators/michael-james-johnson/apple-flying-cholitas/state.js]
[moremedia.tv/creators/michael-james-johnson/apple-flying-cholitas/index.html]
[moremedia.tv/_nuxt/static/1638563753/creators/michael-james-johnson/apple-flying-cholitas/payload.js]
[moremedia.tv/_nuxt/static/1638563753/creators/michael-james-johnson/adidas-21-savage/state.js]
[moremedia.tv/creators/michael-james-johnson/adidas-21-savage/index.html]
[moremedia.tv/_nuxt/static/1638563753/creators/michael-james-johnson/adidas-21-savage/payload.js]
[moremedia.tv/_nuxt/static/1638563753/creators/michael-james-johnson/patron-60-hands/state.js]
[moremedia.tv/creators/michael-james-johnson/patron-60-hands/index.html]
[moremedia.tv/_nuxt/static/1638563753/creators/michael-james-johnson/patron-60-hands/payload.js]
[moremedia.tv/_nuxt/static/1638563753/creators/michael-james-johnson/dignity-health-mindfulness-healing-with-jewel/state.js]
[moremedia.tv/creators/michael-james-johnson/dignity-health-mindfulness-healing-with-jewel/index.html]
[moremedia.tv/_nuxt/static/1638563753/creators/michael-james-johnson/dignity-health-mindfulness-healing-with-jewel/payload.js]
[moremedia.tv/_nuxt/static/1638563753/creators/nathan-presley/nike-its-only-a-dream-until-you-do-it/state.js]
[moremedia.tv/creators/nathan-presley/nike-its-only-a-dream-until-you-do-it/index.html]
[moremedia.tv/_nuxt/static/1638563753/creators/nathan-presley/nike-its-only-a-dream-until-you-do-it/payload.js]
[moremedia.tv/_nuxt/static/1638563753/creators/nathan-presley/black-optical-summer-nights/state.js]
[moremedia.tv/creators/nathan-presley/black-optical-summer-nights/index.html]
[moremedia.tv/_nuxt/static/1638563753/creators/nathan-presley/black-optical-summer-nights/payload.js]
[moremedia.tv/_nuxt/static/1638563753/creators/nathan-presley/the-kooples-ss20-campaign/state.js]
[moremedia.tv/creators/nathan-presley/the-kooples-ss20-campaign/index.html]
[moremedia.tv/_nuxt/static/1638563753/creators/nathan-presley/the-kooples-ss20-campaign/payload.js]
[moremedia.tv/_nuxt/static/1638563753/creators/nate-balli/mountain-dew-alaska/state.js]
[moremedia.tv/creators/nate-balli/mountain-dew-alaska/index.html]
[moremedia.tv/_nuxt/static/1638563753/creators/nate-balli/mountain-dew-alaska/payload.js]
[moremedia.tv/_nuxt/static/1638563753/creators/nate-balli/journey-of-progress-documentary/state.js]
[moremedia.tv/creators/nate-balli/journey-of-progress-documentary/index.html]
[moremedia.tv/_nuxt/static/1638563753/creators/nate-balli/journey-of-progress-documentary/payload.js]
[moremedia.tv/_nuxt/static/1638563753/creators/nate-balli/under-armour-we-will/state.js]
[moremedia.tv/creators/nate-balli/under-armour-we-will/index.html]
[moremedia.tv/_nuxt/static/1638563753/creators/nate-balli/under-armour-we-will/payload.js]
[moremedia.tv/_nuxt/static/1638563753/creators/david-ebert/netflix-by-bots-valentines-day/state.js]
[moremedia.tv/creators/david-ebert/netflix-by-bots-valentines-day/index.html]
[moremedia.tv/_nuxt/static/1638563753/creators/david-ebert/netflix-by-bots-valentines-day/payload.js]
[moremedia.tv/_nuxt/static/1638563753/creators/david-ebert/jose-cuervo-dillion-francis/state.js]
[moremedia.tv/creators/david-ebert/jose-cuervo-dillion-francis/index.html]
[moremedia.tv/_nuxt/static/1638563753/creators/david-ebert/jose-cuervo-dillion-francis/payload.js]
[moremedia.tv/_nuxt/static/1638563753/creators/david-ebert/digit-something-smart/state.js]
[moremedia.tv/creators/david-ebert/digit-something-smart/index.html]
[moremedia.tv/_nuxt/static/1638563753/creators/david-ebert/digit-something-smart/payload.js]
[moremedia.tv/_nuxt/static/1638563753/creators/david-ebert/busch-beer-wedding/state.js]
[moremedia.tv/creators/david-ebert/busch-beer-wedding/index.html]
[moremedia.tv/_nuxt/static/1638563753/creators/david-ebert/busch-beer-wedding/payload.js]
[moremedia.tv/_nuxt/static/1638563753/creators/niclas-gillis/nike-i-david/state.js]
[moremedia.tv/creators/niclas-gillis/nike-i-david/index.html]
[moremedia.tv/_nuxt/static/1638563753/creators/niclas-gillis/nike-i-david/payload.js]
[moremedia.tv/_nuxt/static/1638563753/creators/niclas-gillis/hold-me-down-teaser-trailer/state.js]
[moremedia.tv/creators/niclas-gillis/hold-me-down-teaser-trailer/index.html]
[moremedia.tv/_nuxt/static/1638563753/creators/niclas-gillis/hold-me-down-teaser-trailer/payload.js]
[moremedia.tv/_nuxt/static/1638563753/creators/niclas-gillis/imagista-min-liu/state.js]
[moremedia.tv/creators/niclas-gillis/imagista-min-liu/index.html]
[moremedia.tv/_nuxt/static/1638563753/creators/niclas-gillis/imagista-min-liu/payload.js]
